07-04 09:54:54.453 18477 18477 D NetworkSecurityConfig: Using Network Security Config from resource photos_enablecertificatetransparency_network_security_config debugBuild: false
07-04 09:54:54.454  1776 10487 I OMX-VDEC-1080P: set_frame_rate: the current time is 95454
07-04 09:54:54.457 18477 18477 D NetworkSecurityConfig: Using Network Security Config from resource photos_enablecertificatetransparency_network_security_config debugBuild: false
07-04 09:54:54.458 15331 15537 I TRuntime.CctTransportBackend: Status Code: 200
07-04 09:54:54.463  3359  3359 E LauncherAnimationRunner: finish: mFinishRunnable.run
07-04 09:54:54.471 10439 10439 I MiuiWallpaper-MiuiKeyguardPictorialWallpaper: onVisibilityChanged, visible = false
07-04 09:54:54.476 10439 10439 I MiuiWallpaper-ImageWallpaper: onVisibilityChanged, visible = false
07-04 09:54:54.476 10439 10439 I MiuiWallpaper-DesktopVideoEngineImplMPL: call pause, current state = MEDIA_PLAYER_STARTED
07-04 09:54:54.477 18515 18515 D nativeloader: Configuring clns-4 for other apk /system/framework/org.apache.http.legacy.jar. target_sdk_version=34, uses_libraries=ALL, library_path=/data/app/~~S1XGA3dQ0DFMRd1zahj9xg==/com.xiaomi.mipicks-TlSN9PUM_vMZXnYqZ7NVdA==/lib/arm64:/data/app/~~S1XGA3dQ0DFMRd1zahj9xg==/com.xiaomi.mipicks-TlSN9PUM_vMZXnYqZ7NVdA==/base.apk!/lib/arm64-v8a, permitted_path=/data:/mnt/expand:/data/user/0/com.xiaomi.mipicks
07-04 09:54:54.477 18515 18515 D nativeloader: Extending system_exposed_libraries: libbinauralrenderer_wrapper.qti.so:libhoaeffects.qti.so:libQOC.qti.so:libmisys_jni.xiaomi.so:libxiaomi_modemdumpsdx55_jni.modem.so:libxiaomi_modemdump_jni.modem.so:libupdateprof.qti.so:libthermalclient.qti.so:libQOC.qti.so:libdiag_system.qti.so:libqape.qti.so:liblistenjni.qti.so
07-04 09:54:54.478  1120  1120 I MI-SF   : surfaceflinger setAffinity mode=0
07-04 09:54:54.478  7696  7897 I AppActiveChecker: uid:10203change to inactive
07-04 09:54:54.479  2071  2731 I MiuiNetworkPolicy: updateUidState uid = 10314, uidState = 10
07-04 09:54:54.481  1755 25284 D NuPlayerDriver: pause(0xeaf75d60)
07-04 09:54:54.482  2071  2731 I MiuiNetworkPolicy: updateUidState uid = 10314, uidState = 19
07-04 09:54:54.484 18452 18511 I SystemUpdate-LocalAppManager: load local apps from system : finish
07-04 09:54:54.487  2071  2105 D SchedBoost: com.mi.android.globallauncher boosting, skip reset priority
07-04 09:54:54.487  2071  2105 D SchedBoost: com.mi.android.globallauncher boosting, skip reset priority
07-04 09:54:54.489  1776 10487 I OMX-VDEC-1080P: set_frame_rate: the current time is 95454
07-04 09:54:54.490  2071  5865 I SmartPower.com.google.android.googlequicksearchbox:googleapp/10163(11024): visible->invisible(438530ms) R(become invisible) adj=100.
07-04 09:54:54.490  2071  5865 I SmartPower.com.google.android.googlequicksearchbox:search/10163(9919): invisible->background(438531ms) R(become background) adj=800.
07-04 09:54:54.490  2071  5865 I SmartPower.com.google.android.googlequicksearchbox:googleapp/10163(11024): invisible->background(1ms) R(become background) adj=100.
07-04 09:54:54.490  2071  5865 I SmartPower.com.google.android.googlequicksearchbox:interactor/10163(4930): invisible->background(438531ms) R(become background) adj=100.
07-04 09:54:54.496  2071  2071 D MediaRouter: onRestoreRoute() : route=RouteInfo{ name=Phone, description=null, status=null, category=RouteCategory{ name=System types=ROUTE_TYPE_LIVE_AUDIO ROUTE_TYPE_LIVE_VIDEO  groupable=false }, supportedTypes=ROUTE_TYPE_LIVE_AUDIO ROUTE_TYPE_LIVE_VIDEO , presentationDisplay=null }
07-04 09:54:54.496  2071  2071 V MediaRouter: Selecting route: RouteInfo{ name=Phone, description=null, status=null, category=RouteCategory{ name=System types=ROUTE_TYPE_LIVE_AUDIO ROUTE_TYPE_LIVE_VIDEO  groupable=false }, supportedTypes=ROUTE_TYPE_LIVE_AUDIO ROUTE_TYPE_LIVE_VIDEO , presentationDisplay=null }
07-04 09:54:54.497  1618  1962 D Avrcp_ext: AudioManager Player: AudioPlaybackConfiguration piid:71 deviceId:0 type:android.media.SoundPool u/pid:10149/3359 state:started attr:AudioAttributes: usage=USAGE_ASSISTANCE_SONIFICATION content=CONTENT_TYPE_SONIFICATION flags=0x800 tags= bundle=null sessionId:0
07-04 09:54:54.499  1618  1962 D Avrcp_ext: AudioManager Player in started state: com.mi.android.globallauncher
07-04 09:54:54.499  1618  1962 D Avrcp_ext: AudioManager Active Player: com.mi.android.globallauncher
07-04 09:54:54.499  1618  1962 D Avrcp_ext: AudioManager Player: AudioPlaybackConfiguration piid:8263 deviceId:0 type:android.media.MediaPlayer u/pid:10203/10439 state:paused attr:AudioAttributes: usage=USAGE_UNKNOWN content=CONTENT_TYPE_UNKNOWN flags=0x800 tags= bundle=null sessionId:0
07-04 09:54:54.499  1618  1962 D Avrcp_ext: AudioManager Player: AudioPlaybackConfiguration piid:79 deviceId:0 type:android.media.SoundPool u/pid:1000/3325 state:started attr:AudioAttributes: usage=USAGE_ASSISTANCE_SONIFICATION content=CONTENT_TYPE_SONIFICATION flags=0x800 tags= bundle=null sessionId:0
07-04 09:54:54.500  2071  4965 I ActivityManager: Cancel FGS notification userId: 0 definingUid: 10164 packageName: com.xiaomi.discover processName:com.xiaomi.discover ChannelId:com.xiaomi.discover_lowPriority foregroundNotiWhen:1751597694397 Notiflags:88
07-04 09:54:54.500  1618  1962 D Avrcp_ext: AudioManager Player in started state: com.android.systemui
07-04 09:54:54.500  1618  1962 D Avrcp_ext: AudioManager Player: AudioPlaybackConfiguration piid:55 deviceId:0 type:android.media.SoundPool u/pid:1000/2071 state:idle attr:AudioAttributes: usage=USAGE_ASSISTANCE_SONIFICATION content=CONTENT_TYPE_SONIFICATION flags=0x800 tags= bundle=null sessionId:0
07-04 09:54:54.500  1618  1962 D Avrcp_ext: AudioManager Player: AudioPlaybackConfiguration piid:87 deviceId:0 type:android.media.SoundPool u/pid:1027/4994 state:idle attr:AudioAttributes: usage=USAGE_ASSISTANCE_SONIFICATION content=CONTENT_TYPE_SONIFICATION flags=0x800 tags= bundle=null sessionId:0
07-04 09:54:54.500  1618  1962 D Avrcp_ext: AudioManager Player: AudioPlaybackConfiguration piid:1727 deviceId:0 type:android.media.SoundPool u/pid:10288/9504 state:started attr:AudioAttributes: usage=USAGE_VOICE_COMMUNICATION content=CONTENT_TYPE_SPEECH flags=0x800 tags= bundle=null sessionId:0
07-04 09:54:54.500  1618  1962 D Avrcp_ext: AudioManager Player: AudioPlaybackConfiguration piid:8351 deviceId:0 type:android.media.SoundPool u/pid:10281/17051 state:idle attr:AudioAttributes: usage=USAGE_ASSISTANCE_SONIFICATION content=CONTENT_TYPE_SONIFICATION flags=0x800 tags= bundle=null sessionId:0
07-04 09:54:54.501 18452 18452 I SystemUpdate-AppActiveStatService: stop forground service
07-04 09:54:54.501  7300 11051 D PMonitor:  onProcessDied:pid = 18452,died-uid=10164
07-04 09:54:54.501  2071  2103 D MediaProjectionManagerServiceStubImpl: handleForegroundServicesChanged
07-04 09:54:54.504  2071  2731 I MiuiNetworkPolicy: updateUidState uid = 10164, uidState = 10
07-04 09:54:54.507  2071  2731 I MiuiNetworkPolicy: updateUidState uid = 10164, uidState = 19
07-04 09:54:54.535  1117 32348 V APM_AudioPolicyMix: getOutputForAttr() querying 0 mixes:
07-04 09:54:54.536  1618  1962 D Avrcp_ext: AudioManager isPlaying: true, mAudioPlaybackIsActive: true, isMusiActive: false
07-04 09:54:54.540  2071  5865 D CompatibilityChangeReporter: Compat change id reported: 161145287; UID 10164; state: DISABLED
07-04 09:54:54.550 18452 18533 I SystemUpdate-AutoUpdateScheduler: [Update] scheduleAutoUpdateOnAppStart
07-04 09:54:54.556 18452 18511 D MarketSdk-MarketManager: currVersion: V816.0.3.0.TKHIDXM
07-04 09:54:54.556 18452 18511 D MarketSdk-MarketManager: targetVersion: V10.0.0.0
07-04 09:54:54.556 18452 18511 I SystemUpdate-MeteredUpdateConfirmUtils: set value to Settings: app_update_notify false
07-04 09:54:54.567 18452 18511 D CompatibilityChangeReporter: Compat change id reported: 183155436; UID 10164; state: ENABLED
07-04 09:54:54.570 18452 18511 D SessionsDependencies: Dependency to CRASHLYTICS added.
07-04 09:54:54.572 18452 18511 I FirebaseApp: Device unlocked: initializing all Firebase APIs for app [DEFAULT]
07-04 09:54:54.603 18515 18515 D nativeloader: Configuring clns-5 for other apk /data/app/~~S1XGA3dQ0DFMRd1zahj9xg==/com.xiaomi.mipicks-TlSN9PUM_vMZXnYqZ7NVdA==/base.apk. target_sdk_version=34, uses_libraries=, library_path=/data/app/~~S1XGA3dQ0DFMRd1zahj9xg==/com.xiaomi.mipicks-TlSN9PUM_vMZXnYqZ7NVdA==/lib/arm64:/data/app/~~S1XGA3dQ0DFMRd1zahj9xg==/com.xiaomi.mipicks-TlSN9PUM_vMZXnYqZ7NVdA==/base.apk!/lib/arm64-v8a, permitted_path=/data:/mnt/expand:/data/user/0/com.xiaomi.mipicks
07-04 09:54:54.609 18452 18511 D FirebaseSessions: Initializing Firebase Sessions SDK.
07-04 09:54:54.621 18452 18511 I FirebaseCrashlytics: Initializing Firebase Crashlytics 18.6.4 for com.xiaomi.discover
07-04 09:54:54.634 18452 18545 W xiaomi.discover: ClassLoaderContext classpath size mismatch. expected=1, found=0 (DLC[];PCL[base.apk*47260389]{PCL[/system/framework/org.apache.http.legacy.jar*1414085461]#PCL[/system/framework/com.android.media.remotedisplay.jar*3886290638]#PCL[/system/framework/com.android.location.provider.jar*3868789109]#PCL[/system/framework/org.apache.http.legacy.jar*1414085461]} | DLC[];PCL[])
07-04 09:54:54.640 18452 18545 I DynamiteModule: Considering local module com.google.android.gms.measurement.dynamite:107 and remote module com.google.android.gms.measurement.dynamite:151
07-04 09:54:54.641 18452 18545 I DynamiteModule: Selected remote version of com.google.android.gms.measurement.dynamite, version >= 151
07-04 09:54:54.641 18452 18545 V DynamiteModule: Dynamite loader version >= 2, using loadModule2NoCrashUtils
07-04 09:54:54.647 18446 18446 D vulkan  : searching for layers in '/data/app/~~-t5u8m13U_rnJCdt0h5Aww==/com.growME-6JpTeahm4I2XXUFm70F_NA==/lib/arm64'
07-04 09:54:54.647 18446 18446 D vulkan  : searching for layers in '/data/app/~~-t5u8m13U_rnJCdt0h5Aww==/com.growME-6JpTeahm4I2XXUFm70F_NA==/base.apk!/lib/arm64-v8a'
07-04 09:54:54.652 18452 18545 W System  : ClassLoader referenced unknown path: 
07-04 09:54:54.653 18446 18491 W com.growME: ClassLoaderContext classpath element checksum mismatch. expected=47260389, found=2582117619 (DLC[];PCL[base.apk*47260389]{PCL[/system/framework/org.apache.http.legacy.jar*1414085461]#PCL[/system/framework/com.android.media.remotedisplay.jar*3886290638]#PCL[/system/framework/com.android.location.provider.jar*3868789109]#PCL[/system/framework/org.apache.http.legacy.jar*1414085461]} | DLC[];PCL[/data/app/~~-t5u8m13U_rnJCdt0h5Aww==/com.growME-6JpTeahm4I2XXUFm70F_NA==/base.apk*2582117619])
07-04 09:54:54.653 18452 18545 D nativeloader: Configuring clns-5 for other apk . target_sdk_version=36, uses_libraries=, library_path=/data/app/~~upNWA7OdzWU6ghYqWRY0cQ==/com.google.android.gms-ywhP0rNeteCkJkY-4g3N_Q==/lib/arm64:/data/app/~~upNWA7OdzWU6ghYqWRY0cQ==/com.google.android.gms-ywhP0rNeteCkJkY-4g3N_Q==/base.apk!/lib/arm64-v8a, permitted_path=/data:/mnt/expand:/data/user/0/com.google.android.gms
07-04 09:54:54.663  3524  3524 D BoundBrokerSvc: onUnbind: Intent { act=com.google.android.gms.libs.gmscorelogger.service.START dat=chimera-action:/... cmp=com.google.android.gms/.chimera.PersistentDirectBootAwareApiService }
07-04 09:54:54.667 18452 18511 D SessionsDependencies: Subscriber CRASHLYTICS registered.
07-04 09:54:54.670 18452 18548 D LifecycleServiceBinder: Binding service to application.
07-04 09:54:54.672 18446 18446 I AdrenoVK-0: ===== BEGIN DUMP OF OVERRIDDEN SETTINGS =====
07-04 09:54:54.672 18446 18446 I AdrenoVK-0: ===== END DUMP OF OVERRIDDEN SETTINGS =====
07-04 09:54:54.672 18446 18446 I AdrenoVK-0: QUALCOMM build          : db3d445dbc, Ia06b22fa1a
07-04 09:54:54.672 18446 18446 I AdrenoVK-0: Build Date              : 10/04/21
07-04 09:54:54.672 18446 18446 I AdrenoVK-0: Shader Compiler Version : EV031.32.02.16
07-04 09:54:54.672 18446 18446 I AdrenoVK-0: Local Branch            : 
07-04 09:54:54.672 18446 18446 I AdrenoVK-0: Remote Branch           : 
07-04 09:54:54.672 18446 18446 I AdrenoVK-0: Remote Branch           : 
07-04 09:54:54.672 18446 18446 I AdrenoVK-0: Reconstruct Branch      : 
07-04 09:54:54.672 18446 18446 I AdrenoVK-0: Build Config            : S P 10.0.7 AArch64
07-04 09:54:54.672 18446 18446 I AdrenoVK-0: Driver Path             : /vendor/lib64/hw/vulkan.adreno.so
07-04 09:54:54.673 18452 18545 W xiaomi.discover: ClassLoaderContext classpath element checksum mismatch. expected=47260389, found=3433705647 (DLC[];PCL[base.apk*47260389]{PCL[/system/framework/org.apache.http.legacy.jar*1414085461]#PCL[/system/framework/com.android.media.remotedisplay.jar*3886290638]#PCL[/system/framework/com.android.location.provider.jar*3868789109]#PCL[/system/framework/org.apache.http.legacy.jar*1414085461]} | DLC[];PCL[/data/app/~~ChZwqswhIMzAqm-LJvUWYg==/com.xiaomi.discover-opi7h1tHpBo0v-jQCiTuWg==/base.apk*3433705647])
07-04 09:54:54.674  2071  2731 I MiuiNetworkPolicy: updateUidState uid = 10164, uidState = 10
07-04 09:54:54.676  2071  5865 D CompatibilityInfo: mCompatibilityFlags - 0
07-04 09:54:54.676  2071  5865 D CompatibilityInfo: applicationDensity - 440
07-04 09:54:54.676  2071  5865 D CompatibilityInfo: applicationScale - 1.0
07-04 09:54:54.682 18452 18452 D SessionLifecycleService: Service bound to new client on process 18452
07-04 09:54:54.684  2071  2731 I MiuiNetworkPolicy: updateUidState uid = 10164, uidState = 19
07-04 09:54:54.685 18452 18553 D SessionLifecycleService: App has not yet foregrounded. Using previously stored session: null
07-04 09:54:54.685 18452 18553 D SessionLifecycleService: Client android.os.Messenger@c5c44a6 bound at 92869628. Clients: 1
07-04 09:54:54.686 18452 18452 D SessionLifecycleClient: Connected to SessionLifecycleService. Queue size 0
07-04 09:54:54.690 18515 18515 D nativeloader: Load libframework-connectivity-jni.so using APEX ns com_android_tethering for caller /apex/com.android.tethering/javalib/framework-connectivity.jar: ok
07-04 09:54:54.692 18515 18515 I Perf    : Connecting to perf service.
07-04 09:54:54.700 18515 18515 V GraphicsEnvironment: ANGLE Developer option for 'com.xiaomi.mipicks' set to: 'default'
07-04 09:54:54.700 18515 18515 V GraphicsEnvironment: ANGLE GameManagerService for com.xiaomi.mipicks: false
07-04 09:54:54.700 18515 18515 V GraphicsEnvironment: App is not on the allowlist for updatable production driver.
07-04 09:54:54.706 18515 18515 I ForceDarkHelperStubImpl: initialize for com.xiaomi.mipicks , ForceDarkOrigin
07-04 09:54:54.708 18515 18515 D nativeloader: Load libforcedarkimpl.so using system ns (caller=/system_ext/framework/miui-framework.jar): ok
07-04 09:54:54.708 18515 18515 D .xiaomi.mipicks: JNI_OnLoad success
07-04 09:54:54.708 18515 18515 I MiuiForceDarkConfig: setConfig density:2.750000, mainRule:0, secondaryRule:0, tertiaryRule:0
07-04 09:54:54.710 18515 18515 D NetworkSecurityConfig: Using Network Security Config from resource network_security_config debugBuild: false
07-04 09:54:54.722 18446 18446 I AdrenoVK-0: QUALCOMM build          : db3d445dbc, Ia06b22fa1a
07-04 09:54:54.722 18446 18446 I AdrenoVK-0: Build Date              : 10/04/21
07-04 09:54:54.722 18446 18446 I AdrenoVK-0: Shader Compiler Version : EV031.32.02.16
07-04 09:54:54.722 18446 18446 I AdrenoVK-0: Local Branch            : 
07-04 09:54:54.722 18446 18446 I AdrenoVK-0: Remote Branch           : 
07-04 09:54:54.722 18446 18446 I AdrenoVK-0: Remote Branch           : 
07-04 09:54:54.722 18446 18446 I AdrenoVK-0: Reconstruct Branch      : 
07-04 09:54:54.722 18446 18446 I AdrenoVK-0: Build Config            : S P 10.0.7 AArch64
07-04 09:54:54.722 18446 18446 I AdrenoVK-0: Driver Path             : /vendor/lib64/hw/vulkan.adreno.so
07-04 09:54:54.725 18446 18446 I flutter : [IMPORTANT:flutter/shell/platform/android/android_context_vk_impeller.cc(61)] Using the Impeller rendering backend (Vulkan).
07-04 09:54:54.730 18515 18515 D NetworkSecurityConfig: Using Network Security Config from resource network_security_config debugBuild: false
07-04 09:54:54.731 22142 22142 D BoundBrokerSvc: onUnbind: Intent { act=com.google.android.gms.feedback.internal.IFeedbackService dat=chimera-action:/... cmp=com.google.android.gms/.chimera.GmsBoundBrokerService }
07-04 09:54:54.735 18452 18549 I FirebaseCrashlytics: No version control information found
07-04 09:54:54.744 18452 18511 E DeviceUtils: static init: ComputilityLevel Load Class Exception:java.lang.ClassNotFoundException: Didn't find class "com.miui.performance.ComputilityLevelUtils" on path: DexPathList[[zip file "/system/framework/MiuiBooster.jar"],nativeLibraryDirectories=[/system/lib64, /system_ext/lib64]]
07-04 09:54:54.749 18452 18511 D OT-PubSub-Sdk: updateDebugSwitch sEnable: false sDebugModefalse sDebugPropertyfalse
07-04 09:54:54.751 18452 18452 W FirebaseRemoteConfig: No value of type 'FirebaseRemoteConfigValue' exists for parameter key 'abKeyList'.
07-04 09:54:54.751 18452 18452 W FirebaseRemoteConfig: No value of type 'FirebaseRemoteConfigValue' exists for parameter key 'sid'.
07-04 09:54:54.754 18477 18477 D CompatibilityChangeReporter: Compat change id reported: 183155436; UID 10271; state: ENABLED
07-04 09:54:54.755 18452 18581 D OT-PubSub-Sdk: updateDebugSwitch sEnable: false sDebugModefalse sDebugPropertyfalse
07-04 09:54:54.755 18452 18581 D OT-PubSub-Sdk: log on: false, quick upload on: false
07-04 09:54:54.755 18452 18581 D BroadcastExecutor: initIfNeeded : 507
07-04 09:54:54.758  2071  5865 D PackageManager: set app component=ComponentInfo{com.xiaomi.discover/androidx.work.impl.background.systemjob.SystemJobService} enabled state: 1 from null,uid=10164,pid=18452
07-04 09:54:54.758 18452 18511 D WM-PackageManagerHelper: androidx.work.impl.background.systemjob.SystemJobService enabled
07-04 09:54:54.758 18452 18511 D WM-Schedulers: Created SystemJobScheduler and enabled SystemJobService
07-04 09:54:54.760 18452 18511 W FirebaseRemoteConfig: No value of type 'FirebaseRemoteConfigValue' exists for parameter key 'isAutoUpdateWorkEnable'.
07-04 09:54:54.762 18452 18592 D WM-ForceStopRunnable: The default process name was not specified.
07-04 09:54:54.762 18452 18592 D WM-ForceStopRunnable: Performing cleanup operations.
07-04 09:54:54.788  1052  2134 E CamX    : [ERROR][NCS    ] camxncsservice.cpp:680 EnqueueJob() Can not enqueue jobs when thread is stopped
07-04 09:54:54.788  1052  2134 W CamX    : [ WARN][NCS    ] camxncsintfqsee.cpp:2701 FillSensorData() Buffer queue for sensor 7 has been freed: bufh=0x0, bufsize=1248, stride=4
07-04 09:54:54.817 13636 13636 I DockWindowManager: showSidebar: isSidebarAdded: true DockWindowManager = z7.h@519e653
07-04 09:54:54.824  3297  3712 D MI_RIL_OEM_HOOK(com.android.phone): onPkHookCommonMsg, msg_id = 65
07-04 09:54:54.824  3297  3712 D MI_RIL_OEM_HOOK(com.android.phone): onGetHookMsgBytes, HOOK_HEAD_SIZE = 16, msg_len = 4
07-04 09:54:54.824  3297  3712 D MI_RIL_OEM_HOOK(com.android.phone): onHookSendSync, phoneId = 0
07-04 09:54:54.825  3243  3243 D QcrilMsgTunnelIfaceManager: handleMessage what = 1
07-04 09:54:54.825  3243  3243 I QcrilOemhookMsgTunnel: [0]invokeOemRilRequestRaw: serial=19567 length=36
07-04 09:54:54.825 13636 13636 I DockWindowManager: hideOrShowSidebarWithAnimation: isShow = true caller = showSidebar
07-04 09:54:54.845  1079  4341 E ANDR-PERF-LM: VmRssMeter:: start() 447: Could not find pid, can not collect vmrss data
07-04 09:54:54.846  1079  4341 E ANDR-PERF-LM: AdaptiveLaunch: writeToDataBase() 64: Meter aborted or could not get meter data for this run
07-04 09:54:54.853  1079  4340 E ANDR-PERF-LM: VmRssMeter:: start() 447: Could not find pid, can not collect vmrss data
07-04 09:54:54.857 18477 18602 D nativeloader: Load /data/app/~~OC7JEpRkHUXxLCgLP7X2eg==/com.google.android.apps.photos-vRwxXchh32qJ546PmPdEjw==/lib/arm64/libnative_crash_handler_jni.so using ns clns-5 from class loader (caller=base.apk!classes2.dex): ok
07-04 09:54:54.859  1854  2019 D XIAOMI_QCRIL: RIL[lib][xiaomi_extend_nvefs.c:52] xiaomi_qmi_result_map: xiaomi_qmi_result_map, old_result 0, new_result 0
07-04 09:54:54.859  3243  3470 I QcrilOemhookMsgTunnel: [0]processOemHookResponse serial no: 19567 error: 0length=16
07-04 09:54:54.859  3243  3243 D QcrilMsgTunnelIfaceManager: handleMessage what = 2
07-04 09:54:54.860  3297  3712 D QC_RIL_OEM_HOOK: sendOemRilRequestRaw returns value = 16
07-04 09:54:54.860  3297  3712 D MI_RIL_OEM_HOOK(com.android.phone): sendQcRilHookMsgSync, requestId = 524970, phoneId = 0, ar = org.codeaurora.telephony.utils.AsyncResult@b9f0fc1
07-04 09:54:54.860  3297  3712 D ModemSarController_8250: type = 65, len = 4, value = 0
07-04 09:54:54.920  2071  5865 D CompatibilityChangeReporter: Compat change id reported: 161145287; UID 10271; state: DISABLED
07-04 09:54:54.948  3524 18110 I NearbyMediums: No BLE Fast/GATT advertisements found in the latest cycle.
07-04 09:54:54.957 18515 18515 D TaskSortUtil: task analyse cost makeTime 22
07-04 09:54:54.957 18515 18515 D TaskSortUtil: BridgeTask
07-04 09:54:54.988  1052  2134 E CamX    : [ERROR][NCS    ] camxncsservice.cpp:680 EnqueueJob() Can not enqueue jobs when thread is stopped
07-04 09:54:54.988  1052  2134 W CamX    : [ WARN][NCS    ] camxncsintfqsee.cpp:2701 FillSensorData() Buffer queue for sensor 7 has been freed: bufh=0x0, bufsize=1248, stride=4
07-04 09:54:55.002 18515 18515 I MMKV    : Disable checkProcessMode()
07-04 09:54:55.011 18477 18608 D CompatibilityChangeReporter: Compat change id reported: 194532703; UID 10271; state: ENABLED
07-04 09:54:55.028 18446 18446 D CompatibilityChangeReporter: Compat change id reported: 193247900; UID 10439; state: ENABLED
07-04 09:54:55.030 18515 18515 D nativeloader: Load /data/app/~~S1XGA3dQ0DFMRd1zahj9xg==/com.xiaomi.mipicks-TlSN9PUM_vMZXnYqZ7NVdA==/base.apk!/lib/arm64-v8a/libmmkv.so using ns clns-5 from class loader (caller=base.apk!classes3.dex): ok
07-04 09:54:55.031 18515 18515 I MMKV    : current API level = 33, libc++_shared=0
07-04 09:54:55.033 18515 18515 I MMKV    : <MMKV.cpp:165::initialize> version v1.2.15, page size 4096, arch arm64-v8a
07-04 09:54:55.033 18515 18515 I MMKV    : <MMKV.cpp:176::initialize> armv8 AES instructions is supported
07-04 09:54:55.033 18515 18515 I MMKV    : <MMKV.cpp:184::initialize> armv8 CRC32 instructions is supported
07-04 09:54:55.033 18515 18515 I MMKV    : <MMKV.cpp:208::initializeMMKV> root dir: /data/user/0/com.xiaomi.mipicks/files/mmkv
07-04 09:54:55.037 18515 18515 I MMKV    : <MemoryFile.cpp:97::open> open fd[0x5b], /data/user/0/com.xiaomi.mipicks/files/mmkv/com.xiaomi.mipicks_preferences
07-04 09:54:55.041 18515 18515 I MMKV    : <MemoryFile.cpp:97::open> open fd[0x5c], /data/user/0/com.xiaomi.mipicks/files/mmkv/com.xiaomi.mipicks_preferences.crc
07-04 09:54:55.044 18515 18515 I MMKV    : <MMKV_IO.cpp:81::loadFromFile> loading [com.xiaomi.mipicks_preferences] with 4683 actual size, file size 8192, InterProcess 1, meta info version:3
07-04 09:54:55.044 18515 18515 I MMKV    : <MMKV_IO.cpp:86::loadFromFile> loading [com.xiaomi.mipicks_preferences] with crc 1637995200 sequence 44 version 3
07-04 09:54:55.044 18515 18515 I MMKV    : <MMKV_IO.cpp:130::loadFromFile> loaded [com.xiaomi.mipicks_preferences] with 58 key-values
07-04 09:54:55.045 18515 18515 E MiPicks-MMKVManager: init useMMKV : true
07-04 09:54:55.049 18446 18446 W Activity: PerfMonitor: Slow Operation: Activity com.growME/.MainActivity onStart took 846ms
07-04 09:54:55.052 18515 18515 E MiPicks-PrefUtils: Unknown sharedpreferences file name dynamic_host
07-04 09:54:55.057 18515 18515 I MMKV    : <MemoryFile.cpp:97::open> open fd[0x5d], /data/user/0/com.xiaomi.mipicks/files/mmkv/dynamic_host
07-04 09:54:55.058 18515 18515 I MMKV    : <MemoryFile.cpp:97::open> open fd[0x5e], /data/user/0/com.xiaomi.mipicks/files/mmkv/dynamic_host.crc
07-04 09:54:55.062 18515 18515 I MMKV    : <MMKV_IO.cpp:81::loadFromFile> loading [dynamic_host] with 132 actual size, file size 4096, InterProcess 1, meta info version:3
07-04 09:54:55.062 18515 18515 I MMKV    : <MMKV_IO.cpp:86::loadFromFile> loading [dynamic_host] with crc 1324839931 sequence 1 version 3
07-04 09:54:55.062 18515 18515 I MMKV    : <MMKV_IO.cpp:130::loadFromFile> loaded [dynamic_host] with 1 key-values
07-04 09:54:55.094 18446 18446 I ForceDarkHelperStubImpl: setViewRootImplForceDark: false for com.growME.MainActivity@3da4c00, reason: AppDarkModeEnable
07-04 09:54:55.095 18446 18446 D DecorView[]: getWindowModeFromSystem  windowmode is 1
07-04 09:54:55.095 18446 18446 D DecorView[]: updateDecorCaptionStatus windowMode is 1
07-04 09:54:55.107  2071  5018 D CoreBackPreview: Window{c192be3 u0 com.growME/com.growME.MainActivity}: Setting back callback OnBackInvokedCallbackInfo{mCallback=android.window.IOnBackInvokedCallback$Stub$Proxy@a3ba499, mPriority=0}
07-04 09:54:55.110  3359  3359 D RecentsImpl: mActivityStateObserver com.growME.MainActivity
07-04 09:54:55.110  3359  3359 W RecentsImpl: onResumed className=com.growME.MainActivity   mIsInAnotherPro=false   isKeyguardLocked=false   mSecuritySpaceGuideShown=false
07-04 09:54:55.110  3359  3359 D RecentsImpl: showNavStubView
07-04 09:54:55.110  3359  3359 D NavStubView_Touch: setKeepHidden    old=false   new=false
07-04 09:54:55.111  3359  3538 W RecentsImpl: disableTouchBySwipeStatusBar    disable=false
07-04 09:54:55.111  3359  3538 D GestureStubView_Touch: disableTouchBySwipeStatusBar    old=false   new=false
07-04 09:54:55.111  3359  3538 D GestureStubView_Touch: disableTouchBySwipeStatusBar    old=false   new=false
07-04 09:54:55.111  3359  3538 W RecentsImpl: disableBackStubWindow    disableTouch=false
07-04 09:54:55.111  3359  3538 D GestureStubView_Touch: disableTouch    old=false   new=false
07-04 09:54:55.111  3359  3538 D GestureStubView_Touch: disableTouch    old=false   new=false
07-04 09:54:55.111  3359  3538 D RecentsImpl: showBackStubWindow  hasNavigationBar=true
07-04 09:54:55.111  3359  3538 D GestureStubView_Touch: setKeepHidden    old=false   new=false
07-04 09:54:55.111  3359  3538 W GestureStubView: adaptRotation   currentRotation=0   mRotation=0
07-04 09:54:55.111  3359  3538 D GestureStubView: resetRenderProperty: showGestureStub   isLayoutParamChanged=false
07-04 09:54:55.112  3359  3538 D GestureStubView_Touch: disableTouch    old=false   new=false
07-04 09:54:55.112  3359  3538 D GestureStubView: showGestureStub
07-04 09:54:55.112  3359  3538 D GestureStubView_Touch: setKeepHidden    old=false   new=false
07-04 09:54:55.112  3359  3538 W GestureStubView: adaptRotation   currentRotation=0   mRotation=0
07-04 09:54:55.112  3359  3538 D GestureStubView: resetRenderProperty: showGestureStub   isLayoutParamChanged=false
07-04 09:54:55.112  3359  3538 D GestureStubView_Touch: disableTouch    old=false   new=false
07-04 09:54:55.112  3359  3538 D GestureStubView: showGestureStub
07-04 09:54:55.115 18446 18446 W Looper  : PerfMonitor looperActivity : package=com.growME/.MainActivity time=0ms latency=1180ms running=0ms  procState=-1  historyMsgCount=3 (msgIndex=3 wall=983ms seq=3 running=128ms runnable=19ms io=449ms late=192ms h=android.app.ActivityThread$H w=159)
07-04 09:54:55.116  3359  3538 D GestureStubView: gatherTransparentRegion: need render w:54  h:1440
07-04 09:54:55.116  3359  3538 D GestureStubView: gatherTransparentRegion: need render w:54  h:1440
07-04 09:54:55.118 18446 18446 D FramePredict: FramePredict init: false
07-04 09:54:55.118 18446 18446 I Choreographer: Skipped 120 frames!  The application may be doing too much work on its main thread.
07-04 09:54:55.122  2071  2439 D ConnectivityService: requestNetwork for uid/pid:10271/18477 activeRequest: null callbackRequest: 12910 [NetworkRequest [ REQUEST id=12911, [ Capabilities: INTERNET&NOT_RESTRICTED&TRUSTED&NOT_VCN_MANAGED Uid: 10271 RequestorUid: 10271 RequestorPkg: com.google.android.apps.photos UnderlyingNetworks: Null] ]] callback flags: 0 order: 2147483647 isUidTracked: false declaredMethods: ALL
07-04 09:54:55.123  2071  2735 D WifiNetworkFactory: got request NetworkRequest [ REQUEST id=12911, [ Capabilities: INTERNET&NOT_RESTRICTED&TRUSTED&NOT_VCN_MANAGED Uid: 10271 RequestorUid: 10271 RequestorPkg: com.google.android.apps.photos UnderlyingNetworks: Null] ]
07-04 09:54:55.123  2071  2735 D UntrustedWifiNetworkFactory: got request NetworkRequest [ REQUEST id=12911, [ Capabilities: INTERNET&NOT_RESTRICTED&TRUSTED&NOT_VCN_MANAGED Uid: 10271 RequestorUid: 10271 RequestorPkg: com.google.android.apps.photos UnderlyingNetworks: Null] ]
07-04 09:54:55.123  2071  2735 D OemPaidWifiNetworkFactory: got request NetworkRequest [ REQUEST id=12911, [ Capabilities: INTERNET&NOT_RESTRICTED&TRUSTED&NOT_VCN_MANAGED Uid: 10271 RequestorUid: 10271 RequestorPkg: com.google.android.apps.photos UnderlyingNetworks: Null] ]
07-04 09:54:55.123  2071  2735 D MultiInternetWifiNetworkFactory: got request NetworkRequest [ REQUEST id=12911, [ Capabilities: INTERNET&NOT_RESTRICTED&TRUSTED&NOT_VCN_MANAGED Uid: 10271 RequestorUid: 10271 RequestorPkg: com.google.android.apps.photos UnderlyingNetworks: Null] ]
07-04 09:54:55.124  2071  2762 D ConnectivityService: NetReassign [12911 : null  126] [c 0] [a 0] [i 2]
07-04 09:54:55.124  1120  7673 D MI-SF   : [FpsStat] construct...
07-04 09:54:55.132  2071  5018 D WindowManager: wms.Input focus has changed to Window{c192be3 u0 com.growME/com.growME.MainActivity} display=0 updateInputWindows = true
07-04 09:54:55.132  2071  5018 I MultiSenceManagerInternalStub: getInstance
07-04 09:54:55.133  2071  2106 D WindowManager: wms.Update InputWindowHandle: c192be3 com.growME/com.growME.MainActivity, frame=[0,0,0,0], touchableRegion=SkRegion((0,0,1080,2400)), scaleFactor=1.0, transform=null, windowToken=android.os.BinderProxy@eba5812, isClone=false, visibal=true, focusable=true, changed=true
07-04 09:54:55.143  1120  7673 I SurfaceFlinger: sf.setTransactionState focusRequest transactionId:8894877515791 frontWin:c192be3 com.growME/com.growME.MainActivity
07-04 09:54:55.145  1120  7673 W ServiceManager: Permission failure: android.permission.ACCESS_SURFACE_FLINGER from uid=10439 pid=0
07-04 09:54:55.145  1120  1584 W ServiceManager: Permission failure: android.permission.ACCESS_SURFACE_FLINGER from uid=10439 pid=18446
07-04 09:54:55.145  1120  7673 D PermissionCache: checking android.permission.ACCESS_SURFACE_FLINGER for uid=10439 => denied (906 us)
07-04 09:54:55.145  1120  1584 D PermissionCache: checking android.permission.ACCESS_SURFACE_FLINGER for uid=10439 => denied (1213 us)
07-04 09:54:55.145  1120  1584 W ServiceManager: Permission failure: android.permission.ROTATE_SURFACE_FLINGER from uid=10439 pid=18446
07-04 09:54:55.145  1120  7673 W ServiceManager: Permission failure: android.permission.ROTATE_SURFACE_FLINGER from uid=10439 pid=0
07-04 09:54:55.145  1120  1584 D PermissionCache: checking android.permission.ROTATE_SURFACE_FLINGER for uid=10439 => denied (258 us)
07-04 09:54:55.145  1120  7673 D PermissionCache: checking android.permission.ROTATE_SURFACE_FLINGER for uid=10439 => denied (262 us)
07-04 09:54:55.145  1120  7673 W ServiceManager: Permission failure: android.permission.INTERNAL_SYSTEM_WINDOW from uid=10439 pid=0
07-04 09:54:55.145  1120  7673 D PermissionCache: checking android.permission.INTERNAL_SYSTEM_WINDOW for uid=10439 => denied (140 us)
07-04 09:54:55.146  1120  1584 W ServiceManager: Permission failure: android.permission.INTERNAL_SYSTEM_WINDOW from uid=10439 pid=18446
07-04 09:54:55.146  1120  1584 D PermissionCache: checking android.permission.INTERNAL_SYSTEM_WINDOW for uid=10439 => denied (197 us)
07-04 09:54:55.146 18446 18499 I AdrenoGLES-0: QUALCOMM build                   : db3d445dbc, Ia06b22fa1a
07-04 09:54:55.146 18446 18499 I AdrenoGLES-0: Build Date                       : 10/04/21
07-04 09:54:55.146 18446 18499 I AdrenoGLES-0: OpenGL ES Shader Compiler Version: EV031.32.02.16
07-04 09:54:55.146 18446 18499 I AdrenoGLES-0: Local Branch                     : 
07-04 09:54:55.146 18446 18499 I AdrenoGLES-0: Remote Branch                    : 
07-04 09:54:55.146 18446 18499 I AdrenoGLES-0: Remote Branch                    : 
07-04 09:54:55.146 18446 18499 I AdrenoGLES-0: Reconstruct Branch               : 
07-04 09:54:55.146 18446 18499 I AdrenoGLES-0: Build Config                     : S P 10.0.7 AArch64
07-04 09:54:55.146 18446 18499 I AdrenoGLES-0: Driver Path                      : /vendor/lib64/egl/libGLESv2_adreno.so
07-04 09:54:55.147 18446 18446 D VRI[MainActivity]: vri.reportNextDraw android.view.ViewRootImpl.performTraversals:4013 android.view.ViewRootImpl.doTraversal:2725 android.view.ViewRootImpl$TraversalRunnable.run:9812 android.view.Choreographer$CallbackRecord.run:1505 android.view.Choreographer$CallbackRecord.run:1513 
07-04 09:54:55.147 18446 18446 D SurfaceView: UPDATE null, mIsCastMode = false
07-04 09:54:55.147  1120  1584 D MI-SF   : [FpsStat] construct...
07-04 09:54:55.148 18446 18499 I AdrenoGLES-0: PFP: 0x016dd093, ME: 0x00000000
07-04 09:54:55.150  1120  1120 I SurfaceFlinger: sf.transactionIsReadyToBeApplied focusRequest transactionId:8894877515791
07-04 09:54:55.151  1120  2000 D SurfaceFlinger: updateInputFlinger::setFocusedWindow: windowName=c192be3 com.growME/com.growME.MainActivity focusRequests.size=1
07-04 09:54:55.162 18515 18529 E MiPicks-PrefUtils: Unknown sharedpreferences file name firebase_config
07-04 09:54:55.164 18515 18529 I MMKV    : <MemoryFile.cpp:97::open> open fd[0x5f], /data/user/0/com.xiaomi.mipicks/files/mmkv/firebase_config
07-04 09:54:55.165 18515 18515 D TaskSortUtil: task analyse cost makeTime 0
07-04 09:54:55.165 18515 18515 D TaskSortUtil: DebugTask
07-04 09:54:55.165 18515 18515 D TaskSortUtil: GAIDTask
07-04 09:54:55.165 18515 18515 D TaskSortUtil: OperatorTask
07-04 09:54:55.165 18515 18515 D TaskSortUtil: AppLifecycleObserverTask
07-04 09:54:55.165 18515 18515 D TaskSortUtil: ArouterTask
07-04 09:54:55.165 18515 18515 D TaskSortUtil: ChangeAliasTask
07-04 09:54:55.166 18515 18529 I MMKV    : <MemoryFile.cpp:97::open> open fd[0x60], /data/user/0/com.xiaomi.mipicks/files/mmkv/firebase_config.crc
07-04 09:54:55.166 18515 18515 I MiPicks-OperatorTask: init
07-04 09:54:55.167 18446 18499 W libc    : Access denied finding property "vendor.migl.debug"
07-04 09:54:55.168 18515 18529 I MMKV    : <MMKV_IO.cpp:81::loadFromFile> loading [firebase_config] with 3114 actual size, file size 4096, InterProcess 1, meta info version:3
07-04 09:54:55.168 18515 18529 I MMKV    : <MMKV_IO.cpp:86::loadFromFile> loading [firebase_config] with crc 979446275 sequence 2 version 3
07-04 09:54:55.168 18515 18529 I MMKV    : <MMKV_IO.cpp:130::loadFromFile> loaded [firebase_config] with 27 key-values
07-04 09:54:55.169   642   642 I servicemanager: Could not find android.hardware.graphics.allocator.IAllocator/default in the VINTF manifest.
07-04 09:54:55.169 18446 18559 E qdgralloc: GetGpuPixelFormat: No map for format: 0x38
07-04 09:54:55.170 18446 18620 E com.growME: No package ID 6a found for ID 0x6a0b000f.
07-04 09:54:55.172 18446 18559 E AdrenoUtils: <validate_memory_layout_input_parmas:1984>: Unknown Format 0
07-04 09:54:55.172 18446 18559 E AdrenoUtils: <adreno_init_memory_layout:4723>: Memory Layout input parameter validation failed!
07-04 09:54:55.172 18446 18559 E qdgralloc: GetGpuResourceSizeAndDimensions Graphics metadata init failed
07-04 09:54:55.172 18446 18559 E Gralloc4: isSupported(1, 1, 56, 1, ...) failed with 1
07-04 09:54:55.172 18515 18515 E MiPicks-ModuleInterceptor: current operator:default
07-04 09:54:55.172 18515 18515 E MiPicks-OperatorTask: initMiSdk
07-04 09:54:55.172 18515 18515 D TaskSortUtil: task analyse cost makeTime 0
07-04 09:54:55.172 18515 18515 D TaskSortUtil: UiConfigTask
07-04 09:54:55.172 18515 18515 D TaskSortUtil: PatchTask
07-04 09:54:55.172 18515 18515 D TaskSortUtil: CloudConfigTask
07-04 09:54:55.172 18515 18515 D TaskSortUtil: MiBusinessTask
07-04 09:54:55.172 18515 18515 D TaskSortUtil: DownloadInstallTask
07-04 09:54:55.172 18515 18515 D TaskSortUtil: ActivityMonitorTask
07-04 09:54:55.172 18477 18608 D CompatibilityChangeReporter: Compat change id reported: 210923482; UID 10271; state: ENABLED
07-04 09:54:55.173 18446 18620 I FA      : App measurement initialized, version: 129011
07-04 09:54:55.173 18446 18620 I FA      : To enable debug logging run: adb shell setprop log.tag.FA VERBOSE
07-04 09:54:55.173 18515 18515 I MiPicks-UiConfigTask: UiConfigTask init
07-04 09:54:55.173 18446 18620 I FA      : To enable faster debug mode event logging run:
07-04 09:54:55.173 18446 18620 I FA      :   adb shell setprop debug.firebase.analytics.app com.growME
07-04 09:54:55.173 18515 18529 W System.err: java.lang.NullPointerException: Attempt to invoke virtual method 'java.lang.String java.lang.Class.getName()' on a null object reference
07-04 09:54:55.173 18515 18529 W System.err: 	at com.xiaomi.market.data.marketcall.MarketCallFactory.create(MarketCallFactory.java:10)
07-04 09:54:55.173 18515 18529 W System.err: 	at com.xiaomi.market.provider.MarketProvider.doActionCall(MarketProvider.java:28)
07-04 09:54:55.173 18515 18529 W System.err: 	at com.xiaomi.market.provider.MarketProvider.call(MarketProvider.java:6)
07-04 09:54:55.173 18515 18529 W System.err: 	at android.content.ContentProvider.call(ContentProvider.java:2533)
07-04 09:54:55.173 18515 18529 W System.err: 	at android.content.ContentProvider$Transport.call(ContentProvider.java:530)
07-04 09:54:55.174 18515 18529 W System.err: 	at android.content.ContentProviderNative.onTransact(ContentProviderNative.java:296)
07-04 09:54:55.174 18515 18529 W System.err: 	at android.os.Binder.execTransactInternal(Binder.java:1285)
07-04 09:54:55.174 18515 18529 W System.err: 	at android.os.Binder.execTransact(Binder.java:1249)
07-04 09:54:55.174 18515 18515 D AutoDensity: autodensity debugEnable = 
07-04 09:54:55.174 18446 18499 E libEGL  : pre_cache appList: ,,,
07-04 09:54:55.175  1074  1074 E qdgralloc: GetGpuPixelFormat: No map for format: 0x38
07-04 09:54:55.176  1074  1074 E AdrenoUtils: <validate_memory_layout_input_parmas:1984>: Unknown Format 0
07-04 09:54:55.176  1074  1074 E AdrenoUtils: <adreno_init_memory_layout:4723>: Memory Layout input parameter validation failed!
07-04 09:54:55.176  1074  1074 E qdgralloc: GetGpuResourceSizeAndDimensions Graphics metadata init failed
07-04 09:54:55.176 18446 18559 E GraphicBufferAllocator: Failed to allocate (4 x 4) layerCount 1 format 56 usage b00: 1
07-04 09:54:55.176 18446 18559 E AHardwareBuffer: GraphicBuffer(w=4, h=4, lc=1) failed (Unknown error -1), handle=0x0
07-04 09:54:55.176 18446 18559 E qdgralloc: GetGpuPixelFormat: No map for format: 0x38
07-04 09:54:55.176 18446 18559 E AdrenoUtils: <validate_memory_layout_input_parmas:1984>: Unknown Format 0
07-04 09:54:55.176 18446 18559 E AdrenoUtils: <adreno_init_memory_layout:4723>: Memory Layout input parameter validation failed!
07-04 09:54:55.176 18446 18559 E qdgralloc: GetGpuResourceSizeAndDimensions Graphics metadata init failed
07-04 09:54:55.176 18446 18559 E Gralloc4: isSupported(1, 1, 56, 1, ...) failed with 1
07-04 09:54:55.176  1074  1074 E qdgralloc: GetGpuPixelFormat: No map for format: 0x38
07-04 09:54:55.176  1074  1074 E AdrenoUtils: <validate_memory_layout_input_parmas:1984>: Unknown Format 0
07-04 09:54:55.176  1074  1074 E AdrenoUtils: <adreno_init_memory_layout:4723>: Memory Layout input parameter validation failed!
07-04 09:54:55.176  1074  1074 E qdgralloc: GetGpuResourceSizeAndDimensions Graphics metadata init failed
07-04 09:54:55.177 18446 18559 E GraphicBufferAllocator: Failed to allocate (4 x 4) layerCount 1 format 56 usage b00: 1
07-04 09:54:55.177 18446 18559 E AHardwareBuffer: GraphicBuffer(w=4, h=4, lc=1) failed (Unknown error -1), handle=0x0
07-04 09:54:55.182 18515 18515 D AutoDensity: 	getAccessibilityDpi Exception: android.provider.Settings$SettingNotFoundException: display_density_forced
07-04 09:54:55.184 18515 18634 I MiPicks-LocalAppManager: load local apps from system : begin
07-04 09:54:55.184  1075  1577 I SDM     : HWCDisplay::GetColorModeCount: Supported color mode count = 3
07-04 09:54:55.184  1075  1577 I SDM     : HWCDisplay::GetColorModes: Color mode = 0 is supported
07-04 09:54:55.184  1075  1577 I SDM     : HWCDisplay::GetColorModes: Color mode = 7 is supported
07-04 09:54:55.184  1075  1577 I SDM     : HWCDisplay::GetColorModes: Color mode = 9 is supported
07-04 09:54:55.184 18515 18634 I MiPicks-PkgUtils: getSignature: using flags,134217728
07-04 09:54:55.184  1120  7673 D MI-SF   : addDolbyVisionHdr enter hdrTypes 2
07-04 09:54:55.184 18446 18559 E libboost: fail to open node: No such file or directory
07-04 09:54:55.185  1120  7673 D MI-SF   : debug.config.media.video.dolby_vision_suports == true
07-04 09:54:55.189 18515 18630 D OT-PubSub-Sdk: updateDebugSwitch sEnable: false sDebugModefalse sDebugPropertyfalse
07-04 09:54:55.191 18515 18629 D CompatibilityChangeReporter: Compat change id reported: 183155436; UID 10187; state: ENABLED
07-04 09:54:55.201  2071  5018 D CompatibilityChangeReporter: Compat change id reported: 161145287; UID 10187; state: DISABLED
07-04 09:54:55.202 18515 18630 D OneTrackSdk: updateDebugSwitch sEnable: false sDebugModefalse sDebugPropertyfalse
07-04 09:54:55.204 18446 18446 W Looper  : PerfMonitor doFrame : time=86ms vsyncFrame=0 latency=996ms procState=-1 historyMsgCount=4 (msgIndex=2 wall=983ms seq=3 running=128ms runnable=19ms io=449ms late=192ms h=android.app.ActivityThread$H w=159)
07-04 09:54:55.204 18515 18629 D SessionsDependencies: Dependency to CRASHLYTICS added.
07-04 09:54:55.206 18515 18629 I FirebaseApp: Device unlocked: initializing all Firebase APIs for app [DEFAULT]
07-04 09:54:55.208 18515 18650 D OT-PubSub-Sdk: updateDebugSwitch sEnable: false sDebugModefalse sDebugPropertyfalse
07-04 09:54:55.208 18515 18650 D OT-PubSub-Sdk: log on: false, quick upload on: false
07-04 09:54:55.208 18515 18650 D BroadcastExecutor: initIfNeeded : 482
07-04 09:54:55.211 18446 18446 D SurfaceView: UPDATE Surface(name=SurfaceView[com.growME/com.growME.MainActivity])/@0x7bdcccb, mIsProjectionMode = false
07-04 09:54:55.220 18446 18620 I FA      : Tag Manager is not found and thus will not be used
07-04 09:54:55.222  4930  6906 I ezue    : (REDACTED) appOpsListener %s %s
07-04 09:54:55.222 18515 18515 D TaskSortUtil: task analyse cost makeTime 0
07-04 09:54:55.222  4930  6906 I ezue    : (REDACTED) Ignoring irrelevant audio permission changes for package %s
07-04 09:54:55.222 18515 18515 D TaskSortUtil: FirebaseTask
07-04 09:54:55.222 18515 18515 D TaskSortUtil: PrivacyTask
07-04 09:54:55.222 18515 18515 D TaskSortUtil: TraceTask
07-04 09:54:55.222 18515 18515 D TaskSortUtil: DeviceInfoTask
07-04 09:54:55.222 18515 18515 D TaskSortUtil: RegisterGlobalMonitorTask
07-04 09:54:55.222 18515 18515 D TaskSortUtil: MsaOnDeviceScoreTask
07-04 09:54:55.222 18515 18515 D TaskSortUtil: ApmTask
07-04 09:54:55.222 18515 18515 D TaskSortUtil: NetworkTask
07-04 09:54:55.222 18515 18515 D TaskSortUtil: MsgBusTask
07-04 09:54:55.222 18515 18515 D TaskSortUtil: DbTask
07-04 09:54:55.222 18515 18515 D TaskSortUtil: AbTestTask
07-04 09:54:55.222 18515 18515 D TaskSortUtil: LoginTask
07-04 09:54:55.222 18515 18515 D TaskSortUtil: ImageLoadTask
07-04 09:54:55.222 18515 18515 D TaskSortUtil: CompatibleOldVersionTask
07-04 09:54:55.222 18515 18515 D TaskSortUtil: UpdateAppTask
07-04 09:54:55.222 18515 18515 D TaskSortUtil: DownloadAppTask
07-04 09:54:55.222 18515 18515 D TaskSortUtil: SpTask
07-04 09:54:55.222 18515 18515 D TaskSortUtil: AppChooserTask
07-04 09:54:55.222 18515 18515 D TaskSortUtil: DesktopHotAppsTask
07-04 09:54:55.222 18515 18515 D TaskSortUtil: LocalCacheTask
07-04 09:54:55.222 18515 18515 D TaskSortUtil: MiCTBrowserTask
07-04 09:54:55.222 18515 18515 D TaskSortUtil: PushTask
07-04 09:54:55.229 18515 18670 E MiPicks-ReflectUtilsForMiui: getMethod miui.util.FeatureParser.support_ar_core java.lang.NoSuchMethodException: miui.util.FeatureParser.support_ar_core [class java.lang.String, boolean]
07-04 09:54:55.230 18515 18669 D OneTrackSdk: updateDebugSwitch sEnable: false sDebugModefalse sDebugPropertyfalse
07-04 09:54:55.230   641   641 D lowmemorykiller: thrashing (28%) old_min_score_adj 0 new_min_score_adj 700 cur_min_score_adj 100
07-04 09:54:55.232   641   641 I lowmemorykiller: Kill 'com.facebook.system' (15289), uid 10100, oom_score_adj 975 to free 45392kB rss, 40852kB swap; reason: device is in direct reclaim and thrashing (28%)
07-04 09:54:55.233  2071  2151 I libprocessgroup: Successfully killed process cgroup uid 10100 pid 15289 in 0ms
07-04 09:54:55.254 22142 18460 D AdvertisingIdClient: AdvertisingIdClient already created.
07-04 09:54:55.256 22142 18460 I AdvertisingIdClient: shouldSendLog 98488471
07-04 09:54:55.256 22142 18460 I AdvertisingIdClient: GetInfoInternal elapse 1ms
07-04 09:54:55.257 18515 18668 E MiPicks-PrefUtils: Unknown sharedpreferences file name ab_test
07-04 09:54:55.258 18446 18446 I flutter :       [Get] the improper use of a GetX has been detected. 
07-04 09:54:55.259 18446 18446 I flutter :       You should only use GetX or Obx for the specific widget that will be updated.
07-04 09:54:55.259 18446 18446 I flutter :       If you are seeing this error, you probably did not insert any observable variables into GetX/Obx 
07-04 09:54:55.259 18446 18446 I flutter :       or insert them outside the scope that GetX considers suitable for an update 
07-04 09:54:55.259 18446 18446 I flutter :       (example: GetX => HeavyWidget => variableObservable).
07-04 09:54:55.259 18446 18446 I flutter :       If you need to update a parent widget and a child widget, wrap each one in an Obx/GetX.
07-04 09:54:55.259 18446 18446 I flutter :       
07-04 09:54:55.260 18446 18446 I flutter : #0      RxInterface.notifyChildren (package:get/get_rx/src/rx_types/rx_core/rx_interface.dart:29)
07-04 09:54:55.260 18446 18446 I flutter : #1      ObxState.build (package:get/get_state_manager/src/rx_flutter/rx_obx_widget.dart:56)
07-04 09:54:55.260 18446 18446 I flutter : #2      StatefulElement.build (package:flutter/src/widgets/framework.dart:5823)
07-04 09:54:55.260 18446 18446 I flutter : #3      ComponentElement.performRebuild (package:flutter/src/widgets/framework.dart:5715)
07-04 09:54:55.261 18446 18446 I flutter : #4      StatefulElement.performRebuild (package:flutter/src/widgets/framework.dart:5874)
07-04 09:54:55.261 18446 18446 I flutter : #5      Element.rebuild (package:flutter/src/widgets/framework.dart:5427)
07-04 09:54:55.261 18446 18446 I flutter : #6      ComponentElement._firstBuild (package:flutter/src/widgets/framework.dart:5697)
07-04 09:54:55.261 18446 18446 I flutter : #7      StatefulElement._firstBuild (package:flutter/src/widgets/framework.dart:5865)
07-04 09:54:55.261 18446 18446 I flutter : #8      ComponentElement.mount (package:flutter/src/widgets/framework.dart:5691)
07-04 09:54:55.261 18446 18446 I flutter : #9      Element.inflateWidget (package:flutter/src/widgets/framework.dart:4539)
07-04 09:54:55.261 18446 18446 I flutter : #10     Element.updateChild (package:flutter/src/widgets/framework.dart:4004)
07-04 09:54:55.261 18446 18446 I flutter : #11     ComponentElement.performRebuild (package:flutter/src/widgets/framework.dart:5738)
07-04 09:54:55.261 18446 18446 I flutter : #12     Element.rebuild (package:flutter/src/widgets/framework.dart:5427)
07-04 09:54:55.261 18446 18446 I flutter : #13     ComponentElement._firstBuild (package:flutter/src/widgets/framework.dart:5697)
07-04 09:54:55.261 18446 18446 I flutter : #14     ComponentElement.mount (package:flutter/src/widgets/framework.dart:5691)
07-04 09:54:55.261 18446 18446 I flutter : #15     Element.inflateWidget (package:flutter/src/widgets/framework.dart:4539)
07-04 09:54:55.261 18446 18446 I flutter : #16     Element.updateChild (package:flutter/src/widgets/framework.dart:4004)
07-04 09:54:55.261 18446 18446 I flutter : #17     ComponentElement.performRebuild (package:flutter/src/widgets/framework.dart:5738)
07-04 09:54:55.261 18446 18446 I flutter : #18     Element.rebuild (package:flutter/src/widgets/framework.dart:5427)
07-04 09:54:55.261 18446 18446 I flutter : #19     ComponentElement._firstBuild (package:flutter/src/widgets/framework.dart:5697)
07-04 09:54:55.261 18446 18446 I flutter : #20     ComponentElement.mount (package:flutter/src/widgets/framework.dart:5691)
07-04 09:54:55.261 18446 18446 I flutter : #21     Element.inflateWidget (package:flutter/src/widgets/framework.dart:4539)
07-04 09:54:55.261 18446 18446 I flutter : #22     Element.updateChild (package:flutter/src/widgets/framework.dart:4004)
07-04 09:54:55.261 18446 18446 I flutter : #23     ComponentElement.performRebuild (package:flutter/src/widgets/framework.dart:5738)
07-04 09:54:55.261 18446 18446 I flutter : #24     StatefulElement.performRebuild (package:flutter/src/widgets/framework.dart:5874)
07-04 09:54:55.261 18446 18446 I flutter : #25     Element.rebuild (package:flutter/src/widgets/framework.dart:5427)
07-04 09:54:55.261 18446 18446 I flutter : #26     ComponentElement._firstBuild (package:flutter/src/widgets/framework.dart:5697)
07-04 09:54:55.261 18446 18446 I flutter : #27     StatefulElement._firstBuild (package:flutter/src/widgets/framework.dart:5865)
07-04 09:54:55.261 18446 18446 I flutter : #28     ComponentElement.mount (package:flutter/src/widgets/framework.dart:5691)
07-04 09:54:55.261 18446 18446 I flutter : #29     Element.inflateWidget (package:flutter/src/widgets/framework.dart:4539)
07-04 09:54:55.261 18446 18446 I flutter : #30     Element.updateChild (package:flutter/src/widgets/framework.dart:4004)
07-04 09:54:55.261 18446 18446 I flutter : #31     ComponentElement.performRebuild (package:flutter/src/widgets/framework.dart:5738)
07-04 09:54:55.261 18446 18446 I flutter : #32     Element.rebuild (package:flutter/src/widgets/framework.dart:5427)
07-04 09:54:55.261 18446 18446 I flutter : #33     ComponentElement._firstBuild (package:flutter/src/widgets/framework.dart:5697)
