07-04 09:55:13.326  3325  3325 D NotificationFilterController: filter group summary suppressed key=0|com.linkedin.android|2147483647|ranker_group|10281|ranker_group
07-04 09:55:13.330  5180 18466 W FA      : Failed to retrieve Firebase Instance Id
07-04 09:55:13.339  5180 18466 W FA      : Failed to retrieve Firebase Instance Id
07-04 09:55:13.341  3325  3764 D LocalImageResolver: Couldn't use ImageDecoder for drawable, falling back to non-resized load.
07-04 09:55:13.344  5180 18466 W FA      : Failed to retrieve Firebase Instance Id
07-04 09:55:13.351  5180 18466 W FA      : Failed to retrieve Firebase Instance Id
07-04 09:55:13.353  3325  3764 D LocalImageResolver: Couldn't use ImageDecoder for drawable, falling back to non-resized load.
07-04 09:55:13.357  5180 18466 W FA      : Failed to retrieve Firebase Instance Id
07-04 09:55:13.360  5180 18466 W FA      : Failed to retrieve Firebase Instance Id
07-04 09:55:13.363  5180 18466 W FA      : Failed to retrieve Firebase Instance Id
07-04 09:55:13.367  3524 18807 I NetworkScheduler: (REDACTED) Error inserting %s
07-04 09:55:13.368  5180 18466 W FA      : Failed to retrieve Firebase Instance Id
07-04 09:55:13.377  3524 17980 I NetworkScheduler: (REDACTED) Error inserting %s
07-04 09:55:13.389  1052  2134 E CamX    : [ERROR][NCS    ] camxncsservice.cpp:680 EnqueueJob() Can not enqueue jobs when thread is stopped
07-04 09:55:13.389  1052  2134 W CamX    : [ WARN][NCS    ] camxncsintfqsee.cpp:2701 FillSensorData() Buffer queue for sensor 7 has been freed: bufh=0x0, bufsize=1248, stride=4
07-04 09:55:13.447  2071  2943 I SmartPower.com.google.android.googlequicksearchbox:interactor/10163(4930): background->idle(3004ms) R(broadcast start Intent { act=android.intent.action.BATTERY_CHANGED flg=0x60000010 (has extras) }) adj=100.
07-04 09:55:13.448  2071  2943 I SmartPower.com.digibites.accubattery/10320(14052): background->idle(3003ms) R(broadcast start Intent { act=android.intent.action.BATTERY_CHANGED flg=0x60000010 (has extras) }) adj=200.
07-04 09:55:13.450  2071  2943 I SmartPower.com.facebook.orca/10312(15131): background->idle(3004ms) R(broadcast start Intent { act=android.intent.action.BATTERY_CHANGED flg=0x60000010 (has extras) }) adj=935.
07-04 09:55:13.450  2071  2943 I SmartPower.com.google.android.youtube/10212(15132): background->idle(3004ms) R(broadcast start Intent { act=android.intent.action.BATTERY_CHANGED flg=0x60000010 (has extras) }) adj=925.
07-04 09:55:13.451  2071  2943 I SmartPower.com.tokopedia.tkpd/10290(15133): background->idle(3004ms) R(broadcast start Intent { act=android.intent.action.BATTERY_CHANGED flg=0x60000010 (has extras) }) adj=935.
07-04 09:55:13.451  2071  2943 I SmartPower.com.android.chrome/10209(16142): background->idle(3004ms) R(broadcast start Intent { act=android.intent.action.BATTERY_CHANGED flg=0x60000010 (has extras) }) adj=925.
07-04 09:55:13.451  2071  2943 I SmartPower.com.miui.android.fashiongallery/10266(16482): background->idle(3003ms) R(broadcast start Intent { act=android.intent.action.BATTERY_CHANGED flg=0x60000010 (has extras) }) adj=925.
07-04 09:55:13.452  2071  2943 I SmartPower.com.instagram.barcelona/10362(16609): background->idle(3002ms) R(broadcast start Intent { act=android.intent.action.BATTERY_CHANGED flg=0x60000010 (has extras) }) adj=975.
07-04 09:55:13.454  2071  2943 I SmartPower.com.facebook.katana/10282(17224): background->idle(3003ms) R(broadcast start Intent { act=android.intent.action.BATTERY_CHANGED flg=0x60000010 (has extras) }) adj=965.
07-04 09:55:13.454  2071  2943 I SmartPower.com.xiaomi.discover/10164(18452): background->idle(3003ms) R(broadcast start Intent { act=android.intent.action.BATTERY_CHANGED flg=0x60000010 (has extras) }) adj=905.
07-04 09:55:13.589  1052  2134 E CamX    : [ERROR][NCS    ] camxncsservice.cpp:680 EnqueueJob() Can not enqueue jobs when thread is stopped
07-04 09:55:13.589  1052  2134 W CamX    : [ WARN][NCS    ] camxncsintfqsee.cpp:2701 FillSensorData() Buffer queue for sensor 7 has been freed: bufh=0x0, bufsize=1248, stride=4
07-04 09:55:13.788  1052  2134 E CamX    : [ERROR][NCS    ] camxncsservice.cpp:680 EnqueueJob() Can not enqueue jobs when thread is stopped
07-04 09:55:13.788  1052  2134 W CamX    : [ WARN][NCS    ] camxncsintfqsee.cpp:2701 FillSensorData() Buffer queue for sensor 7 has been freed: bufh=0x0, bufsize=1248, stride=4
07-04 09:55:13.989  1052  2134 E CamX    : [ERROR][NCS    ] camxncsservice.cpp:680 EnqueueJob() Can not enqueue jobs when thread is stopped
07-04 09:55:13.989  1052  2134 W CamX    : [ WARN][NCS    ] camxncsintfqsee.cpp:2701 FillSensorData() Buffer queue for sensor 7 has been freed: bufh=0x0, bufsize=1248, stride=4
07-04 09:55:14.189  1052  2134 E CamX    : [ERROR][NCS    ] camxncsservice.cpp:680 EnqueueJob() Can not enqueue jobs when thread is stopped
07-04 09:55:14.189  1052  2134 W CamX    : [ WARN][NCS    ] camxncsintfqsee.cpp:2701 FillSensorData() Buffer queue for sensor 7 has been freed: bufh=0x0, bufsize=1248, stride=4
07-04 09:55:14.255  2071  2731 D MiuiNetworkPolicy: updateLimit mLimitEnabled=false,enabled=true,mNetworkPriorityMode=0,mThermalForceMode=0
07-04 09:55:14.257  2071  2731 I MiuiNetworkPolicy: getEnableLimitTimeout when thermal mode is:0
07-04 09:55:14.309  3524  3524 W ThreadPoolForeg: type=1400 audit(0.0:221505): avc: denied { write } for name="traced_producer" dev="tmpfs" ino=24345 scontext=u:r:gmscore_app:s0:c512,c768 tcontext=u:object_r:traced_producer_socket:s0 tclass=sock_file permissive=0 app=com.google.android.gms
07-04 09:55:14.388  1052  2134 E CamX    : [ERROR][NCS    ] camxncsservice.cpp:680 EnqueueJob() Can not enqueue jobs when thread is stopped
07-04 09:55:14.388  1052  2134 W CamX    : [ WARN][NCS    ] camxncsintfqsee.cpp:2701 FillSensorData() Buffer queue for sensor 7 has been freed: bufh=0x0, bufsize=1248, stride=4
07-04 09:55:14.554  3359  3501 I Launcher.ApplicationsMessage: onReceive true
07-04 09:55:14.554  3359  3501 I Launcher.ApplicationsMessage: return:com.whatsapp|false
07-04 09:55:14.588  1052  2134 E CamX    : [ERROR][NCS    ] camxncsservice.cpp:680 EnqueueJob() Can not enqueue jobs when thread is stopped
07-04 09:55:14.588  1052  2134 W CamX    : [ WARN][NCS    ] camxncsintfqsee.cpp:2701 FillSensorData() Buffer queue for sensor 7 has been freed: bufh=0x0, bufsize=1248, stride=4
07-04 09:55:14.956  3524 18110 I NearbyMediums: No BLE Fast/GATT advertisements found in the latest cycle.
07-04 09:55:14.989  1052  2134 E CamX    : [ERROR][NCS    ] camxncsservice.cpp:680 EnqueueJob() Can not enqueue jobs when thread is stopped
07-04 09:55:14.989  1052  2134 W CamX    : [ WARN][NCS    ] camxncsintfqsee.cpp:2701 FillSensorData() Buffer queue for sensor 7 has been freed: bufh=0x0, bufsize=1248, stride=4
07-04 09:55:15.057  3297  3712 D MI_RIL_OEM_HOOK(com.android.phone): onPkHookCommonMsg, msg_id = 65
07-04 09:55:15.057  3297  3712 D MI_RIL_OEM_HOOK(com.android.phone): onGetHookMsgBytes, HOOK_HEAD_SIZE = 16, msg_len = 4
07-04 09:55:15.058  3297  3712 D MI_RIL_OEM_HOOK(com.android.phone): onHookSendSync, phoneId = 0
07-04 09:55:15.059  3243  3243 D QcrilMsgTunnelIfaceManager: handleMessage what = 1
07-04 09:55:15.059  3243  3243 I QcrilOemhookMsgTunnel: [0]invokeOemRilRequestRaw: serial=19571 length=36
07-04 09:55:15.103  1854  2019 D XIAOMI_QCRIL: RIL[lib][xiaomi_extend_nvefs.c:52] xiaomi_qmi_result_map: xiaomi_qmi_result_map, old_result 0, new_result 0
07-04 09:55:15.104  3243  3470 I QcrilOemhookMsgTunnel: [0]processOemHookResponse serial no: 19571 error: 0length=16
07-04 09:55:15.105  3243  3243 D QcrilMsgTunnelIfaceManager: handleMessage what = 2
07-04 09:55:15.107  3297  3712 D QC_RIL_OEM_HOOK: sendOemRilRequestRaw returns value = 16
07-04 09:55:15.107  3297  3712 D MI_RIL_OEM_HOOK(com.android.phone): sendQcRilHookMsgSync, requestId = 524970, phoneId = 0, ar = org.codeaurora.telephony.utils.AsyncResult@14be6fd
07-04 09:55:15.107  3297  3712 D ModemSarController_8250: type = 65, len = 4, value = 0
07-04 09:55:15.305 18027 18027 D SecurityCenter: ImageLoader clear memory info
07-04 09:55:15.388  1052  2134 E CamX    : [ERROR][NCS    ] camxncsservice.cpp:680 EnqueueJob() Can not enqueue jobs when thread is stopped
07-04 09:55:15.389  1052  2134 W CamX    : [ WARN][NCS    ] camxncsintfqsee.cpp:2701 FillSensorData() Buffer queue for sensor 7 has been freed: bufh=0x0, bufsize=1248, stride=4
07-04 09:55:15.439 18027 18027 D SecurityCenter: ImageLoader clear memory info
07-04 09:55:15.588  1052  2134 E CamX    : [ERROR][NCS    ] camxncsservice.cpp:680 EnqueueJob() Can not enqueue jobs when thread is stopped
07-04 09:55:15.588  1052  2134 W CamX    : [ WARN][NCS    ] camxncsintfqsee.cpp:2701 FillSensorData() Buffer queue for sensor 7 has been freed: bufh=0x0, bufsize=1248, stride=4
07-04 09:55:15.788  1052  2134 E CamX    : [ERROR][NCS    ] camxncsservice.cpp:680 EnqueueJob() Can not enqueue jobs when thread is stopped
07-04 09:55:15.788  1052  2134 W CamX    : [ WARN][NCS    ] camxncsintfqsee.cpp:2701 FillSensorData() Buffer queue for sensor 7 has been freed: bufh=0x0, bufsize=1248, stride=4
07-04 09:55:15.988  1052  2134 E CamX    : [ERROR][NCS    ] camxncsservice.cpp:680 EnqueueJob() Can not enqueue jobs when thread is stopped
07-04 09:55:15.989  1052  2134 W CamX    : [ WARN][NCS    ] camxncsintfqsee.cpp:2701 FillSensorData() Buffer queue for sensor 7 has been freed: bufh=0x0, bufsize=1248, stride=4
07-04 09:55:16.189  1052  2134 E CamX    : [ERROR][NCS    ] camxncsservice.cpp:680 EnqueueJob() Can not enqueue jobs when thread is stopped
07-04 09:55:16.189  1052  2134 W CamX    : [ WARN][NCS    ] camxncsintfqsee.cpp:2701 FillSensorData() Buffer queue for sensor 7 has been freed: bufh=0x0, bufsize=1248, stride=4
07-04 09:55:16.389  1052  2134 E CamX    : [ERROR][NCS    ] camxncsservice.cpp:680 EnqueueJob() Can not enqueue jobs when thread is stopped
07-04 09:55:16.389  1052  2134 W CamX    : [ WARN][NCS    ] camxncsintfqsee.cpp:2701 FillSensorData() Buffer queue for sensor 7 has been freed: bufh=0x0, bufsize=1248, stride=4
07-04 09:55:16.588  1052  2134 E CamX    : [ERROR][NCS    ] camxncsservice.cpp:680 EnqueueJob() Can not enqueue jobs when thread is stopped
07-04 09:55:16.589  1052  2134 W CamX    : [ WARN][NCS    ] camxncsintfqsee.cpp:2701 FillSensorData() Buffer queue for sensor 7 has been freed: bufh=0x0, bufsize=1248, stride=4
07-04 09:55:16.663  2071  2731 I MiuiNetworkPolicy: updateUidState uid = 10288, uidState = 8
07-04 09:55:16.671  2071  2145 W ProcessStats: Tracking association SourceState{fc0ecf9 com.miui.securitycenter:ui/1000 BTopFgs #304142} whose proc state 2 is better than process ProcessState{949221d com.miui.securitycenter.remote/1000 pkg=com.miui.securitycenter} proc state 3 (235 skipped)
07-04 09:55:16.788  1052  2134 E CamX    : [ERROR][NCS    ] camxncsservice.cpp:680 EnqueueJob() Can not enqueue jobs when thread is stopped
07-04 09:55:16.788  1052  2134 W CamX    : [ WARN][NCS    ] camxncsintfqsee.cpp:2701 FillSensorData() Buffer queue for sensor 7 has been freed: bufh=0x0, bufsize=1248, stride=4
07-04 09:55:16.891  3359  3501 I Launcher.ApplicationsMessage: onReceive true
07-04 09:55:16.891  3359  3501 I Launcher.ApplicationsMessage: return:com.whatsapp|false
07-04 09:55:16.989  1052  2134 E CamX    : [ERROR][NCS    ] camxncsservice.cpp:680 EnqueueJob() Can not enqueue jobs when thread is stopped
07-04 09:55:16.989  1052  2134 W CamX    : [ WARN][NCS    ] camxncsintfqsee.cpp:2701 FillSensorData() Buffer queue for sensor 7 has been freed: bufh=0x0, bufsize=1248, stride=4
07-04 09:55:17.620  1618  1888 I BtGatt.ScanManager: msg.what = MSG_CHECK_SCAN_STATUS, msg.arg1 = CHECK_BACKGROUND_TIMEOUT
07-04 09:55:17.665  4930  6906 I ezue    : (REDACTED) appOpsListener %s %s
07-04 09:55:17.666  4930  6906 I ezue    : (REDACTED) Ignoring irrelevant audio permission changes for package %s
07-04 09:55:17.789  1052  2134 E CamX    : [ERROR][NCS    ] camxncsservice.cpp:680 EnqueueJob() Can not enqueue jobs when thread is stopped
07-04 09:55:17.789  1052  2134 W CamX    : [ WARN][NCS    ] camxncsintfqsee.cpp:2701 FillSensorData() Buffer queue for sensor 7 has been freed: bufh=0x0, bufsize=1248, stride=4
07-04 09:55:17.874  3238  4551 D QCNEJ/WlanStaInfoRelay: Received action: android.net.wifi.RSSI_CHANGED
07-04 09:55:17.931  7699  7799 W Settings: Setting device_provisioned has moved from android.provider.Settings.Secure to android.provider.Settings.Global.
07-04 09:55:17.934  9504 10038 D WM-NetworkStateTracker: Network capabilities changed: [ Transports: WIFI Capabilities: NOT_METERED&INTERNET&NOT_RESTRICTED&TRUSTED&NOT_VPN&VALIDATED&NOT_ROAMING&FOREGROUND&NOT_CONGESTED&NOT_SUSPENDED&NOT_VCN_MANAGED LinkUpBandwidth>=32392Kbps LinkDnBandwidth>=32190Kbps TransportInfo: <SSID: <unknown ssid>, BSSID: 02:00:00:00:00:00, MAC: 02:00:00:00:00:00, IP: /192.168.0.101, Security type: 4, Supplicant state: COMPLETED, Wi-Fi standard: 5, RSSI: -67, Link speed: 390Mbps, Tx Link speed: 390Mbps, Max Supported Tx Link speed: 866Mbps, Rx Link speed: 520Mbps, Max Supported Rx Link speed: 866Mbps, Frequency: 5765MHz, Net ID: -1, Metered hint: false, score: 60, isUsable: true, CarrierMerged: false, SubscriptionId: -1, IsPrimary: -1, Trusted: true, Restricted: false, Ephemeral: false, OEM paid: false, OEM private: false, OSU AP: false, FQDN: <none>, Provider friendly name: <none>, Requesting package name: <none><none>MLO Information: , AP MLD Address: <none>, AP MLO Link Id: <none>, AP MLO Affiliated links: <none>> SignalStrength: -67 UnderlyingNetworks: Null]
07-04 09:55:17.940  7699  7799 I JoyoseCloudControlManager3: network metered changed, network metered: false, deviceProvisioned: true, scAllowConn: true, try to setNetworkAccessEnabled: true
07-04 09:55:17.954  6915  7282 D TrafficManageService: onReceive: intent.action = com.android.server.action.NETWORK_STATS_UPDATED
07-04 09:55:17.988  1052  2134 E CamX    : [ERROR][NCS    ] camxncsservice.cpp:680 EnqueueJob() Can not enqueue jobs when thread is stopped
07-04 09:55:17.988  1052  2134 W CamX    : [ WARN][NCS    ] camxncsintfqsee.cpp:2701 FillSensorData() Buffer queue for sensor 7 has been freed: bufh=0x0, bufsize=1248, stride=4
07-04 09:55:18.296  3359  3501 I Launcher.ApplicationsMessage: onReceive true
07-04 09:55:18.296  3359  3501 I Launcher.ApplicationsMessage: return:com.whatsapp|false
07-04 09:55:18.388  1052  2134 E CamX    : [ERROR][NCS    ] camxncsservice.cpp:680 EnqueueJob() Can not enqueue jobs when thread is stopped
07-04 09:55:18.388  1052  2134 W CamX    : [ WARN][NCS    ] camxncsintfqsee.cpp:2701 FillSensorData() Buffer queue for sensor 7 has been freed: bufh=0x0, bufsize=1248, stride=4
07-04 09:55:18.431  3524 18110 I NearbySharing: Network state changed: NetworkState(isRestricted=false, isOnline=true, isCongested=false, isMetered=false, isWifiConnected=true)
07-04 09:55:18.581  2071  2071 D UiModeManager: updateConfigurationLocked: mDockState=0; mCarMode=false; mCar=false; mPowerSave=false; mComputedNightMode=true; mNightMode=2; uiMode=33
07-04 09:55:18.581  3254  3254 D QtiCarrierConfigHelper: WARNING, no carrier configs on phone Id: 0
07-04 09:55:18.582  3297  3297 D DynamicService_WifiBt:  ACTION_BATTERY_CHANGED change,USB plug = 1
07-04 09:55:18.583  6915  6915 I PowerSaveService: onReceive: android.intent.action.BATTERY_CHANGED
07-04 09:55:18.583  7696  7836 D PowerCheckerService: onBatteryChanged, mBatteryLevel = 100, status = 5, level = 100, plug = 1, scale = 100
07-04 09:55:18.583  6915  6915 I PowerNoticeUI: handleBatteryChanged oldPlugType 1 mPlugType 1 oldBatteryLevel 100 mBatteryLevel 100 temperature 357
07-04 09:55:18.583  6915  6915 I ChargerBatteryIntelligenceReceiver: onBatteryChanged temperature35,plugType:1
07-04 09:55:18.583  6915  6915 I PowerFeatureUtils: getVendorName:qcom
07-04 09:55:18.585  2071  2149 I SmartPower.com.whatsapp/10288(9504): idle->background(5933ms) R(broadcast start Intent { act=android.intent.action.BATTERY_CHANGED flg=0x60000010 (has extras) }) adj=225.
07-04 09:55:18.585  2071  2149 I SmartPower.com.google.android.googlequicksearchbox:interactor/10163(4930): idle->background(5138ms) R(broadcast start Intent { act=android.intent.action.BATTERY_CHANGED flg=0x60000010 (has extras) }) adj=100.
07-04 09:55:18.586  2071  2149 I SmartPower.com.digibites.accubattery/10320(14052): idle->background(5139ms) R(broadcast start Intent { act=android.intent.action.BATTERY_CHANGED flg=0x60000010 (has extras) }) adj=200.
07-04 09:55:18.587  2071  2149 I SmartPower.com.facebook.orca/10312(15131): idle->background(5138ms) R(broadcast start Intent { act=android.intent.action.BATTERY_CHANGED flg=0x60000010 (has extras) }) adj=935.
07-04 09:55:18.588  6915  9032 I android_os_HwBinder: HwBinder: Starting thread pool for getting: vendor.xiaomi.hardware.micharge@1.0::IMiCharge/default
07-04 09:55:18.588  2071  2149 I SmartPower.com.google.android.youtube/10212(15132): idle->background(5137ms) R(broadcast start Intent { act=android.intent.action.BATTERY_CHANGED flg=0x60000010 (has extras) }) adj=925.
07-04 09:55:18.588  3243  3243 V DeviceStatisticsService: chargerType=1 batteryLevel=100 totalBatteryCapacity=3541000
07-04 09:55:18.588  2071  2149 I SmartPower.com.tokopedia.tkpd/10290(15133): idle->background(5138ms) R(broadcast start Intent { act=android.intent.action.BATTERY_CHANGED flg=0x60000010 (has extras) }) adj=935.
07-04 09:55:18.588  1092 14865 I vendor.xiaomi.hardware.micharge@1.0-service: ReadFilePathValue path = /sys/class/power_supply/battery/night_charging value = 0
07-04 09:55:18.588  6915  9032 I ChargeProtectionUtils: getNightChargingState: 0
07-04 09:55:18.589  1052  2134 E CamX    : [ERROR][NCS    ] camxncsservice.cpp:680 EnqueueJob() Can not enqueue jobs when thread is stopped
07-04 09:55:18.589  1052  2134 W CamX    : [ WARN][NCS    ] camxncsintfqsee.cpp:2701 FillSensorData() Buffer queue for sensor 7 has been freed: bufh=0x0, bufsize=1248, stride=4
07-04 09:55:18.589  2071  2149 I SmartPower.com.android.chrome/10209(16142): idle->background(5138ms) R(broadcast start Intent { act=android.intent.action.BATTERY_CHANGED flg=0x60000010 (has extras) }) adj=925.
07-04 09:55:18.590  7696  7836 D PowerKeeper.Thermal: mBatteryTemperature: 35
07-04 09:55:18.590  2071  2149 I SmartPower.com.miui.android.fashiongallery/10266(16482): idle->background(5138ms) R(broadcast start Intent { act=android.intent.action.BATTERY_CHANGED flg=0x60000010 (has extras) }) adj=925.
07-04 09:55:18.590  2071  2149 I SmartPower.com.instagram.barcelona/10362(16609): idle->background(5139ms) R(broadcast start Intent { act=android.intent.action.BATTERY_CHANGED flg=0x60000010 (has extras) }) adj=975.
07-04 09:55:18.591  2071  2149 I SmartPower.com.facebook.katana/10282(17224): idle->background(5137ms) R(broadcast start Intent { act=android.intent.action.BATTERY_CHANGED flg=0x60000010 (has extras) }) adj=965.
07-04 09:55:18.591  2071  2149 I SmartPower.com.xiaomi.discover/10164(18452): idle->background(5137ms) R(broadcast start Intent { act=android.intent.action.BATTERY_CHANGED flg=0x60000010 (has extras) }) adj=905.
07-04 09:55:18.592  2071  2147 I android_os_HwBinder: HwBinder: Starting thread pool for getting: vendor.xiaomi.hardware.micharge@1.0::IMiCharge/default
07-04 09:55:18.595  1092 14865 E vendor.xiaomi.hardware.micharge@1.0-service: Failed to open node /sys/class/power_supply/wireless/reverse_chg_mode
07-04 09:55:18.595  1092 14865 I vendor.xiaomi.hardware.micharge@1.0-service: ReadFilePathValue path = /sys/class/power_supply/wireless/reverse_chg_mode value = 
07-04 09:55:18.598  2071  2147 I android_os_HwBinder: HwBinder: Starting thread pool for getting: vendor.xiaomi.hardware.micharge@1.0::IMiCharge/default
07-04 09:55:18.598  1092 14865 I vendor.xiaomi.hardware.micharge@1.0-service: ReadFilePathValue path = /sys/class/power_supply/bms/fastcharge_mode value = 0
07-04 09:55:18.988  1052  2134 E CamX    : [ERROR][NCS    ] camxncsservice.cpp:680 EnqueueJob() Can not enqueue jobs when thread is stopped
07-04 09:55:18.988  1052  2134 W CamX    : [ WARN][NCS    ] camxncsintfqsee.cpp:2701 FillSensorData() Buffer queue for sensor 7 has been freed: bufh=0x0, bufsize=1248, stride=4
07-04 09:55:19.189  1052  2134 E CamX    : [ERROR][NCS    ] camxncsservice.cpp:680 EnqueueJob() Can not enqueue jobs when thread is stopped
07-04 09:55:19.189  1052  2134 W CamX    : [ WARN][NCS    ] camxncsintfqsee.cpp:2701 FillSensorData() Buffer queue for sensor 7 has been freed: bufh=0x0, bufsize=1248, stride=4
07-04 09:55:19.389  1052  2134 E CamX    : [ERROR][NCS    ] camxncsservice.cpp:680 EnqueueJob() Can not enqueue jobs when thread is stopped
07-04 09:55:19.389  1052  2134 W CamX    : [ WARN][NCS    ] camxncsintfqsee.cpp:2701 FillSensorData() Buffer queue for sensor 7 has been freed: bufh=0x0, bufsize=1248, stride=4
07-04 09:55:19.588  1052  2134 E CamX    : [ERROR][NCS    ] camxncsservice.cpp:680 EnqueueJob() Can not enqueue jobs when thread is stopped
07-04 09:55:19.588  1052  2134 W CamX    : [ WARN][NCS    ] camxncsintfqsee.cpp:2701 FillSensorData() Buffer queue for sensor 7 has been freed: bufh=0x0, bufsize=1248, stride=4
07-04 09:55:19.789  1052  2134 E CamX    : [ERROR][NCS    ] camxncsservice.cpp:680 EnqueueJob() Can not enqueue jobs when thread is stopped
07-04 09:55:19.789  1052  2134 W CamX    : [ WARN][NCS    ] camxncsintfqsee.cpp:2701 FillSensorData() Buffer queue for sensor 7 has been freed: bufh=0x0, bufsize=1248, stride=4
07-04 09:55:20.108  3297  3712 D MI_RIL_OEM_HOOK(com.android.phone): onPkHookCommonMsg, msg_id = 65
07-04 09:55:20.108  3297  3712 D MI_RIL_OEM_HOOK(com.android.phone): onGetHookMsgBytes, HOOK_HEAD_SIZE = 16, msg_len = 4
07-04 09:55:20.108  3297  3712 D MI_RIL_OEM_HOOK(com.android.phone): onHookSendSync, phoneId = 0
07-04 09:55:20.109  3243  3243 D QcrilMsgTunnelIfaceManager: handleMessage what = 1
07-04 09:55:20.110  3243  3243 I QcrilOemhookMsgTunnel: [0]invokeOemRilRequestRaw: serial=19572 length=36
07-04 09:55:20.155  1854  2019 D XIAOMI_QCRIL: RIL[lib][xiaomi_extend_nvefs.c:52] xiaomi_qmi_result_map: xiaomi_qmi_result_map, old_result 0, new_result 0
07-04 09:55:20.156  3243  3470 I QcrilOemhookMsgTunnel: [0]processOemHookResponse serial no: 19572 error: 0length=16
07-04 09:55:20.157  3243  3243 D QcrilMsgTunnelIfaceManager: handleMessage what = 2
07-04 09:55:20.157  3297  3712 D QC_RIL_OEM_HOOK: sendOemRilRequestRaw returns value = 16
07-04 09:55:20.157  3297  3712 D MI_RIL_OEM_HOOK(com.android.phone): sendQcRilHookMsgSync, requestId = 524970, phoneId = 0, ar = org.codeaurora.telephony.utils.AsyncResult@2609ff2
07-04 09:55:20.158  3297  3712 D ModemSarController_8250: type = 65, len = 4, value = 0
07-04 09:55:20.160  3359  3501 I Launcher.ApplicationsMessage: onReceive true
07-04 09:55:20.160  3359  3501 I Launcher.ApplicationsMessage: return:com.whatsapp|false
07-04 09:55:20.188  1052  2134 E CamX    : [ERROR][NCS    ] camxncsservice.cpp:680 EnqueueJob() Can not enqueue jobs when thread is stopped
07-04 09:55:20.188  1052  2134 W CamX    : [ WARN][NCS    ] camxncsintfqsee.cpp:2701 FillSensorData() Buffer queue for sensor 7 has been freed: bufh=0x0, bufsize=1248, stride=4
07-04 09:55:20.389  1052  2134 E CamX    : [ERROR][NCS    ] camxncsservice.cpp:680 EnqueueJob() Can not enqueue jobs when thread is stopped
07-04 09:55:20.389  1052  2134 W CamX    : [ WARN][NCS    ] camxncsintfqsee.cpp:2701 FillSensorData() Buffer queue for sensor 7 has been freed: bufh=0x0, bufsize=1248, stride=4
07-04 09:55:20.588  1052  2134 E CamX    : [ERROR][NCS    ] camxncsservice.cpp:680 EnqueueJob() Can not enqueue jobs when thread is stopped
07-04 09:55:20.588  1052  2134 W CamX    : [ WARN][NCS    ] camxncsintfqsee.cpp:2701 FillSensorData() Buffer queue for sensor 7 has been freed: bufh=0x0, bufsize=1248, stride=4
07-04 09:55:20.656  2071  3235 D ProcessMemoryCleaner: Compact memory: com.whatsapp/10288(9504) state=inactive adj=225 pri=11 usage=5 isKilled=false pss:306653 swap:159238
07-04 09:55:20.789  1052  2134 E CamX    : [ERROR][NCS    ] camxncsservice.cpp:680 EnqueueJob() Can not enqueue jobs when thread is stopped
07-04 09:55:20.789  1052  2134 W CamX    : [ WARN][NCS    ] camxncsintfqsee.cpp:2701 FillSensorData() Buffer queue for sensor 7 has been freed: bufh=0x0, bufsize=1248, stride=4
07-04 09:55:20.905  3238  4551 D QCNEJ/WlanStaInfoRelay: Received action: android.net.wifi.RSSI_CHANGED
07-04 09:55:20.915  7699  7799 W Settings: Setting device_provisioned has moved from android.provider.Settings.Secure to android.provider.Settings.Global.
07-04 09:55:20.916  7699  7799 I JoyoseCloudControlManager3: network metered changed, network metered: false, deviceProvisioned: true, scAllowConn: true, try to setNetworkAccessEnabled: true
07-04 09:55:20.926  9504 10038 D WM-NetworkStateTracker: Network capabilities changed: [ Transports: WIFI Capabilities: NOT_METERED&INTERNET&NOT_RESTRICTED&TRUSTED&NOT_VPN&VALIDATED&NOT_ROAMING&FOREGROUND&NOT_CONGESTED&NOT_SUSPENDED&NOT_VCN_MANAGED LinkUpBandwidth>=142201Kbps LinkDnBandwidth>=35255Kbps TransportInfo: <SSID: <unknown ssid>, BSSID: 02:00:00:00:00:00, MAC: 02:00:00:00:00:00, IP: /192.168.0.101, Security type: 4, Supplicant state: COMPLETED, Wi-Fi standard: 5, RSSI: -65, Link speed: 390Mbps, Tx Link speed: 390Mbps, Max Supported Tx Link speed: 866Mbps, Rx Link speed: 390Mbps, Max Supported Rx Link speed: 866Mbps, Frequency: 5765MHz, Net ID: -1, Metered hint: false, score: 60, isUsable: true, CarrierMerged: false, SubscriptionId: -1, IsPrimary: -1, Trusted: true, Restricted: false, Ephemeral: false, OEM paid: false, OEM private: false, OSU AP: false, FQDN: <none>, Provider friendly name: <none>, Requesting package name: <none><none>MLO Information: , AP MLD Address: <none>, AP MLO Link Id: <none>, AP MLO Affiliated links: <none>> SignalStrength: -65 UnderlyingNetworks: Null]
07-04 09:55:21.188  1052  2134 E CamX    : [ERROR][NCS    ] camxncsservice.cpp:680 EnqueueJob() Can not enqueue jobs when thread is stopped
07-04 09:55:21.188  1052  2134 W CamX    : [ WARN][NCS    ] camxncsintfqsee.cpp:2701 FillSensorData() Buffer queue for sensor 7 has been freed: bufh=0x0, bufsize=1248, stride=4
07-04 09:55:21.389  1052  2134 E CamX    : [ERROR][NCS    ] camxncsservice.cpp:680 EnqueueJob() Can not enqueue jobs when thread is stopped
07-04 09:55:21.389  1052  2134 W CamX    : [ WARN][NCS    ] camxncsintfqsee.cpp:2701 FillSensorData() Buffer queue for sensor 7 has been freed: bufh=0x0, bufsize=1248, stride=4
07-04 09:55:21.421  3524 18110 I NearbySharing: Network state changed: NetworkState(isRestricted=false, isOnline=true, isCongested=false, isMetered=false, isWifiConnected=true)
07-04 09:55:21.586  2071  2943 I SmartPower.com.whatsapp/10288(9504): background->idle(3001ms) R(broadcast start Intent { act=android.intent.action.BATTERY_CHANGED flg=0x60000010 (has extras) }) adj=225.
07-04 09:55:21.587  2071  2943 I SmartPower.com.google.android.googlequicksearchbox:interactor/10163(4930): background->idle(3002ms) R(broadcast start Intent { act=android.intent.action.BATTERY_CHANGED flg=0x60000010 (has extras) }) adj=100.
07-04 09:55:21.587  2071  2943 I SmartPower.com.digibites.accubattery/10320(14052): background->idle(3001ms) R(broadcast start Intent { act=android.intent.action.BATTERY_CHANGED flg=0x60000010 (has extras) }) adj=200.
07-04 09:55:21.587  2071  2943 I SmartPower.com.facebook.orca/10312(15131): background->idle(3000ms) R(broadcast start Intent { act=android.intent.action.BATTERY_CHANGED flg=0x60000010 (has extras) }) adj=935.
07-04 09:55:21.589  1052  2134 E CamX    : [ERROR][NCS    ] camxncsservice.cpp:680 EnqueueJob() Can not enqueue jobs when thread is stopped
07-04 09:55:21.589  1052  2134 W CamX    : [ WARN][NCS    ] camxncsintfqsee.cpp:2701 FillSensorData() Buffer queue for sensor 7 has been freed: bufh=0x0, bufsize=1248, stride=4
07-04 09:55:21.591  2071  2943 I SmartPower.com.google.android.youtube/10212(15132): background->idle(3004ms) R(broadcast start Intent { act=android.intent.action.BATTERY_CHANGED flg=0x60000010 (has extras) }) adj=925.
07-04 09:55:21.592  2071  2943 I SmartPower.com.tokopedia.tkpd/10290(15133): background->idle(3004ms) R(broadcast start Intent { act=android.intent.action.BATTERY_CHANGED flg=0x60000010 (has extras) }) adj=935.
07-04 09:55:21.592  2071  2943 I SmartPower.com.android.chrome/10209(16142): background->idle(3003ms) R(broadcast start Intent { act=android.intent.action.BATTERY_CHANGED flg=0x60000010 (has extras) }) adj=925.
07-04 09:55:21.592  2071  2943 I SmartPower.com.miui.android.fashiongallery/10266(16482): background->idle(3003ms) R(broadcast start Intent { act=android.intent.action.BATTERY_CHANGED flg=0x60000010 (has extras) }) adj=925.
07-04 09:55:21.593  2071  2943 I SmartPower.com.instagram.barcelona/10362(16609): background->idle(3003ms) R(broadcast start Intent { act=android.intent.action.BATTERY_CHANGED flg=0x60000010 (has extras) }) adj=975.
07-04 09:55:21.593  2071  2943 I SmartPower.com.facebook.katana/10282(17224): background->idle(3003ms) R(broadcast start Intent { act=android.intent.action.BATTERY_CHANGED flg=0x60000010 (has extras) }) adj=965.
07-04 09:55:21.594  2071  2943 I SmartPower.com.xiaomi.discover/10164(18452): background->idle(3003ms) R(broadcast start Intent { act=android.intent.action.BATTERY_CHANGED flg=0x60000010 (has extras) }) adj=905.
07-04 09:55:22.019  2071  3204 D SLM-SRV-SLAService: checktemp temperature = 38105 temperature_average = 37965 isPerformanceMode = false thermal_enable_slm = true
07-04 09:55:22.189  1052  2134 E CamX    : [ERROR][NCS    ] camxncsservice.cpp:680 EnqueueJob() Can not enqueue jobs when thread is stopped
07-04 09:55:22.189  1052  2134 W CamX    : [ WARN][NCS    ] camxncsintfqsee.cpp:2701 FillSensorData() Buffer queue for sensor 7 has been freed: bufh=0x0, bufsize=1248, stride=4
07-04 09:55:22.388  1052  2134 E CamX    : [ERROR][NCS    ] camxncsservice.cpp:680 EnqueueJob() Can not enqueue jobs when thread is stopped
07-04 09:55:22.388  1052  2134 W CamX    : [ WARN][NCS    ] camxncsintfqsee.cpp:2701 FillSensorData() Buffer queue for sensor 7 has been freed: bufh=0x0, bufsize=1248, stride=4
07-04 09:55:22.734  2071  3201 I NetworkBoostStatusManager: handle: 106
07-04 09:55:22.774  2071  3201 D SLM-SRV-SLAService: isModemSingnalStrengthStatus = 0
07-04 09:55:22.788  1052  2134 E CamX    : [ERROR][NCS    ] camxncsservice.cpp:680 EnqueueJob() Can not enqueue jobs when thread is stopped
07-04 09:55:22.789  1052  2134 W CamX    : [ WARN][NCS    ] camxncsintfqsee.cpp:2701 FillSensorData() Buffer queue for sensor 7 has been freed: bufh=0x0, bufsize=1248, stride=4
07-04 09:55:22.989  1052  2134 E CamX    : [ERROR][NCS    ] camxncsservice.cpp:680 EnqueueJob() Can not enqueue jobs when thread is stopped
07-04 09:55:22.989  1052  2134 W CamX    : [ WARN][NCS    ] camxncsintfqsee.cpp:2701 FillSensorData() Buffer queue for sensor 7 has been freed: bufh=0x0, bufsize=1248, stride=4
07-04 09:55:23.384 22142 22142 D BoundBrokerSvc: onUnbind: Intent { act=com.google.android.gms.measurement.START pkg=com.google.android.gms }
07-04 09:55:23.388  1052  2134 E CamX    : [ERROR][NCS    ] camxncsservice.cpp:680 EnqueueJob() Can not enqueue jobs when thread is stopped
07-04 09:55:23.388  1052  2134 W CamX    : [ WARN][NCS    ] camxncsintfqsee.cpp:2701 FillSensorData() Buffer queue for sensor 7 has been freed: bufh=0x0, bufsize=1248, stride=4
07-04 09:55:23.393  2071  2731 I MiuiNetworkPolicy: updateUidState uid = 99072, uidState = 6
07-04 09:55:23.589  1052  2134 E CamX    : [ERROR][NCS    ] camxncsservice.cpp:680 EnqueueJob() Can not enqueue jobs when thread is stopped
07-04 09:55:23.589  1052  2134 W CamX    : [ WARN][NCS    ] camxncsintfqsee.cpp:2701 FillSensorData() Buffer queue for sensor 7 has been freed: bufh=0x0, bufsize=1248, stride=4
07-04 09:55:23.789  1052  2134 E CamX    : [ERROR][NCS    ] camxncsservice.cpp:680 EnqueueJob() Can not enqueue jobs when thread is stopped
07-04 09:55:23.789  1052  2134 W CamX    : [ WARN][NCS    ] camxncsintfqsee.cpp:2701 FillSensorData() Buffer queue for sensor 7 has been freed: bufh=0x0, bufsize=1248, stride=4
07-04 09:55:23.984  3238  4551 D QCNEJ/WlanStaInfoRelay: Received action: android.net.wifi.RSSI_CHANGED
07-04 09:55:23.988  1052  2134 E CamX    : [ERROR][NCS    ] camxncsservice.cpp:680 EnqueueJob() Can not enqueue jobs when thread is stopped
07-04 09:55:23.989  1052  2134 W CamX    : [ WARN][NCS    ] camxncsintfqsee.cpp:2701 FillSensorData() Buffer queue for sensor 7 has been freed: bufh=0x0, bufsize=1248, stride=4
07-04 09:55:23.994  7699  7799 W Settings: Setting device_provisioned has moved from android.provider.Settings.Secure to android.provider.Settings.Global.
07-04 09:55:23.995  7699  7799 I JoyoseCloudControlManager3: network metered changed, network metered: false, deviceProvisioned: true, scAllowConn: true, try to setNetworkAccessEnabled: true
07-04 09:55:24.006  9504 10038 D WM-NetworkStateTracker: Network capabilities changed: [ Transports: WIFI Capabilities: NOT_METERED&INTERNET&NOT_RESTRICTED&TRUSTED&NOT_VPN&VALIDATED&NOT_ROAMING&FOREGROUND&NOT_CONGESTED&NOT_SUSPENDED&NOT_VCN_MANAGED LinkUpBandwidth>=32392Kbps LinkDnBandwidth>=32190Kbps TransportInfo: <SSID: <unknown ssid>, BSSID: 02:00:00:00:00:00, MAC: 02:00:00:00:00:00, IP: /192.168.0.101, Security type: 4, Supplicant state: COMPLETED, Wi-Fi standard: 5, RSSI: -67, Link speed: 390Mbps, Tx Link speed: 390Mbps, Max Supported Tx Link speed: 866Mbps, Rx Link speed: 390Mbps, Max Supported Rx Link speed: 866Mbps, Frequency: 5765MHz, Net ID: -1, Metered hint: false, score: 60, isUsable: true, CarrierMerged: false, SubscriptionId: -1, IsPrimary: -1, Trusted: true, Restricted: false, Ephemeral: false, OEM paid: false, OEM private: false, OSU AP: false, FQDN: <none>, Provider friendly name: <none>, Requesting package name: <none><none>MLO Information: , AP MLD Address: <none>, AP MLO Link Id: <none>, AP MLO Affiliated links: <none>> SignalStrength: -67 UnderlyingNetworks: Null]
07-04 09:55:24.060  2071  2136 D HeapUsage Monitor: HeapAllocSize : 123MB; monitorSize : 500MB
07-04 09:55:24.189  1052  2134 E CamX    : [ERROR][NCS    ] camxncsservice.cpp:680 EnqueueJob() Can not enqueue jobs when thread is stopped
07-04 09:55:24.189  1052  2134 W CamX    : [ WARN][NCS    ] camxncsintfqsee.cpp:2701 FillSensorData() Buffer queue for sensor 7 has been freed: bufh=0x0, bufsize=1248, stride=4
07-04 09:55:24.389  1052  2134 E CamX    : [ERROR][NCS    ] camxncsservice.cpp:680 EnqueueJob() Can not enqueue jobs when thread is stopped
07-04 09:55:24.389  1052  2134 W CamX    : [ WARN][NCS    ] camxncsintfqsee.cpp:2701 FillSensorData() Buffer queue for sensor 7 has been freed: bufh=0x0, bufsize=1248, stride=4
07-04 09:55:24.409  9504  9851 I WM-WorkerWrapper: Worker result SUCCESS for Work [ id=e183b3ac-6b01-43e2-97f7-c675ca6b248d, tags={ com.whatsapp.messaging.xmpp.XmppLifecycleWorker } ]
07-04 09:55:24.415  9504  9504 D WM-Processor: DjA e183b3ac-6b01-43e2-97f7-c675ca6b248d executed; reschedule = false
07-04 09:55:24.416  9504  9504 D WM-GreedyScheduler: Stopping tracking for WorkGenerationalId(workSpecId=e183b3ac-6b01-43e2-97f7-c675ca6b248d, generation=0)
07-04 09:55:24.416  9504  9504 D WM-SystemJobService: e183b3ac-6b01-43e2-97f7-c675ca6b248d executed on JobScheduler
07-04 09:55:24.429  2071  6340 I SmartPower.com.whatsapp/10288(9504): idle->background(2844ms) R(service unbind com.whatsapp/androidx.work.impl.background.systemjob.SystemJobService) adj=225.
07-04 09:55:24.434  2071  2731 I MiuiNetworkPolicy: updateUidState uid = 10288, uidState = 10
07-04 09:55:24.435  4930  6906 I ezue    : (REDACTED) appOpsListener %s %s
07-04 09:55:24.436  4930  6906 I ezue    : (REDACTED) Ignoring irrelevant audio permission changes for package %s
07-04 09:55:24.439  9504  9805 D WM-GreedyScheduler: Cancelling work ID e183b3ac-6b01-43e2-97f7-c675ca6b248d
07-04 09:55:24.447  9504  9805 D WM-NetworkStateTracker: Unregistering network callback
07-04 09:55:24.499  3524 18110 I NearbySharing: Network state changed: NetworkState(isRestricted=false, isOnline=true, isCongested=false, isMetered=false, isWifiConnected=true)
07-04 09:55:24.511  9504  9805 D WM-SystemJobScheduler: Scheduling work ID 528d9b60-bad4-4bea-836d-a618d38b20c9Job ID 84100
07-04 09:55:24.518  2071  2731 I MiuiNetworkPolicy: updateUidState uid = 10288, uidState = 8
07-04 09:55:24.520  4930  6906 I ezue    : (REDACTED) appOpsListener %s %s
07-04 09:55:24.520  4930  6906 I ezue    : (REDACTED) Ignoring irrelevant audio permission changes for package %s
07-04 09:55:24.523  2071  6128 D CompatibilityInfo: mCompatibilityFlags - 0
07-04 09:55:24.523  2071  6128 D CompatibilityInfo: applicationDensity - 440
07-04 09:55:24.523  2071  6128 D CompatibilityInfo: applicationScale - 1.0
07-04 09:55:24.527  9504  9805 D WM-GreedyScheduler: Starting tracking for 528d9b60-bad4-4bea-836d-a618d38b20c9
07-04 09:55:24.529  9504  9504 D WM-SystemJobService: onStartJob for WorkGenerationalId(workSpecId=528d9b60-bad4-4bea-836d-a618d38b20c9, generation=0)
07-04 09:55:24.529  9504  9805 D WM-ConstraintTracker: Diy: initial state = NetworkState(isConnected=true, isValidated=true, isMetered=false, isNotRoaming=true)
07-04 09:55:24.530  9504  9805 D WM-NetworkStateTracker: Registering network callback
07-04 09:55:24.531  2071  6128 D ConnectivityService: requestNetwork for uid/pid:10288/9504 activeRequest: null callbackRequest: 12913 [NetworkRequest [ REQUEST id=12914, [ Capabilities: INTERNET&NOT_RESTRICTED&TRUSTED&NOT_VCN_MANAGED Uid: 10288 RequestorUid: 10288 RequestorPkg: com.whatsapp UnderlyingNetworks: Null] ]] callback flags: 0 order: 2147483647 isUidTracked: false declaredMethods: ALL
07-04 09:55:24.532  9504  9805 D WM-Processor: DjA: processing WorkGenerationalId(workSpecId=528d9b60-bad4-4bea-836d-a618d38b20c9, generation=0)
07-04 09:55:24.534  9504 10038 D WM-NetworkStateTracker: Network capabilities changed: [ Transports: WIFI Capabilities: NOT_METERED&INTERNET&NOT_RESTRICTED&TRUSTED&NOT_VPN&VALIDATED&NOT_ROAMING&FOREGROUND&NOT_CONGESTED&NOT_SUSPENDED&NOT_VCN_MANAGED LinkUpBandwidth>=32392Kbps LinkDnBandwidth>=32190Kbps TransportInfo: <SSID: <unknown ssid>, BSSID: 02:00:00:00:00:00, MAC: 02:00:00:00:00:00, IP: /192.168.0.101, Security type: 4, Supplicant state: COMPLETED, Wi-Fi standard: 5, RSSI: -67, Link speed: 390Mbps, Tx Link speed: 390Mbps, Max Supported Tx Link speed: 866Mbps, Rx Link speed: 390Mbps, Max Supported Rx Link speed: 866Mbps, Frequency: 5765MHz, Net ID: -1, Metered hint: false, score: 60, isUsable: true, CarrierMerged: false, SubscriptionId: -1, IsPrimary: -1, Trusted: true, Restricted: false, Ephemeral: false, OEM paid: false, OEM private: false, OSU AP: false, FQDN: <none>, Provider friendly name: <none>, Requesting package name: <none><none>MLO Information: , AP MLD Address: <none>, AP MLO Link Id: <none>, AP MLO Affiliated links: <none>> SignalStrength: -67 UnderlyingNetworks: Null]
07-04 09:55:24.540  2071  2762 D ConnectivityService: NetReassign [12914 : null  126] [c 1] [a 1] [i 7]
07-04 09:55:24.541  2071  2735 D WifiNetworkFactory: got request NetworkRequest [ REQUEST id=12914, [ Capabilities: INTERNET&NOT_RESTRICTED&TRUSTED&NOT_VCN_MANAGED Uid: 10288 RequestorUid: 10288 RequestorPkg: com.whatsapp UnderlyingNetworks: Null] ]
07-04 09:55:24.541  2071  2735 D UntrustedWifiNetworkFactory: got request NetworkRequest [ REQUEST id=12914, [ Capabilities: INTERNET&NOT_RESTRICTED&TRUSTED&NOT_VCN_MANAGED Uid: 10288 RequestorUid: 10288 RequestorPkg: com.whatsapp UnderlyingNetworks: Null] ]
07-04 09:55:24.541  2071  2735 D OemPaidWifiNetworkFactory: got request NetworkRequest [ REQUEST id=12914, [ Capabilities: INTERNET&NOT_RESTRICTED&TRUSTED&NOT_VCN_MANAGED Uid: 10288 RequestorUid: 10288 RequestorPkg: com.whatsapp UnderlyingNetworks: Null] ]
07-04 09:55:24.541  2071  2735 D MultiInternetWifiNetworkFactory: got request NetworkRequest [ REQUEST id=12914, [ Capabilities: INTERNET&NOT_RESTRICTED&TRUSTED&NOT_VCN_MANAGED Uid: 10288 RequestorUid: 10288 RequestorPkg: com.whatsapp UnderlyingNetworks: Null] ]
07-04 09:55:24.555  9504  9504 D WM-WorkerWrapper: Starting work for com.whatsapp.messaging.xmpp.XmppLifecycleWorker
07-04 09:55:24.555  9504  9851 D WM-GreedyScheduler: Constraints met: Scheduling work ID WorkGenerationalId(workSpecId=528d9b60-bad4-4bea-836d-a618d38b20c9, generation=0)
07-04 09:55:24.557  9504  9851 D WM-Processor: Work WorkGenerationalId(workSpecId=528d9b60-bad4-4bea-836d-a618d38b20c9, generation=0) is already enqueued for processing
07-04 09:55:24.563  3359  3501 I Launcher.ApplicationsMessage: onReceive true
07-04 09:55:24.563  3359  3501 I Launcher.ApplicationsMessage: return:com.whatsapp|false
07-04 09:55:24.722  3359  3501 I Launcher.ApplicationsMessage: onReceive true
07-04 09:55:24.722  3359  3501 I Launcher.ApplicationsMessage: return:com.whatsapp|false
07-04 09:55:24.749  2071  2613 D AlarmManager: mBroadcastRefCount -> 1
07-04 09:55:24.756  2071  2149 D CompatibilityInfo: mCompatibilityFlags - 0
07-04 09:55:24.756  2071  2149 D CompatibilityInfo: applicationDensity - 440
07-04 09:55:24.756  2071  2149 D CompatibilityInfo: applicationScale - 1.0
07-04 09:55:24.763  2071  2071 D AlarmManager: mBroadcastRefCount -> 0
07-04 09:55:24.763  2071  2071 D AlarmManager: mPendingIntent -> PendingIntent{342eb96: PendingIntentRecord{99803c1 com.google.android.gms/com.google.android.gms.scheduler broadcastIntent}}
07-04 09:55:24.957  3524 18110 I NearbyMediums: No BLE Fast/GATT advertisements found in the latest cycle.
07-04 09:55:25.158  3297  3712 D MI_RIL_OEM_HOOK(com.android.phone): onPkHookCommonMsg, msg_id = 65
07-04 09:55:25.158  3297  3712 D MI_RIL_OEM_HOOK(com.android.phone): onGetHookMsgBytes, HOOK_HEAD_SIZE = 16, msg_len = 4
07-04 09:55:25.158  3297  3712 D MI_RIL_OEM_HOOK(com.android.phone): onHookSendSync, phoneId = 0
07-04 09:55:25.159  3243  3243 D QcrilMsgTunnelIfaceManager: handleMessage what = 1
07-04 09:55:25.160  3243  3243 I QcrilOemhookMsgTunnel: [0]invokeOemRilRequestRaw: serial=19573 length=36
07-04 09:55:25.189  1052  2134 E CamX    : [ERROR][NCS    ] camxncsservice.cpp:680 EnqueueJob() Can not enqueue jobs when thread is stopped
07-04 09:55:25.189  1052  2134 W CamX    : [ WARN][NCS    ] camxncsintfqsee.cpp:2701 FillSensorData() Buffer queue for sensor 7 has been freed: bufh=0x0, bufsize=1248, stride=4
07-04 09:55:25.208  1854  2019 D XIAOMI_QCRIL: RIL[lib][xiaomi_extend_nvefs.c:52] xiaomi_qmi_result_map: xiaomi_qmi_result_map, old_result 0, new_result 0
07-04 09:55:25.209  3243  3470 I QcrilOemhookMsgTunnel: [0]processOemHookResponse serial no: 19573 error: 0length=16
07-04 09:55:25.210  3243  3243 D QcrilMsgTunnelIfaceManager: handleMessage what = 2
07-04 09:55:25.211  3297  3712 D QC_RIL_OEM_HOOK: sendOemRilRequestRaw returns value = 16
07-04 09:55:25.212  3297  3712 D MI_RIL_OEM_HOOK(com.android.phone): sendQcRilHookMsgSync, requestId = 524970, phoneId = 0, ar = org.codeaurora.telephony.utils.AsyncResult@b0c0643
07-04 09:55:25.212  3297  3712 D ModemSarController_8250: type = 65, len = 4, value = 0
07-04 09:55:25.388  1052  2134 E CamX    : [ERROR][NCS    ] camxncsservice.cpp:680 EnqueueJob() Can not enqueue jobs when thread is stopped
07-04 09:55:25.388  1052  2134 W CamX    : [ WARN][NCS    ] camxncsintfqsee.cpp:2701 FillSensorData() Buffer queue for sensor 7 has been freed: bufh=0x0, bufsize=1248, stride=4
07-04 09:55:25.589  1052  2134 E CamX    : [ERROR][NCS    ] camxncsservice.cpp:680 EnqueueJob() Can not enqueue jobs when thread is stopped
07-04 09:55:25.589  1052  2134 W CamX    : [ WARN][NCS    ] camxncsintfqsee.cpp:2701 FillSensorData() Buffer queue for sensor 7 has been freed: bufh=0x0, bufsize=1248, stride=4
07-04 09:55:25.789  1052  2134 E CamX    : [ERROR][NCS    ] camxncsservice.cpp:680 EnqueueJob() Can not enqueue jobs when thread is stopped
07-04 09:55:25.789  1052  2134 W CamX    : [ WARN][NCS    ] camxncsintfqsee.cpp:2701 FillSensorData() Buffer queue for sensor 7 has been freed: bufh=0x0, bufsize=1248, stride=4
07-04 09:55:25.989  1052  2134 E CamX    : [ERROR][NCS    ] camxncsservice.cpp:680 EnqueueJob() Can not enqueue jobs when thread is stopped
07-04 09:55:25.989  1052  2134 W CamX    : [ WARN][NCS    ] camxncsintfqsee.cpp:2701 FillSensorData() Buffer queue for sensor 7 has been freed: bufh=0x0, bufsize=1248, stride=4
07-04 09:55:26.188  1052  2134 E CamX    : [ERROR][NCS    ] camxncsservice.cpp:680 EnqueueJob() Can not enqueue jobs when thread is stopped
07-04 09:55:26.189  1052  2134 W CamX    : [ WARN][NCS    ] camxncsintfqsee.cpp:2701 FillSensorData() Buffer queue for sensor 7 has been freed: bufh=0x0, bufsize=1248, stride=4
07-04 09:55:26.388  1052  2134 E CamX    : [ERROR][NCS    ] camxncsservice.cpp:680 EnqueueJob() Can not enqueue jobs when thread is stopped
07-04 09:55:26.388  1052  2134 W CamX    : [ WARN][NCS    ] camxncsintfqsee.cpp:2701 FillSensorData() Buffer queue for sensor 7 has been freed: bufh=0x0, bufsize=1248, stride=4
07-04 09:55:26.589  2071  3235 D ProcessMemoryCleaner: Compact memory: com.whatsapp/10288(9504) state=inactive adj=225 pri=11 usage=5 isKilled=false pss:306653 swap:159238
07-04 09:55:26.789  1052  2134 E CamX    : [ERROR][NCS    ] camxncsservice.cpp:680 EnqueueJob() Can not enqueue jobs when thread is stopped
07-04 09:55:26.789  1052  2134 W CamX    : [ WARN][NCS    ] camxncsintfqsee.cpp:2701 FillSensorData() Buffer queue for sensor 7 has been freed: bufh=0x0, bufsize=1248, stride=4
07-04 09:55:26.988  1052  2134 E CamX    : [ERROR][NCS    ] camxncsservice.cpp:680 EnqueueJob() Can not enqueue jobs when thread is stopped
07-04 09:55:26.988  1052  2134 W CamX    : [ WARN][NCS    ] camxncsintfqsee.cpp:2701 FillSensorData() Buffer queue for sensor 7 has been freed: bufh=0x0, bufsize=1248, stride=4
07-04 09:55:27.066  3238  4551 D QCNEJ/WlanStaInfoRelay: Received action: android.net.wifi.RSSI_CHANGED
07-04 09:55:27.077  7699  7799 W Settings: Setting device_provisioned has moved from android.provider.Settings.Secure to android.provider.Settings.Global.
07-04 09:55:27.077  7699  7799 I JoyoseCloudControlManager3: network metered changed, network metered: false, deviceProvisioned: true, scAllowConn: true, try to setNetworkAccessEnabled: true
07-04 09:55:27.092  9504 10038 D WM-NetworkStateTracker: Network capabilities changed: [ Transports: WIFI Capabilities: NOT_METERED&INTERNET&NOT_RESTRICTED&TRUSTED&NOT_VPN&VALIDATED&NOT_ROAMING&FOREGROUND&NOT_CONGESTED&NOT_SUSPENDED&NOT_VCN_MANAGED LinkUpBandwidth>=142201Kbps LinkDnBandwidth>=35255Kbps TransportInfo: <SSID: <unknown ssid>, BSSID: 02:00:00:00:00:00, MAC: 02:00:00:00:00:00, IP: /192.168.0.101, Security type: 4, Supplicant state: COMPLETED, Wi-Fi standard: 5, RSSI: -61, Link speed: 520Mbps, Tx Link speed: 520Mbps, Max Supported Tx Link speed: 866Mbps, Rx Link speed: 520Mbps, Max Supported Rx Link speed: 866Mbps, Frequency: 5765MHz, Net ID: -1, Metered hint: false, score: 60, isUsable: true, CarrierMerged: false, SubscriptionId: -1, IsPrimary: -1, Trusted: true, Restricted: false, Ephemeral: false, OEM paid: false, OEM private: false, OSU AP: false, FQDN: <none>, Provider friendly name: <none>, Requesting package name: <none><none>MLO Information: , AP MLD Address: <none>, AP MLO Link Id: <none>, AP MLO Affiliated links: <none>> SignalStrength: -61 UnderlyingNetworks: Null]
07-04 09:55:27.189  1052  2134 E CamX    : [ERROR][NCS    ] camxncsservice.cpp:680 EnqueueJob() Can not enqueue jobs when thread is stopped
07-04 09:55:27.189  1052  2134 W CamX    : [ WARN][NCS    ] camxncsintfqsee.cpp:2701 FillSensorData() Buffer queue for sensor 7 has been freed: bufh=0x0, bufsize=1248, stride=4
07-04 09:55:27.389  1052  2134 E CamX    : [ERROR][NCS    ] camxncsservice.cpp:680 EnqueueJob() Can not enqueue jobs when thread is stopped
07-04 09:55:27.389  1052  2134 W CamX    : [ WARN][NCS    ] camxncsintfqsee.cpp:2701 FillSensorData() Buffer queue for sensor 7 has been freed: bufh=0x0, bufsize=1248, stride=4
07-04 09:55:27.430  2071  2943 I SmartPower.com.whatsapp/10288(9504): background->idle(3001ms) R(service unbind com.whatsapp/androidx.work.impl.background.systemjob.SystemJobService) adj=225.
07-04 09:55:27.586  3524 18110 I NearbySharing: Network state changed: NetworkState(isRestricted=false, isOnline=true, isCongested=false, isMetered=false, isWifiConnected=true)
07-04 09:55:27.589  1052  2134 E CamX    : [ERROR][NCS    ] camxncsservice.cpp:680 EnqueueJob() Can not enqueue jobs when thread is stopped
07-04 09:55:27.589  1052  2134 W CamX    : [ WARN][NCS    ] camxncsintfqsee.cpp:2701 FillSensorData() Buffer queue for sensor 7 has been freed: bufh=0x0, bufsize=1248, stride=4
07-04 09:55:27.788  1052  2134 E CamX    : [ERROR][NCS    ] camxncsservice.cpp:680 EnqueueJob() Can not enqueue jobs when thread is stopped
07-04 09:55:27.789  1052  2134 W CamX    : [ WARN][NCS    ] camxncsintfqsee.cpp:2701 FillSensorData() Buffer queue for sensor 7 has been freed: bufh=0x0, bufsize=1248, stride=4
07-04 09:55:27.989  1052  2134 E CamX    : [ERROR][NCS    ] camxncsservice.cpp:680 EnqueueJob() Can not enqueue jobs when thread is stopped
07-04 09:55:27.989  1052  2134 W CamX    : [ WARN][NCS    ] camxncsintfqsee.cpp:2701 FillSensorData() Buffer queue for sensor 7 has been freed: bufh=0x0, bufsize=1248, stride=4
07-04 09:55:28.189  1052  2134 E CamX    : [ERROR][NCS    ] camxncsservice.cpp:680 EnqueueJob() Can not enqueue jobs when thread is stopped
07-04 09:55:28.189  1052  2134 W CamX    : [ WARN][NCS    ] camxncsintfqsee.cpp:2701 FillSensorData() Buffer queue for sensor 7 has been freed: bufh=0x0, bufsize=1248, stride=4
07-04 09:55:28.425  2071  5018 W ProcessStats: Tracking association SourceState{fc0ecf9 com.miui.securitycenter:ui/1000 BTopFgs #304153} whose proc state 2 is better than process ProcessState{949221d com.miui.securitycenter.remote/1000 pkg=com.miui.securitycenter} proc state 3 (135 skipped)
