07-04 09:55:00.080  3325  3325 E ReflectUtils: 	at android.os.Handler.dispatchMessage(Handler.java:99)
07-04 09:55:00.080  3325  3325 E ReflectUtils: 	at android.os.Looper.loopOnce(Looper.java:211)
07-04 09:55:00.080  3325  3325 E ReflectUtils: 	at android.os.Looper.loop(Looper.java:300)
07-04 09:55:00.080  3325  3325 E ReflectUtils: 	at android.app.ActivityThread.main(ActivityThread.java:8503)
07-04 09:55:00.080  3325  3325 E ReflectUtils: 	at java.lang.reflect.Method.invoke(Native Method)
07-04 09:55:00.080  3325  3325 E ReflectUtils: 	at com.android.internal.os.RuntimeInit$MethodAndArgsCaller.run(RuntimeInit.java:561)
07-04 09:55:00.080  3325  3325 E ReflectUtils: 	at com.android.internal.os.ZygoteInit.main(ZygoteInit.java:954)
07-04 09:55:00.080  3325  3325 E ReflectUtils: Caused by: android.content.pm.PackageManager$NameNotFoundException: com.mi.health
07-04 09:55:00.080  3325  3325 E ReflectUtils: 	at android.app.ApplicationPackageManager.getPackageInfoAsUser(ApplicationPackageManager.java:254)
07-04 09:55:00.080  3325  3325 E ReflectUtils: 	at android.app.ApplicationPackageManager.getPackageInfoAsUser(ApplicationPackageManager.java:242)
07-04 09:55:00.080  3325  3325 E ReflectUtils: 	... 15 more
07-04 09:55:00.122  3325  3325 E AnimationHelper: updateTime mToAod:false mHasNotification: true, mClockType: classic
07-04 09:55:00.123  3325  3325 D KeyguardUpdateMonitor: handleTimeUpdate
07-04 09:55:00.127  3325  3325 D MiuiStatusBarClock: updateTime: 9:55
07-04 09:55:00.189  1052  2134 E CamX    : [ERROR][NCS    ] camxncsservice.cpp:680 EnqueueJob() Can not enqueue jobs when thread is stopped
07-04 09:55:00.189  1052  2134 W CamX    : [ WARN][NCS    ] camxncsintfqsee.cpp:2701 FillSensorData() Buffer queue for sensor 7 has been freed: bufh=0x0, bufsize=1248, stride=4
07-04 09:55:00.388  1052  2134 E CamX    : [ERROR][NCS    ] camxncsservice.cpp:680 EnqueueJob() Can not enqueue jobs when thread is stopped
07-04 09:55:00.388  1052  2134 W CamX    : [ WARN][NCS    ] camxncsintfqsee.cpp:2701 FillSensorData() Buffer queue for sensor 7 has been freed: bufh=0x0, bufsize=1248, stride=4
07-04 09:55:00.438   904   904 I Zygote  : Process 16283 exited due to signal 9 (Killed)
07-04 09:55:00.443  2071  2149 I libprocessgroup: Successfully killed process cgroup uid 10209 pid 16283 in 16ms
07-04 09:55:00.572  2071  2613 I SmartPower.com.google.android.gms.unstable/10153(13760): idle->background(168842ms) R(alarm start) adj=800.
07-04 09:55:00.573  2071  2613 D AlarmManager: mBroadcastRefCount -> 1
07-04 09:55:00.582  2071  2149 D CompatibilityInfo: mCompatibilityFlags - 0
07-04 09:55:00.582  2071  2149 D CompatibilityInfo: applicationDensity - 440
07-04 09:55:00.582  2071  2149 D CompatibilityInfo: applicationScale - 1.0
07-04 09:55:00.588  1052  2134 E CamX    : [ERROR][NCS    ] camxncsservice.cpp:680 EnqueueJob() Can not enqueue jobs when thread is stopped
07-04 09:55:00.588  1052  2134 W CamX    : [ WARN][NCS    ] camxncsintfqsee.cpp:2701 FillSensorData() Buffer queue for sensor 7 has been freed: bufh=0x0, bufsize=1248, stride=4
07-04 09:55:00.605  2071  2071 D AlarmManager: mBroadcastRefCount -> 0
07-04 09:55:00.605  2071  2071 D AlarmManager: mPendingIntent -> PendingIntent{24dfa33: PendingIntentRecord{99803c1 com.google.android.gms/com.google.android.gms.scheduler broadcastIntent}}
07-04 09:55:00.727 18446 18823 D ProfileInstaller: Installing profile for com.growME
07-04 09:55:00.789  1052  2134 E CamX    : [ERROR][NCS    ] camxncsservice.cpp:680 EnqueueJob() Can not enqueue jobs when thread is stopped
07-04 09:55:00.789  1052  2134 W CamX    : [ WARN][NCS    ] camxncsintfqsee.cpp:2701 FillSensorData() Buffer queue for sensor 7 has been freed: bufh=0x0, bufsize=1248, stride=4
07-04 09:55:00.989  1052  2134 E CamX    : [ERROR][NCS    ] camxncsservice.cpp:680 EnqueueJob() Can not enqueue jobs when thread is stopped
07-04 09:55:00.989  1052  2134 W CamX    : [ WARN][NCS    ] camxncsintfqsee.cpp:2701 FillSensorData() Buffer queue for sensor 7 has been freed: bufh=0x0, bufsize=1248, stride=4
07-04 09:55:01.375 18515 18824 D ProfileInstaller: Skipping profile installation for com.xiaomi.mipicks
07-04 09:55:01.388  1052  2134 E CamX    : [ERROR][NCS    ] camxncsservice.cpp:680 EnqueueJob() Can not enqueue jobs when thread is stopped
07-04 09:55:01.388  1052  2134 W CamX    : [ WARN][NCS    ] camxncsintfqsee.cpp:2701 FillSensorData() Buffer queue for sensor 7 has been freed: bufh=0x0, bufsize=1248, stride=4
07-04 09:55:01.589  1052  2134 E CamX    : [ERROR][NCS    ] camxncsservice.cpp:680 EnqueueJob() Can not enqueue jobs when thread is stopped
07-04 09:55:01.589  1052  2134 W CamX    : [ WARN][NCS    ] camxncsintfqsee.cpp:2701 FillSensorData() Buffer queue for sensor 7 has been freed: bufh=0x0, bufsize=1248, stride=4
07-04 09:55:01.789  1052  2134 E CamX    : [ERROR][NCS    ] camxncsservice.cpp:680 EnqueueJob() Can not enqueue jobs when thread is stopped
07-04 09:55:01.789  1052  2134 W CamX    : [ WARN][NCS    ] camxncsintfqsee.cpp:2701 FillSensorData() Buffer queue for sensor 7 has been freed: bufh=0x0, bufsize=1248, stride=4
07-04 09:55:02.008  2071  3204 D SLM-SRV-SLAService: checktemp temperature = 38301 temperature_average = 37743 isPerformanceMode = false thermal_enable_slm = true
07-04 09:55:02.189  1052  2134 E CamX    : [ERROR][NCS    ] camxncsservice.cpp:680 EnqueueJob() Can not enqueue jobs when thread is stopped
07-04 09:55:02.189  1052  2134 W CamX    : [ WARN][NCS    ] camxncsintfqsee.cpp:2701 FillSensorData() Buffer queue for sensor 7 has been freed: bufh=0x0, bufsize=1248, stride=4
07-04 09:55:02.316  2071  2071 D UiModeManager: updateConfigurationLocked: mDockState=0; mCarMode=false; mCar=false; mPowerSave=false; mComputedNightMode=true; mNightMode=2; uiMode=33
07-04 09:55:02.318  3297  3297 D DynamicService_WifiBt:  ACTION_BATTERY_CHANGED change,USB plug = 1
07-04 09:55:02.321  3254  3254 D QtiCarrierConfigHelper: WARNING, no carrier configs on phone Id: 0
07-04 09:55:02.323  6915  6915 I PowerSaveService: onReceive: android.intent.action.BATTERY_CHANGED
07-04 09:55:02.323  6915  6915 I PowerNoticeUI: handleBatteryChanged oldPlugType 1 mPlugType 1 oldBatteryLevel 100 mBatteryLevel 100 temperature 355
07-04 09:55:02.323  6915  6915 I ChargerBatteryIntelligenceReceiver: onBatteryChanged temperature35,plugType:1
07-04 09:55:02.324  6915  6915 I PowerFeatureUtils: getVendorName:qcom
07-04 09:55:02.325  7696  7836 D PowerCheckerService: onBatteryChanged, mBatteryLevel = 100, status = 5, level = 100, plug = 1, scale = 100
07-04 09:55:02.326  2071  2149 I SmartPower.com.whatsapp/10288(9504): idle->background(13281ms) R(broadcast start Intent { act=android.intent.action.BATTERY_CHANGED flg=0x60000010 (has extras) }) adj=225.
07-04 09:55:02.327  3243  3243 V DeviceStatisticsService: chargerType=1 batteryLevel=100 totalBatteryCapacity=3541000
07-04 09:55:02.327  2071  2149 I SmartPower.com.google.android.googlequicksearchbox:interactor/10163(4930): idle->background(4836ms) R(broadcast start Intent { act=android.intent.action.BATTERY_CHANGED flg=0x60000010 (has extras) }) adj=100.
07-04 09:55:02.328  2071  2149 I SmartPower.com.digibites.accubattery/10320(14052): idle->background(5142ms) R(broadcast start Intent { act=android.intent.action.BATTERY_CHANGED flg=0x60000010 (has extras) }) adj=200.
07-04 09:55:02.329  6915  9761 I android_os_HwBinder: HwBinder: Starting thread pool for getting: vendor.xiaomi.hardware.micharge@1.0::IMiCharge/default
07-04 09:55:02.330  1092 14865 I vendor.xiaomi.hardware.micharge@1.0-service: ReadFilePathValue path = /sys/class/power_supply/battery/night_charging value = 0
07-04 09:55:02.330  6915  9761 I ChargeProtectionUtils: getNightChargingState: 0
07-04 09:55:02.331  7696  7836 D PowerKeeper.Thermal: mBatteryTemperature: 35
07-04 09:55:02.331  2071  2149 I SmartPower.com.facebook.orca/10312(15131): idle->background(5141ms) R(broadcast start Intent { act=android.intent.action.BATTERY_CHANGED flg=0x60000010 (has extras) }) adj=935.
07-04 09:55:02.331  2071  2149 I SmartPower.com.google.android.youtube/10212(15132): idle->background(5139ms) R(broadcast start Intent { act=android.intent.action.BATTERY_CHANGED flg=0x60000010 (has extras) }) adj=935.
07-04 09:55:02.332  2071  2149 I SmartPower.com.tokopedia.tkpd/10290(15133): idle->background(5139ms) R(broadcast start Intent { act=android.intent.action.BATTERY_CHANGED flg=0x60000010 (has extras) }) adj=945.
07-04 09:55:02.332  2071  2149 I SmartPower.com.android.chrome/10209(16142): idle->background(5131ms) R(broadcast start Intent { act=android.intent.action.BATTERY_CHANGED flg=0x60000010 (has extras) }) adj=925.
07-04 09:55:02.333  2071  2149 I SmartPower.com.miui.android.fashiongallery/10266(16482): idle->background(5129ms) R(broadcast start Intent { act=android.intent.action.BATTERY_CHANGED flg=0x60000010 (has extras) }) adj=935.
07-04 09:55:02.333  2071  2149 I SmartPower.com.instagram.barcelona/10362(16609): idle->background(5130ms) R(broadcast start Intent { act=android.intent.action.BATTERY_CHANGED flg=0x60000010 (has extras) }) adj=975.
07-04 09:55:02.333  2071  2149 I SmartPower.com.facebook.katana/10282(17224): idle->background(5130ms) R(broadcast start Intent { act=android.intent.action.BATTERY_CHANGED flg=0x60000010 (has extras) }) adj=965.
07-04 09:55:02.334  2071  2149 I SmartPower.com.xiaomi.discover/10164(18452): idle->background(4960ms) R(broadcast start Intent { act=android.intent.action.BATTERY_CHANGED flg=0x60000010 (has extras) }) adj=905.
07-04 09:55:02.389  1052  2134 E CamX    : [ERROR][NCS    ] camxncsservice.cpp:680 EnqueueJob() Can not enqueue jobs when thread is stopped
07-04 09:55:02.389  1052  2134 W CamX    : [ WARN][NCS    ] camxncsintfqsee.cpp:2701 FillSensorData() Buffer queue for sensor 7 has been freed: bufh=0x0, bufsize=1248, stride=4
07-04 09:55:02.456  2071  6340 D CompatibilityInfo: mCompatibilityFlags - 0
07-04 09:55:02.456  2071  6340 D CompatibilityInfo: applicationDensity - 440
07-04 09:55:02.456  2071  6340 D CompatibilityInfo: applicationScale - 1.0
07-04 09:55:02.482 22142 18826 I GmscoreIpa: Starting mediastore instant index [CONTEXT service_id=255 ]
07-04 09:55:02.521  2071  5018 D CompatibilityChangeReporter: Compat change id reported: 182734110; UID 10153; state: ENABLED
07-04 09:55:02.562  2071  6340 D PerfShielderService: com.android.systemui|StatusBar|148|92875109954255|148|0|1
07-04 09:55:02.564  4977 19455 W MiuiPerfServiceClient: interceptAndQueuing:3325|com.android.systemui|148|148|92875109954255|Slow main thread|1
07-04 09:55:02.588  1052  2134 E CamX    : [ERROR][NCS    ] camxncsservice.cpp:680 EnqueueJob() Can not enqueue jobs when thread is stopped
07-04 09:55:02.588  1052  2134 W CamX    : [ WARN][NCS    ] camxncsintfqsee.cpp:2701 FillSensorData() Buffer queue for sensor 7 has been freed: bufh=0x0, bufsize=1248, stride=4
07-04 09:55:02.777  3359  3501 I Launcher.ApplicationsMessage: onReceive true
07-04 09:55:02.777  3359  3501 I Launcher.ApplicationsMessage: return:com.whatsapp|false
07-04 09:55:02.946  2071 19754 I PackageManager: performDexOptTraced: com.growME, isCallerShell: false, reason: 13
07-04 09:55:02.947  2071 19754 D DexoptServiceThread: Start to wait dexopt result.
07-04 09:55:02.957 18837 18837 W profman : type=1400 audit(0.0:221500): avc: denied { read write } for path="socket:[227933]" dev="sockfs" ino=227933 scontext=u:r:profman:s0 tcontext=u:r:installd:s0 tclass=unix_stream_socket permissive=0
07-04 09:55:02.988  1052  2134 E CamX    : [ERROR][NCS    ] camxncsservice.cpp:680 EnqueueJob() Can not enqueue jobs when thread is stopped
07-04 09:55:02.988  1052  2134 W CamX    : [ WARN][NCS    ] camxncsintfqsee.cpp:2701 FillSensorData() Buffer queue for sensor 7 has been freed: bufh=0x0, bufsize=1248, stride=4
07-04 09:55:03.009 18837 18837 W profman : type=1400 audit(0.0:221501): avc: denied { read } for name="u:object_r:vendor_default_prop:s0" dev="tmpfs" ino=13896 scontext=u:r:profman:s0 tcontext=u:object_r:vendor_default_prop:s0 tclass=file permissive=0
07-04 09:55:03.011 18837 18837 W libc    : Access denied finding property "persist.vendor.track.malloc.enable"
07-04 09:55:03.029  2071 19755 I PackageDexOptimizer: Running dexopt (dexoptNeeded=-3) on: /data/app/~~-t5u8m13U_rnJCdt0h5Aww==/com.growME-6JpTeahm4I2XXUFm70F_NA==/base.apk pkg=com.growME isa=arm64 dexoptFlags=boot_complete,profile_guided,enable_hidden_api_checks targetFilter=speed-profile oatDir=/data/app/~~-t5u8m13U_rnJCdt0h5Aww==/com.growME-6JpTeahm4I2XXUFm70F_NA==/oat classLoaderContext=PCL[]{}
07-04 09:55:03.030  1747  1747 D installd: dexopt compilation_reason is first-use
07-04 09:55:03.031  1747  1747 V installd: DexInv: --- BEGIN '/data/app/~~-t5u8m13U_rnJCdt0h5Aww==/com.growME-6JpTeahm4I2XXUFm70F_NA==/base.apk' ---
07-04 09:55:03.034  1747  1747 E installd: Failed to set flags for file:/data/app/~~-t5u8m13U_rnJCdt0h5Aww==/com.growME-6JpTeahm4I2XXUFm70F_NA==/oat/arm64/base.odex.: Operation not supported on transport endpoint
07-04 09:55:03.034  1747  1747 E installd: Failed to set flags for file:/data/app/~~-t5u8m13U_rnJCdt0h5Aww==/com.growME-6JpTeahm4I2XXUFm70F_NA==/oat/arm64/base.vdex.: Operation not supported on transport endpoint
07-04 09:55:03.034  1747  1747 V installd: Running /apex/com.android.art/bin/dex2oat64 in=base.apk out=/data/app/~~-t5u8m13U_rnJCdt0h5Aww==/com.growME-6JpTeahm4I2XXUFm70F_NA==/oat/arm64/base.odex
07-04 09:55:03.038  1747  1747 W installd: dexopt_async: com.growME secondaryId is 0
07-04 09:55:03.053 18838 18838 W dex2oat64: type=1400 audit(0.0:221502): avc: denied { read write } for path="socket:[227933]" dev="sockfs" ino=227933 scontext=u:r:dex2oat:s0 tcontext=u:r:installd:s0 tclass=unix_stream_socket permissive=0
07-04 09:55:03.124 18838 18838 W libc    : Access denied finding property "persist.vendor.track.malloc.enable"
07-04 09:55:03.121 18838 18838 W dex2oat64: type=1400 audit(0.0:221503): avc: denied { read } for name="u:object_r:vendor_default_prop:s0" dev="tmpfs" ino=13896 scontext=u:r:dex2oat:s0 tcontext=u:object_r:vendor_default_prop:s0 tclass=file permissive=0
07-04 09:55:03.139 18838 18838 I dex2oat64: /apex/com.android.art/bin/dex2oat64 --input-vdex-fd=12 --output-vdex-fd=11 --profile-file-fd=14 --classpath-dir=/data/app/~~-t5u8m13U_rnJCdt0h5Aww==/com.growME-6JpTeahm4I2XXUFm70F_NA== --class-loader-context=PCL[]{} --compiler-filter=speed-profile --compilation-reason=first-use --cpu-set=0,1,2,3 --max-image-block-size=524288 --resolve-startup-const-strings=true --generate-mini-debug-info -j6
07-04 09:55:03.189 18838 18838 I dex2oat64: Using CollectorTypeCC GC.
07-04 09:55:03.388  1052  2134 E CamX    : [ERROR][NCS    ] camxncsservice.cpp:680 EnqueueJob() Can not enqueue jobs when thread is stopped
07-04 09:55:03.388  1052  2134 W CamX    : [ WARN][NCS    ] camxncsintfqsee.cpp:2701 FillSensorData() Buffer queue for sensor 7 has been freed: bufh=0x0, bufsize=1248, stride=4
07-04 09:55:03.574  2071  2943 I SmartPower.com.google.android.gms.unstable/10153(13760): background->idle(3002ms) R(alarm start) adj=100.
07-04 09:55:03.732 18838 18838 I dex2oat64: Explicit concurrent copying GC freed 4790KB AllocSpace bytes, 0(0B) LOS objects, 99% free, 59KB/24MB, paused 59us,13us total 8.300ms
07-04 09:55:03.788  1052  2134 E CamX    : [ERROR][NCS    ] camxncsservice.cpp:680 EnqueueJob() Can not enqueue jobs when thread is stopped
07-04 09:55:03.788  1052  2134 W CamX    : [ WARN][NCS    ] camxncsintfqsee.cpp:2701 FillSensorData() Buffer queue for sensor 7 has been freed: bufh=0x0, bufsize=1248, stride=4
07-04 09:55:03.806 18838 18838 I dex2oat64: dex2oat took 670.286ms (939.880ms cpu) (threads: 6) arena alloc=3901KB (3995640B) java alloc=59KB (61248B) native alloc=3949KB (4044776B) free=942KB (964632B)
07-04 09:55:03.822 13969 14168 I Finsky  : [480] AIM: AppInfoManager-Perf > Destroying AppInfoManager ...
07-04 09:55:03.829  1747 18839 V installd: DexInv: --- END 'com.growME' secondaryId is 0 (success) ---
07-04 09:55:03.831  2071 20042 E DexoptServiceThread: Remove dexopt pid 18838 and cancelled is false
07-04 09:55:03.832  2071 20042 D DexoptServiceThread: packageName : com.growME result : 1 finished, notify next.
07-04 09:55:03.832  2071 19754 D DexoptServiceThread: Dexopt finished, waiting time(885ms), result:1
07-04 09:55:03.832  2071 19754 I PackageManager: Dexopt with async: com.growME, finished.
07-04 09:55:03.832  2071 19754 D PackageManager: FirstUseActivity packageName = com.growME success = true
07-04 09:55:03.832  2071 19754 I PackageManager: FirstUseActivity Pinning optimized code com.growME
07-04 09:55:03.833 22142  4726 I gle.android.gms: Explicit concurrent copying GC freed 8637KB AllocSpace bytes, 21(996KB) LOS objects, 39% free, 36MB/60MB, paused 208us,37us total 288.210ms
07-04 09:55:03.971  2071  2859 D CompatibilityChangeReporter: Compat change id reported: 74210811; UID 1000; state: DISABLED
07-04 09:55:03.988  1052  2134 E CamX    : [ERROR][NCS    ] camxncsservice.cpp:680 EnqueueJob() Can not enqueue jobs when thread is stopped
07-04 09:55:03.988  1052  2134 W CamX    : [ WARN][NCS    ] camxncsintfqsee.cpp:2701 FillSensorData() Buffer queue for sensor 7 has been freed: bufh=0x0, bufsize=1248, stride=4
07-04 09:55:04.081  1618  1888 I BtGatt.ScanManager: msg.what = MSG_BALANCED_TIMEOUT, msg.arg1 = BALANCED_TIMEOUT
07-04 09:55:04.086  1618  1888 D BtGatt.ScanManager: handleBalancedTimeout() called with: client = [ [ScanClient scanModeApp 1 scanModeUsed 1 [appScanStats com.google.uid.shared:10153]]]
07-04 09:55:04.088  1618  1888 D BtGatt.ScanManager: handleBalancedTimeout() -- com.google.android.gms is foreground
07-04 09:55:04.188  1052  2134 E CamX    : [ERROR][NCS    ] camxncsservice.cpp:680 EnqueueJob() Can not enqueue jobs when thread is stopped
07-04 09:55:04.188  1052  2134 W CamX    : [ WARN][NCS    ] camxncsintfqsee.cpp:2701 FillSensorData() Buffer queue for sensor 7 has been freed: bufh=0x0, bufsize=1248, stride=4
07-04 09:55:04.333  2071  2145 W ProcessStats: Tracking association SourceState{fc0ecf9 com.miui.securitycenter:ui/1000 BTopFgs #304120} whose proc state 2 is better than process ProcessState{949221d com.miui.securitycenter.remote/1000 pkg=com.miui.securitycenter} proc state 3 (668 skipped)
07-04 09:55:04.388  1052  2134 E CamX    : [ERROR][NCS    ] camxncsservice.cpp:680 EnqueueJob() Can not enqueue jobs when thread is stopped
07-04 09:55:04.389  1052  2134 W CamX    : [ WARN][NCS    ] camxncsintfqsee.cpp:2701 FillSensorData() Buffer queue for sensor 7 has been freed: bufh=0x0, bufsize=1248, stride=4
07-04 09:55:04.589  1052  2134 E CamX    : [ERROR][NCS    ] camxncsservice.cpp:680 EnqueueJob() Can not enqueue jobs when thread is stopped
07-04 09:55:04.589  1052  2134 W CamX    : [ WARN][NCS    ] camxncsintfqsee.cpp:2701 FillSensorData() Buffer queue for sensor 7 has been freed: bufh=0x0, bufsize=1248, stride=4
07-04 09:55:04.767 17186 17240 W Bq      : [ccs_log]	UTC+07 2025-07-04 09:55:04.741[tid-509553917104 BQPingWorker]	[W]	[network]	ping tick:3
07-04 09:55:04.768 17186 17240 V Bq      : [ccs_log]	UTC+07 2025-07-04 09:55:04.741[tid-509553917104 BQPingWorker]	[V]	[network]	send_cmd:csPing body:{
07-04 09:55:04.768 17186 17240 V Bq      :     "seq": 3
07-04 09:55:04.768 17186 17240 V Bq      : } 
07-04 09:55:04.768 17186 17240 V Bq      : pkg_len=48
07-04 09:55:04.788  1052  2134 E CamX    : [ERROR][NCS    ] camxncsservice.cpp:680 EnqueueJob() Can not enqueue jobs when thread is stopped
07-04 09:55:04.788  1052  2134 W CamX    : [ WARN][NCS    ] camxncsintfqsee.cpp:2701 FillSensorData() Buffer queue for sensor 7 has been freed: bufh=0x0, bufsize=1248, stride=4
07-04 09:55:04.835 13636 13636 I SidebarWrapper: lowlightSidebarLine
07-04 09:55:04.836 13636 13636 I SidebarAnimUtils: setAlpha: alpha = 0.4
07-04 09:55:04.836 17186 17240 V Bq      : [ccs_log]	UTC+07 2025-07-04 09:55:04.769[tid-511277628592 BQNetWorker]	[V]	[network]	recv_cmd:scPing, cmd_data:{"seq":3,"server_time":1751597704} pkg_len=59
07-04 09:55:04.836 17186 17240 I Bq      : [ccs_log]	UTC+07 2025-07-04 09:55:04.769[tid-511277628592 BQNetWorker]	[I]	[module.inner]	inner module task execute result:0, module name:inner_module_ping, cmd:scPing, cmd_data:{"seq":3,"server_time":1751597704}
07-04 09:55:04.836 17186 17240 I Bq      : [ccs_log]	UTC+07 2025-07-04 09:55:04.769[tid-511277628592 BQNetWorker]	[I]	[module.manager]	execute inner task finished, result : 0, cmd : scPing, cmd_data : {"seq":3,"server_time":1751597704}, error_info:
07-04 09:55:04.954  3524 18110 I NearbyMediums: No BLE Fast/GATT advertisements found in the latest cycle.
07-04 09:55:04.962  3297  3712 D MI_RIL_OEM_HOOK(com.android.phone): onPkHookCommonMsg, msg_id = 65
07-04 09:55:04.962  3297  3712 D MI_RIL_OEM_HOOK(com.android.phone): onGetHookMsgBytes, HOOK_HEAD_SIZE = 16, msg_len = 4
07-04 09:55:04.962  3297  3712 D MI_RIL_OEM_HOOK(com.android.phone): onHookSendSync, phoneId = 0
07-04 09:55:04.963  3243  3243 D QcrilMsgTunnelIfaceManager: handleMessage what = 1
07-04 09:55:04.964  3243  3243 I QcrilOemhookMsgTunnel: [0]invokeOemRilRequestRaw: serial=19569 length=36
07-04 09:55:04.988  1052  2134 E CamX    : [ERROR][NCS    ] camxncsservice.cpp:680 EnqueueJob() Can not enqueue jobs when thread is stopped
07-04 09:55:04.988  1052  2134 W CamX    : [ WARN][NCS    ] camxncsintfqsee.cpp:2701 FillSensorData() Buffer queue for sensor 7 has been freed: bufh=0x0, bufsize=1248, stride=4
07-04 09:55:05.008  1854  2019 D XIAOMI_QCRIL: RIL[lib][xiaomi_extend_nvefs.c:52] xiaomi_qmi_result_map: xiaomi_qmi_result_map, old_result 0, new_result 0
07-04 09:55:05.010  3243  3470 I QcrilOemhookMsgTunnel: [0]processOemHookResponse serial no: 19569 error: 0length=16
07-04 09:55:05.010  3243  3243 D QcrilMsgTunnelIfaceManager: handleMessage what = 2
07-04 09:55:05.014  3297  3712 D QC_RIL_OEM_HOOK: sendOemRilRequestRaw returns value = 16
07-04 09:55:05.014  3297  3712 D MI_RIL_OEM_HOOK(com.android.phone): sendQcRilHookMsgSync, requestId = 524970, phoneId = 0, ar = org.codeaurora.telephony.utils.AsyncResult@1b5a6a7
07-04 09:55:05.015  3297  3712 D ModemSarController_8250: type = 65, len = 4, value = 0
07-04 09:55:05.188  1052  2134 E CamX    : [ERROR][NCS    ] camxncsservice.cpp:680 EnqueueJob() Can not enqueue jobs when thread is stopped
07-04 09:55:05.188  1052  2134 W CamX    : [ WARN][NCS    ] camxncsintfqsee.cpp:2701 FillSensorData() Buffer queue for sensor 7 has been freed: bufh=0x0, bufsize=1248, stride=4
07-04 09:55:05.227  3359  3501 I Launcher.ApplicationsMessage: onReceive true
07-04 09:55:05.227  3359  3501 I Launcher.ApplicationsMessage: return:com.whatsapp|false
07-04 09:55:05.332  2071  2943 I SmartPower.com.whatsapp/10288(9504): background->idle(3005ms) R(broadcast start Intent { act=android.intent.action.BATTERY_CHANGED flg=0x60000010 (has extras) }) adj=225.
07-04 09:55:05.332  2071  2943 I SmartPower.com.google.android.googlequicksearchbox:interactor/10163(4930): background->idle(3005ms) R(broadcast start Intent { act=android.intent.action.BATTERY_CHANGED flg=0x60000010 (has extras) }) adj=100.
07-04 09:55:05.332  2071  2943 I SmartPower.com.digibites.accubattery/10320(14052): background->idle(3004ms) R(broadcast start Intent { act=android.intent.action.BATTERY_CHANGED flg=0x60000010 (has extras) }) adj=200.
07-04 09:55:05.332  2071  2943 I SmartPower.com.facebook.orca/10312(15131): background->idle(3001ms) R(broadcast start Intent { act=android.intent.action.BATTERY_CHANGED flg=0x60000010 (has extras) }) adj=935.
07-04 09:55:05.332  2071  2943 I SmartPower.com.google.android.youtube/10212(15132): background->idle(3001ms) R(broadcast start Intent { act=android.intent.action.BATTERY_CHANGED flg=0x60000010 (has extras) }) adj=935.
07-04 09:55:05.333  2071  2943 I SmartPower.com.tokopedia.tkpd/10290(15133): background->idle(3001ms) R(broadcast start Intent { act=android.intent.action.BATTERY_CHANGED flg=0x60000010 (has extras) }) adj=945.
07-04 09:55:05.333  2071  2943 I SmartPower.com.android.chrome/10209(16142): background->idle(3001ms) R(broadcast start Intent { act=android.intent.action.BATTERY_CHANGED flg=0x60000010 (has extras) }) adj=925.
07-04 09:55:05.333  2071  2943 I SmartPower.com.miui.android.fashiongallery/10266(16482): background->idle(3001ms) R(broadcast start Intent { act=android.intent.action.BATTERY_CHANGED flg=0x60000010 (has extras) }) adj=935.
07-04 09:55:05.334  2071  2943 I SmartPower.com.instagram.barcelona/10362(16609): background->idle(3001ms) R(broadcast start Intent { act=android.intent.action.BATTERY_CHANGED flg=0x60000010 (has extras) }) adj=975.
07-04 09:55:05.334  2071  2943 I SmartPower.com.facebook.katana/10282(17224): background->idle(3001ms) R(broadcast start Intent { act=android.intent.action.BATTERY_CHANGED flg=0x60000010 (has extras) }) adj=965.
07-04 09:55:05.334  2071  2943 I SmartPower.com.xiaomi.discover/10164(18452): background->idle(3001ms) R(broadcast start Intent { act=android.intent.action.BATTERY_CHANGED flg=0x60000010 (has extras) }) adj=905.
07-04 09:55:05.389  1052  2134 E CamX    : [ERROR][NCS    ] camxncsservice.cpp:680 EnqueueJob() Can not enqueue jobs when thread is stopped
07-04 09:55:05.389  1052  2134 W CamX    : [ WARN][NCS    ] camxncsintfqsee.cpp:2701 FillSensorData() Buffer queue for sensor 7 has been freed: bufh=0x0, bufsize=1248, stride=4
07-04 09:55:05.588  1052  2134 E CamX    : [ERROR][NCS    ] camxncsservice.cpp:680 EnqueueJob() Can not enqueue jobs when thread is stopped
07-04 09:55:05.588  1052  2134 W CamX    : [ WARN][NCS    ] camxncsintfqsee.cpp:2701 FillSensorData() Buffer queue for sensor 7 has been freed: bufh=0x0, bufsize=1248, stride=4
07-04 09:55:05.624  3524 18121 I NetworkScheduler: (REDACTED) Error inserting %s
07-04 09:55:05.661  2071  2731 I MiuiNetworkPolicy: updateUidState uid = 99072, uidState = 4
07-04 09:55:05.662  2071  2731 I MiuiNetworkPolicy: updateUidState uid = 10153, uidState = 4
07-04 09:55:05.707  3524 17980 I NetworkScheduler: (REDACTED) Error inserting %s
07-04 09:55:05.789  3524 17981 I NetworkScheduler: (REDACTED) Error inserting %s
07-04 09:55:05.873  3524 17980 I NetworkScheduler: (REDACTED) Error inserting %s
07-04 09:55:05.988  1052  2134 E CamX    : [ERROR][NCS    ] camxncsservice.cpp:680 EnqueueJob() Can not enqueue jobs when thread is stopped
07-04 09:55:05.988  1052  2134 W CamX    : [ WARN][NCS    ] camxncsintfqsee.cpp:2701 FillSensorData() Buffer queue for sensor 7 has been freed: bufh=0x0, bufsize=1248, stride=4
07-04 09:55:06.156  3524 17981 I NetworkScheduler: (REDACTED) Error inserting %s
07-04 09:55:06.189  1052  2134 E CamX    : [ERROR][NCS    ] camxncsservice.cpp:680 EnqueueJob() Can not enqueue jobs when thread is stopped
07-04 09:55:06.189  1052  2134 W CamX    : [ WARN][NCS    ] camxncsintfqsee.cpp:2701 FillSensorData() Buffer queue for sensor 7 has been freed: bufh=0x0, bufsize=1248, stride=4
07-04 09:55:06.270  3359  3501 I Launcher.ApplicationsMessage: onReceive true
07-04 09:55:06.270  3359  3501 I Launcher.ApplicationsMessage: return:com.whatsapp|false
07-04 09:55:06.276  3524 17980 I NetworkScheduler: (REDACTED) Error inserting %s
07-04 09:55:06.388  1052  2134 E CamX    : [ERROR][NCS    ] camxncsservice.cpp:680 EnqueueJob() Can not enqueue jobs when thread is stopped
07-04 09:55:06.388  1052  2134 W CamX    : [ WARN][NCS    ] camxncsintfqsee.cpp:2701 FillSensorData() Buffer queue for sensor 7 has been freed: bufh=0x0, bufsize=1248, stride=4
07-04 09:55:06.961 22142 22142 W ThreadPoolForeg: type=1400 audit(0.0:221504): avc: denied { write } for name="traced_producer" dev="tmpfs" ino=24345 scontext=u:r:gmscore_app:s0:c512,c768 tcontext=u:object_r:traced_producer_socket:s0 tclass=sock_file permissive=0 app=com.google.android.gms
07-04 09:55:06.991  3157  3395 D ApfFilter: (wlan0): Ignoring RA RA fe80::1 -> ff02::1 0s  which matches RA fe80::1 -> ff02::1 0s 
07-04 09:55:07.388  1052  2134 E CamX    : [ERROR][NCS    ] camxncsservice.cpp:680 EnqueueJob() Can not enqueue jobs when thread is stopped
07-04 09:55:07.388  1052  2134 W CamX    : [ WARN][NCS    ] camxncsintfqsee.cpp:2701 FillSensorData() Buffer queue for sensor 7 has been freed: bufh=0x0, bufsize=1248, stride=4
07-04 09:55:07.398  2071  2731 I MiuiNetworkPolicy: updateUidState uid = 99072, uidState = 6
07-04 09:55:07.589  1052  2134 E CamX    : [ERROR][NCS    ] camxncsservice.cpp:680 EnqueueJob() Can not enqueue jobs when thread is stopped
07-04 09:55:07.589  1052  2134 W CamX    : [ WARN][NCS    ] camxncsintfqsee.cpp:2701 FillSensorData() Buffer queue for sensor 7 has been freed: bufh=0x0, bufsize=1248, stride=4
07-04 09:55:07.788  1052  2134 E CamX    : [ERROR][NCS    ] camxncsservice.cpp:680 EnqueueJob() Can not enqueue jobs when thread is stopped
07-04 09:55:07.788  1052  2134 W CamX    : [ WARN][NCS    ] camxncsintfqsee.cpp:2701 FillSensorData() Buffer queue for sensor 7 has been freed: bufh=0x0, bufsize=1248, stride=4
07-04 09:55:07.838 22142 22142 D BoundBrokerSvc: onUnbind: Intent { act=com.google.android.gms.measurement.START pkg=com.google.android.gms }
07-04 09:55:07.989  1052  2134 E CamX    : [ERROR][NCS    ] camxncsservice.cpp:680 EnqueueJob() Can not enqueue jobs when thread is stopped
07-04 09:55:07.989  1052  2134 W CamX    : [ WARN][NCS    ] camxncsintfqsee.cpp:2701 FillSensorData() Buffer queue for sensor 7 has been freed: bufh=0x0, bufsize=1248, stride=4
07-04 09:55:08.188  1052  2134 E CamX    : [ERROR][NCS    ] camxncsservice.cpp:680 EnqueueJob() Can not enqueue jobs when thread is stopped
07-04 09:55:08.188  1052  2134 W CamX    : [ WARN][NCS    ] camxncsintfqsee.cpp:2701 FillSensorData() Buffer queue for sensor 7 has been freed: bufh=0x0, bufsize=1248, stride=4
07-04 09:55:08.191  3359  3501 I Launcher.ApplicationsMessage: onReceive true
07-04 09:55:08.191  3359  3501 I Launcher.ApplicationsMessage: return:com.whatsapp|false
07-04 09:55:08.389  1052  2134 E CamX    : [ERROR][NCS    ] camxncsservice.cpp:680 EnqueueJob() Can not enqueue jobs when thread is stopped
07-04 09:55:08.389  1052  2134 W CamX    : [ WARN][NCS    ] camxncsintfqsee.cpp:2701 FillSensorData() Buffer queue for sensor 7 has been freed: bufh=0x0, bufsize=1248, stride=4
07-04 09:55:08.588  1052  2134 E CamX    : [ERROR][NCS    ] camxncsservice.cpp:680 EnqueueJob() Can not enqueue jobs when thread is stopped
07-04 09:55:08.589  1052  2134 W CamX    : [ WARN][NCS    ] camxncsintfqsee.cpp:2701 FillSensorData() Buffer queue for sensor 7 has been freed: bufh=0x0, bufsize=1248, stride=4
07-04 09:55:08.789  1052  2134 E CamX    : [ERROR][NCS    ] camxncsservice.cpp:680 EnqueueJob() Can not enqueue jobs when thread is stopped
07-04 09:55:08.789  1052  2134 W CamX    : [ WARN][NCS    ] camxncsintfqsee.cpp:2701 FillSensorData() Buffer queue for sensor 7 has been freed: bufh=0x0, bufsize=1248, stride=4
07-04 09:55:08.989  1052  2134 E CamX    : [ERROR][NCS    ] camxncsservice.cpp:680 EnqueueJob() Can not enqueue jobs when thread is stopped
07-04 09:55:08.989  1052  2134 W CamX    : [ WARN][NCS    ] camxncsintfqsee.cpp:2701 FillSensorData() Buffer queue for sensor 7 has been freed: bufh=0x0, bufsize=1248, stride=4
07-04 09:55:09.236  2071  2731 D MiuiNetworkPolicy: updateLimit mLimitEnabled=true,enabled=false,mNetworkPriorityMode=0,mThermalForceMode=0
07-04 09:55:09.250  2071  2731 I MiuiNetworkPolicy: getDisableLimitTimeout when thermal mode is:0
07-04 09:55:09.351 13791 13886 D androidtc: Initializing SystemTextClassifier, type = System
07-04 09:55:09.368 13845 13845 I AiAiTextClassifier: onCreateTextClassificationSession = TextClassificationSessionId {3ffc9c2e-cb91-4937-8465-fb5de33d3ae1}
07-04 09:55:09.388  1052  2134 E CamX    : [ERROR][NCS    ] camxncsservice.cpp:680 EnqueueJob() Can not enqueue jobs when thread is stopped
07-04 09:55:09.388  1052  2134 W CamX    : [ WARN][NCS    ] camxncsintfqsee.cpp:2701 FillSensorData() Buffer queue for sensor 7 has been freed: bufh=0x0, bufsize=1248, stride=4
07-04 09:55:09.489 13845 13845 I AiAiTextClassifier: onDestroyTextClassificationSession = TextClassificationSessionId {3ffc9c2e-cb91-4937-8465-fb5de33d3ae1}
07-04 09:55:09.490 13791 13886 D androidtc: Initializing SystemTextClassifier, type = System
07-04 09:55:09.492 13845 13845 I AiAiTextClassifier: onCreateTextClassificationSession = TextClassificationSessionId {2d89e039-b8d1-4cee-9eb1-8d1aea693f96}
07-04 09:55:09.514 13845 13845 I AiAiTextClassifier: onDestroyTextClassificationSession = TextClassificationSessionId {2d89e039-b8d1-4cee-9eb1-8d1aea693f96}
07-04 09:55:09.515 13791 13886 D androidtc: Initializing SystemTextClassifier, type = System
07-04 09:55:09.517 13845 13845 I AiAiTextClassifier: onCreateTextClassificationSession = TextClassificationSessionId {585583ad-bdcd-4239-8191-a34be41b393d}
07-04 09:55:09.538 13845 13845 I AiAiTextClassifier: onDestroyTextClassificationSession = TextClassificationSessionId {585583ad-bdcd-4239-8191-a34be41b393d}
07-04 09:55:09.583  1618  1888 I BtGatt.ScanManager: msg.what = MSG_BALANCED_TIMEOUT_RECENTLY, msg.arg1 = BALANCED_TIMEOUT_RECENTLY
07-04 09:55:09.589  1052  2134 E CamX    : [ERROR][NCS    ] camxncsservice.cpp:680 EnqueueJob() Can not enqueue jobs when thread is stopped
07-04 09:55:09.589  1052  2134 W CamX    : [ WARN][NCS    ] camxncsintfqsee.cpp:2701 FillSensorData() Buffer queue for sensor 7 has been freed: bufh=0x0, bufsize=1248, stride=4
07-04 09:55:09.601  5180  5180 I NotifySyncService_5180_5180: onNotificationPosted Id:1 key:0|com.whatsapp|1|ODvBEiIGyEXSKkKmnRKV1xUn/c5VHr8gweGvZSO+qsA=
07-04 09:55:09.601  5180  5180 I NotifySyncService_5180_5180: |10288 PackageName:com.whatsapp IsOngoing:false PostTime:1751597709336 currentDeviceModel.connected: true
07-04 09:55:09.603  5180 22271 I NotifyLogUtils_5180_22271: isIgnoringBatteryOptimizations true
07-04 09:55:09.603  3325  3325 D NotificationProvider: call method=canShowFocus extras=Bundle[{package=com.whatsapp}]
07-04 09:55:09.603  5180  5180 I NotifySyncService_5180_5180: onNotificationPosted Id:1 , appName : WhatsApp
07-04 09:55:09.603  3325  3325 D NotificationFilterController: filter group summary suppressed key=0|com.linkedin.android|2147483647|ranker_group|10281|ranker_group
07-04 09:55:09.607  5180 18466 W FA      : Failed to retrieve Firebase Instance Id
07-04 09:55:09.608  1618  1888 D BtGatt.ScanManager: track LE scan event: callerPackage = [com.google.android.gms], scanMode = [1], reportDelayMillis = [0], behavior = [3075], scannerId = [6], duration = [805620]
07-04 09:55:09.609  1618  1888 D BtGatt.ScanManager: configureRegularScanParams() - queue=4
07-04 09:55:09.609  1618  1888 D BtGatt.ScanManager: configureRegularScanParams() - ScanSetting LE 1M Scan mode=3 ScanSetting LE Coded Scan mode=3 mLastConfiguredScanSettingLE1M=3 mLastConfiguredScanSettingLECoded=3 scanPhy=255
07-04 09:55:09.610  1618  1888 D BtGatt.ScanManager: track LE scan event: callerPackage = [com.google.android.gms], scanMode = [1], reportDelayMillis = [0], behavior = [3073], scannerId = [6], duration = [0]
07-04 09:55:09.611  3325  3325 D NotificationFilterController: filter group summary suppressed key=0|com.linkedin.android|2147483647|ranker_group|10281|ranker_group
07-04 09:55:09.612  2071  6340 D CompatibilityInfo: mCompatibilityFlags - 0
07-04 09:55:09.612  2071  6340 D CompatibilityInfo: applicationDensity - 440
07-04 09:55:09.612  2071  6340 D CompatibilityInfo: applicationScale - 1.0
07-04 09:55:09.615  2071  2731 I MiuiNetworkPolicy: updateUidState uid = 99072, uidState = 4
07-04 09:55:09.619 22142 22142 D BoundBrokerSvc: onBind: Intent { act=com.google.android.gms.measurement.START pkg=com.google.android.gms }
07-04 09:55:09.619 22142 22142 D BoundBrokerSvc: Loading bound service for intent: Intent { act=com.google.android.gms.measurement.START pkg=com.google.android.gms }
07-04 09:55:09.621  3325  3764 D PeopleSpaceWidgetMgr: No app widget ids returned
07-04 09:55:09.622  5180 18466 W FA      : Failed to retrieve Firebase Instance Id
07-04 09:55:09.623  3325  3325 D NotificationProvider: call method=canShowFocus extras=Bundle[{package=com.whatsapp}]
07-04 09:55:09.623  3325  3325 D NotificationFilterController: filter group summary suppressed key=0|com.linkedin.android|2147483647|ranker_group|10281|ranker_group
07-04 09:55:09.626  5180 18466 W FA      : Failed to retrieve Firebase Instance Id
07-04 09:55:09.626  3325  3325 D NotificationFilterController: filter group summary suppressed key=0|com.linkedin.android|2147483647|ranker_group|10281|ranker_group
07-04 09:55:09.627  5180 18466 W FA      : Failed to retrieve Firebase Instance Id
07-04 09:55:09.629  5180 18466 W FA      : Failed to retrieve Firebase Instance Id
07-04 09:55:09.631  5180 18466 W FA      : Failed to retrieve Firebase Instance Id
07-04 09:55:09.632  5180 18466 W FA      : Failed to retrieve Firebase Instance Id
07-04 09:55:09.633  5180 18466 W FA      : Failed to retrieve Firebase Instance Id
07-04 09:55:09.634  3325  3764 D PeopleSpaceWidgetMgr: No app widget ids returned
07-04 09:55:09.639  3325  3325 D NotificationProvider: call method=canShowFocus extras=Bundle[{package=com.whatsapp}]
07-04 09:55:09.640  3325  3325 D NotificationProvider: call method=canShowFocus extras=Bundle[{package=com.whatsapp}]
07-04 09:55:09.640  3325  3325 D NotificationFilterController: filter group summary suppressed key=0|com.linkedin.android|2147483647|ranker_group|10281|ranker_group
07-04 09:55:09.641  4930  6906 I ezue    : (REDACTED) appOpsListener %s %s
07-04 09:55:09.642  4930  6906 I ezue    : (REDACTED) Ignoring irrelevant audio permission changes for package %s
07-04 09:55:09.642  3325  3325 D NotificationFilterController: filter group summary suppressed key=0|com.linkedin.android|2147483647|ranker_group|10281|ranker_group
07-04 09:55:09.643  2071  2731 I MiuiNetworkPolicy: updateUidState uid = 10288, uidState = 5
07-04 09:55:09.647  2071  5018 I SmartPower.com.whatsapp/10288(9504): idle->background(4316ms) R(content provider start ContentProviderRecord{a3ced92 u0 com.whatsapp/.media.contentprovider.MediaProvider}) adj=0.
07-04 09:55:09.648  3325  3325 D NotificationFilterController: filter group summary suppressed key=0|com.linkedin.android|2147483647|ranker_group|10281|ranker_group
07-04 09:55:09.650  3325  3325 D NotificationFilterController: filter group summary suppressed key=0|com.linkedin.android|2147483647|ranker_group|10281|ranker_group
07-04 09:55:09.653  3325  3325 D NotificationFilterController: filter group summary suppressed key=0|com.linkedin.android|2147483647|ranker_group|10281|ranker_group
07-04 09:55:09.665  5180 13459 I AdrenoGLES-0: QUALCOMM build                   : db3d445dbc, Ia06b22fa1a
07-04 09:55:09.665  5180 13459 I AdrenoGLES-0: Build Date                       : 10/04/21
07-04 09:55:09.665  5180 13459 I AdrenoGLES-0: OpenGL ES Shader Compiler Version: EV031.32.02.16
07-04 09:55:09.665  5180 13459 I AdrenoGLES-0: Local Branch                     : 
07-04 09:55:09.665  5180 13459 I AdrenoGLES-0: Remote Branch                    : 
07-04 09:55:09.665  5180 13459 I AdrenoGLES-0: Remote Branch                    : 
07-04 09:55:09.665  5180 13459 I AdrenoGLES-0: Reconstruct Branch               : 
07-04 09:55:09.666  5180 13459 I AdrenoGLES-0: Build Config                     : S P 10.0.7 AArch64
07-04 09:55:09.666  5180 13459 I AdrenoGLES-0: Driver Path                      : /vendor/lib64/egl/libGLESv2_adreno.so
07-04 09:55:09.695  5180 13459 I AdrenoGLES-0: PFP: 0x016dd093, ME: 0x00000000
07-04 09:55:09.703  3325  3764 D PeopleSpaceWidgetMgr: No app widget ids returned
07-04 09:55:09.704  3325  3764 D PeopleSpaceWidgetMgr: No app widget ids returned
07-04 09:55:09.737  5180  5180 I NotifySyncService_5180_5180: isMediaNotification = , style = null, isMediaStyle = false, token = null
07-04 09:55:09.739  5180  5180 I NotifySyncService_5180_5180: onNotificationPosted Id:1 -> MSG_NOTIFY_ADD
07-04 09:55:09.748  3325 16377 D NotificationProviderPublic: call method=canShowFocus extras=Bundle[{package=com.whatsapp}] uid=$s
07-04 09:55:09.754  3325 16377 E DatabaseUtils: Writing exception to parcel
07-04 09:55:09.754  3325 16377 E DatabaseUtils: java.lang.SecurityException: Package com.whatsapp is not owned by uid 10315
07-04 09:55:09.754  3325 16377 E DatabaseUtils: 	at com.android.systemui.statusbar.notification.NotificationProviderPublic.call(NotificationProviderPublic.java:106)
07-04 09:55:09.754  3325 16377 E DatabaseUtils: 	at android.content.ContentProvider.call(ContentProvider.java:2533)
07-04 09:55:09.754  3325 16377 E DatabaseUtils: 	at android.content.ContentProvider$Transport.call(ContentProvider.java:530)
07-04 09:55:09.754  3325 16377 E DatabaseUtils: 	at android.content.ContentProviderNative.onTransact(ContentProviderNative.java:296)
07-04 09:55:09.754  3325 16377 E DatabaseUtils: 	at android.os.Binder.execTransactInternal(Binder.java:1285)
07-04 09:55:09.754  3325 16377 E DatabaseUtils: 	at android.os.Binder.execTransact(Binder.java:1249)
07-04 09:55:09.756  2071  5018 W ContentProviderHelper: Permission Denial: opening provider com.android.systemui.statusbar.notification.NotificationProvider from ProcessRecord{510b0ca 5180:com.xiaomi.wearable:device/u0a315} (pid=5180, uid=10315) requires com.android.systemui.permission.NOTIFICATION or com.android.systemui.permission.NOTIFICATION
07-04 09:55:09.758  5180  5180 I FOCUS_NOTIFICATION_5180_5180:  packageName = com.whatsapp hasFocusPermission  =false
07-04 09:55:09.764  5180  5180 I NotifySyncService_5180_5180: onNotificationPosted Id:1 key:0|com.whatsapp|1|zdXbYIeUF1SzMaRotZlIHOdnvsIzsW0DDB5UPejBeCc=
07-04 09:55:09.764  5180  5180 I NotifySyncService_5180_5180: |10288 PackageName:com.whatsapp IsOngoing:false PostTime:1751597709369 currentDeviceModel.connected: true
07-04 09:55:09.765  5180  5180 I NotifySyncService_5180_5180: onNotificationPosted Id:1 , appName : WhatsApp
07-04 09:55:09.766  5180  7854 I NotifyLogUtils_5180_7854: isIgnoringBatteryOptimizations true
07-04 09:55:09.771  5180 18466 W FA      : Failed to retrieve Firebase Instance Id
07-04 09:55:09.775  5180 18466 W FA      : Failed to retrieve Firebase Instance Id
07-04 09:55:09.778  5180 18466 W FA      : Failed to retrieve Firebase Instance Id
07-04 09:55:09.779  5180 18466 W FA      : Failed to retrieve Firebase Instance Id
07-04 09:55:09.781  5180 18466 W FA      : Failed to retrieve Firebase Instance Id
07-04 09:55:09.782  5180 18466 W FA      : Failed to retrieve Firebase Instance Id
07-04 09:55:09.784  5180 18466 W FA      : Failed to retrieve Firebase Instance Id
07-04 09:55:09.785  5180 18466 W FA      : Failed to retrieve Firebase Instance Id
07-04 09:55:09.832  5180  5180 I NotifySyncService_5180_5180: isMediaNotification = , style = null, isMediaStyle = false, token = null
07-04 09:55:09.832  5180  5180 I NotifySyncService_5180_5180: onNotificationPosted Id:1 -> MSG_NOTIFY_ADD
07-04 09:55:09.833  3325 16377 D NotificationProviderPublic: call method=canShowFocus extras=Bundle[{package=com.whatsapp}] uid=$s
07-04 09:55:09.833  3325 16377 E DatabaseUtils: Writing exception to parcel
07-04 09:55:09.833  3325 16377 E DatabaseUtils: java.lang.SecurityException: Package com.whatsapp is not owned by uid 10315
07-04 09:55:09.833  3325 16377 E DatabaseUtils: 	at com.android.systemui.statusbar.notification.NotificationProviderPublic.call(NotificationProviderPublic.java:106)
07-04 09:55:09.833  3325 16377 E DatabaseUtils: 	at android.content.ContentProvider.call(ContentProvider.java:2533)
07-04 09:55:09.833  3325 16377 E DatabaseUtils: 	at android.content.ContentProvider$Transport.call(ContentProvider.java:530)
07-04 09:55:09.833  3325 16377 E DatabaseUtils: 	at android.content.ContentProviderNative.onTransact(ContentProviderNative.java:296)
07-04 09:55:09.833  3325 16377 E DatabaseUtils: 	at android.os.Binder.execTransactInternal(Binder.java:1285)
07-04 09:55:09.833  3325 16377 E DatabaseUtils: 	at android.os.Binder.execTransact(Binder.java:1249)
07-04 09:55:09.834  2071  6128 W ContentProviderHelper: Permission Denial: opening provider com.android.systemui.statusbar.notification.NotificationProvider from ProcessRecord{510b0ca 5180:com.xiaomi.wearable:device/u0a315} (pid=5180, uid=10315) requires com.android.systemui.permission.NOTIFICATION or com.android.systemui.permission.NOTIFICATION
07-04 09:55:09.834  5180  5180 I FOCUS_NOTIFICATION_5180_5180:  packageName = com.whatsapp hasFocusPermission  =false
07-04 09:55:09.835  5180  5180 I NotifySyncService_5180_5180: onNotificationPosted Id:1 key:0|com.whatsapp|1|AL9MQLNRj1k665WFsGqwB1QYt78swDLQQWvVaVPEB+8=
07-04 09:55:09.835  5180  5180 I NotifySyncService_5180_5180: |10288 PackageName:com.whatsapp IsOngoing:false PostTime:1751597709394 currentDeviceModel.connected: true
07-04 09:55:09.835  5180  5180 I NotifySyncService_5180_5180: onNotificationPosted Id:1 , appName : WhatsApp
07-04 09:55:09.836  5180 23901 I NotifyLogUtils_5180_23901: isIgnoringBatteryOptimizations true
07-04 09:55:09.844  5180 18466 W FA      : Failed to retrieve Firebase Instance Id
07-04 09:55:09.848  5180  5180 I NotifySyncService_5180_5180: isMediaNotification = , style = null, isMediaStyle = false, token = null
07-04 09:55:09.849  5180  5180 I NotifySyncService_5180_5180: onNotificationPosted Id:1 -> MSG_NOTIFY_ADD
07-04 09:55:09.849  3325 16377 D NotificationProviderPublic: call method=canShowFocus extras=Bundle[{package=com.whatsapp}] uid=$s
07-04 09:55:09.849  3325 16377 E DatabaseUtils: Writing exception to parcel
07-04 09:55:09.849  3325 16377 E DatabaseUtils: java.lang.SecurityException: Package com.whatsapp is not owned by uid 10315
07-04 09:55:09.849  3325 16377 E DatabaseUtils: 	at com.android.systemui.statusbar.notification.NotificationProviderPublic.call(NotificationProviderPublic.java:106)
07-04 09:55:09.849  3325 16377 E DatabaseUtils: 	at android.content.ContentProvider.call(ContentProvider.java:2533)
07-04 09:55:09.849  3325 16377 E DatabaseUtils: 	at android.content.ContentProvider$Transport.call(ContentProvider.java:530)
07-04 09:55:09.849  3325 16377 E DatabaseUtils: 	at android.content.ContentProviderNative.onTransact(ContentProviderNative.java:296)
07-04 09:55:09.849  3325 16377 E DatabaseUtils: 	at android.os.Binder.execTransactInternal(Binder.java:1285)
07-04 09:55:09.849  3325 16377 E DatabaseUtils: 	at android.os.Binder.execTransact(Binder.java:1249)
07-04 09:55:09.849  5180 18466 W FA      : Failed to retrieve Firebase Instance Id
07-04 09:55:09.850  2071  6128 W ContentProviderHelper: Permission Denial: opening provider com.android.systemui.statusbar.notification.NotificationProvider from ProcessRecord{510b0ca 5180:com.xiaomi.wearable:device/u0a315} (pid=5180, uid=10315) requires com.android.systemui.permission.NOTIFICATION or com.android.systemui.permission.NOTIFICATION
07-04 09:55:09.850  5180  5180 I FOCUS_NOTIFICATION_5180_5180:  packageName = com.whatsapp hasFocusPermission  =false
07-04 09:55:09.851  5180  5180 I NotifySyncService_5180_5180: onNotificationPosted Id:1 key:0|com.whatsapp|1|null|10288 PackageName:com.whatsapp IsOngoing:false PostTime:1751597709402 currentDeviceModel.connected: true
07-04 09:55:09.851  5180  5180 I NotifySyncService_5180_5180: onNotificationPosted Id:1 , appName : WhatsApp
07-04 09:55:09.851  5180  5180 I NotifySyncService_5180_5180: handleMessages  MSG_NOTIFY_ADD
07-04 09:55:09.851  5180  5180 I NotifySyncService_5180_5180: send MSG_NOTIFY_ADD_TIMEOUT
07-04 09:55:09.851  5180  5180 I NotifySyncService_5180_5180: handleMessages  MSG_NOTIFY_ADD
07-04 09:55:09.851  5180  5180 I NotifySyncService_5180_5180: handleMessages  MSG_NOTIFY_ADD
07-04 09:55:09.851  5180 22271 I NotifyLogUtils_5180_22271: isIgnoringBatteryOptimizations true
07-04 09:55:09.855  5180 18466 W FA      : Failed to retrieve Firebase Instance Id
07-04 09:55:09.859  5180 18466 W FA      : Failed to retrieve Firebase Instance Id
07-04 09:55:09.863  5180 18466 W FA      : Failed to retrieve Firebase Instance Id
07-04 09:55:09.866  5180 18466 W FA      : Failed to retrieve Firebase Instance Id
07-04 09:55:09.870  5180 18466 W FA      : Failed to retrieve Firebase Instance Id
07-04 09:55:09.873  5180 18466 W FA      : Failed to retrieve Firebase Instance Id
07-04 09:55:09.876  5180 18466 W FA      : Failed to retrieve Firebase Instance Id
07-04 09:55:09.880  5180 18466 W FA      : Failed to retrieve Firebase Instance Id
07-04 09:55:09.883  5180 18466 W FA      : Failed to retrieve Firebase Instance Id
07-04 09:55:09.886  5180 18466 W FA      : Failed to retrieve Firebase Instance Id
07-04 09:55:09.893 22142 18460 D AdvertisingIdClient: AdvertisingIdClient already created.
07-04 09:55:09.897 22142 18460 W AdvertisingIdSettings: Package com.xiaomi.wearable failed Ad Id permission check. Apps that target Android SDK 33 or higher should declare com.google.android.gms.permission.AD_ID in the app manifest to access Ad Id.
07-04 09:55:09.898 22142 18460 I AdvertisingIdClient: shouldSendLog 98488471
07-04 09:55:09.899 22142 18460 I AdvertisingIdClient: GetInfoInternal elapse 5ms
07-04 09:55:09.913  3524 17981 I NetworkScheduler: (REDACTED) Error inserting %s
07-04 09:55:09.936  3524 18121 I NetworkScheduler: (REDACTED) Error inserting %s
07-04 09:55:09.944  5180 18466 W FA      : Failed to retrieve Firebase Instance Id
07-04 09:55:09.946  3524 18121 I NetworkScheduler: (REDACTED) Error inserting %s
07-04 09:55:09.947  5180 18466 W FA      : Failed to retrieve Firebase Instance Id
07-04 09:55:09.951  5180 18466 W FA      : Failed to retrieve Firebase Instance Id
07-04 09:55:09.953  5180  5180 I NotifySyncService_5180_5180: handle message  MSG_NOTIFY_ADD_TIMEOUT  mNotifyDataList size3 ids: 1, 1, 1
07-04 09:55:09.954  5180 18466 W FA      : Failed to retrieve Firebase Instance Id
07-04 09:55:09.954  5180  5180 I NotifySyncService_5180_5180: postNotifications list size:3
07-04 09:55:09.954  5180  5180 I NotifySyncService_5180_5180: postNotifications id list:1|1|1
07-04 09:55:09.959  5180  5180 I BreakSilentUpgradeAspec_5180_5180: aroundBreakSilentUpgrade: state = UPGRADE_IDLE
