--------- beginning of main
07-04 09:32:34.489  1052  2134 E CamX    : [ERROR][NCS    ] camxncsservice.cpp:680 EnqueueJob() Can not enqueue jobs when thread is stopped
07-04 09:32:34.489  1052  2134 W CamX    : [ WARN][NCS    ] camxncsintfqsee.cpp:2701 FillSensorData() Buffer queue for sensor 7 has been freed: bufh=0x0, bufsize=1248, stride=4
07-04 09:32:34.514  3524   659 I NearbyMediums: No BLE Fast/GATT advertisements found in the latest cycle.
07-04 09:32:34.514  1052  2134 E CamX    : [ERROR][NCS    ] camxncsservice.cpp:680 EnqueueJob() Can not enqueue jobs when thread is stopped
07-04 09:32:34.514  1052  2134 W CamX    : [ WARN][NCS    ] camxncsintfqsee.cpp:2701 FillSensorData() Buffer queue for sensor 7 has been freed: bufh=0x0, bufsize=1248, stride=4
07-04 09:32:34.788  1052  2134 E CamX    : [ERROR][NCS    ] camxncsservice.cpp:680 EnqueueJob() Can not enqueue jobs when thread is stopped
07-04 09:32:34.788  1052  2134 W CamX    : [ WARN][NCS    ] camxncsintfqsee.cpp:2701 FillSensorData() Buffer queue for sensor 7 has been freed: bufh=0x0, bufsize=1248, stride=4
07-04 09:32:34.988  1052  2134 E CamX    : [ERROR][NCS    ] camxncsservice.cpp:680 EnqueueJob() Can not enqueue jobs when thread is stopped
07-04 09:32:34.988  1052  2134 W CamX    : [ WARN][NCS    ] camxncsintfqsee.cpp:2701 FillSensorData() Buffer queue for sensor 7 has been freed: bufh=0x0, bufsize=1248, stride=4
07-04 09:32:35.188  1052  2134 E CamX    : [ERROR][NCS    ] camxncsservice.cpp:680 EnqueueJob() Can not enqueue jobs when thread is stopped
07-04 09:32:35.189  1052  2134 W CamX    : [ WARN][NCS    ] camxncsintfqsee.cpp:2701 FillSensorData() Buffer queue for sensor 7 has been freed: bufh=0x0, bufsize=1248, stride=4
07-04 09:32:35.241  1052  2134 E CamX    : [ERROR][NCS    ] camxncsservice.cpp:680 EnqueueJob() Can not enqueue jobs when thread is stopped
07-04 09:32:35.241  1052  2134 W CamX    : [ WARN][NCS    ] camxncsintfqsee.cpp:2701 FillSensorData() Buffer queue for sensor 7 has been freed: bufh=0x0, bufsize=1248, stride=4
07-04 09:32:35.258  1052  2134 E CamX    : [ERROR][NCS    ] camxncsservice.cpp:680 EnqueueJob() Can not enqueue jobs when thread is stopped
07-04 09:32:35.258  1052  2134 W CamX    : [ WARN][NCS    ] camxncsintfqsee.cpp:2701 FillSensorData() Buffer queue for sensor 7 has been freed: bufh=0x0, bufsize=1248, stride=4
07-04 09:32:35.282  1052  2134 E CamX    : [ERROR][NCS    ] camxncsservice.cpp:680 EnqueueJob() Can not enqueue jobs when thread is stopped
07-04 09:32:35.282  1052  2134 W CamX    : [ WARN][NCS    ] camxncsintfqsee.cpp:2701 FillSensorData() Buffer queue for sensor 7 has been freed: bufh=0x0, bufsize=1248, stride=4
07-04 09:32:35.486  3297  3712 D MI_RIL_OEM_HOOK(com.android.phone): onPkHookCommonMsg, msg_id = 65
07-04 09:32:35.486  3297  3712 D MI_RIL_OEM_HOOK(com.android.phone): onGetHookMsgBytes, HOOK_HEAD_SIZE = 16, msg_len = 4
07-04 09:32:35.486  3297  3712 D MI_RIL_OEM_HOOK(com.android.phone): onHookSendSync, phoneId = 0
07-04 09:32:35.488  3243  3243 D QcrilMsgTunnelIfaceManager: handleMessage what = 1
07-04 09:32:35.488  3243  3243 I QcrilOemhookMsgTunnel: [0]invokeOemRilRequestRaw: serial=19302 length=36
07-04 09:32:35.488  1052  2134 E CamX    : [ERROR][NCS    ] camxncsservice.cpp:680 EnqueueJob() Can not enqueue jobs when thread is stopped
07-04 09:32:35.488  1052  2134 W CamX    : [ WARN][NCS    ] camxncsintfqsee.cpp:2701 FillSensorData() Buffer queue for sensor 7 has been freed: bufh=0x0, bufsize=1248, stride=4
07-04 09:32:35.532  1854  1854 D XIAOMI_QCRIL: RIL[lib][xiaomi_extend_nvefs.c:52] xiaomi_qmi_result_map: xiaomi_qmi_result_map, old_result 0, new_result 0
07-04 09:32:35.533  3243  3470 I QcrilOemhookMsgTunnel: [0]processOemHookResponse serial no: 19302 error: 0length=16
07-04 09:32:35.534  3243  3243 D QcrilMsgTunnelIfaceManager: handleMessage what = 2
07-04 09:32:35.535  3297  3712 D QC_RIL_OEM_HOOK: sendOemRilRequestRaw returns value = 16
07-04 09:32:35.535  3297  3712 D MI_RIL_OEM_HOOK(com.android.phone): sendQcRilHookMsgSync, requestId = 524970, phoneId = 0, ar = org.codeaurora.telephony.utils.AsyncResult@8af888a
07-04 09:32:35.535  3297  3712 D ModemSarController_8250: type = 65, len = 4, value = 0
07-04 09:32:36.091  1052  2134 E CamX    : [ERROR][NCS    ] camxncsservice.cpp:680 EnqueueJob() Can not enqueue jobs when thread is stopped
07-04 09:32:36.091  1052  2134 W CamX    : [ WARN][NCS    ] camxncsintfqsee.cpp:2701 FillSensorData() Buffer queue for sensor 7 has been freed: bufh=0x0, bufsize=1248, stride=4
07-04 09:32:36.225 22142 22142 W ThreadPoolForeg: type=1400 audit(0.0:215469): avc: denied { write } for name="traced_producer" dev="tmpfs" ino=24345 scontext=u:r:gmscore_app:s0:c512,c768 tcontext=u:object_r:traced_producer_socket:s0 tclass=sock_file permissive=0 app=com.google.android.gms
07-04 09:32:36.289  1052  2134 E CamX    : [ERROR][NCS    ] camxncsservice.cpp:680 EnqueueJob() Can not enqueue jobs when thread is stopped
07-04 09:32:36.289  1052  2134 W CamX    : [ WARN][NCS    ] camxncsintfqsee.cpp:2701 FillSensorData() Buffer queue for sensor 7 has been freed: bufh=0x0, bufsize=1248, stride=4
07-04 09:32:36.489  1052  2134 E CamX    : [ERROR][NCS    ] camxncsservice.cpp:680 EnqueueJob() Can not enqueue jobs when thread is stopped
07-04 09:32:36.489  1052  2134 W CamX    : [ WARN][NCS    ] camxncsintfqsee.cpp:2701 FillSensorData() Buffer queue for sensor 7 has been freed: bufh=0x0, bufsize=1248, stride=4
07-04 09:32:36.689  1052  2134 E CamX    : [ERROR][NCS    ] camxncsservice.cpp:680 EnqueueJob() Can not enqueue jobs when thread is stopped
07-04 09:32:36.689  1052  2134 W CamX    : [ WARN][NCS    ] camxncsintfqsee.cpp:2701 FillSensorData() Buffer queue for sensor 7 has been freed: bufh=0x0, bufsize=1248, stride=4
07-04 09:32:36.792 14052 14723 V U.Notification: Posting new notification, elapsed=18024
07-04 09:32:37.015  5180  5180 I NotifySyncService_5180_5180: onNotificationPosted Id:305230424 key:0|com.digibites.accubattery|305230424|null|10320 PackageName:com.digibites.accubattery IsOngoing:true PostTime:1751596356797 currentDeviceModel.connected: true
07-04 09:32:37.015  5180  5180 I NotifySyncService_5180_5180: onNotificationPosted Id:305230424 , appName : AccuBattery
07-04 09:32:37.016  5180  5180 I NotifySyncService_5180_5180:  isOngoing = true isIncomingCall = false
07-04 09:32:37.016  5180  2511 I NotifyLogUtils_5180_2511: isIgnoringBatteryOptimizations true
07-04 09:32:37.022  3325  3325 D NotificationProvider: call method=canShowFocus extras=Bundle[{package=com.digibites.accubattery}]
07-04 09:32:37.028  5180 18466 W FA      : Failed to retrieve Firebase Instance Id
07-04 09:32:37.037  2071  2731 I MiuiNetworkPolicy: updateUidState uid = 99072, uidState = 4
--------- beginning of system
07-04 09:32:37.037  2071  3709 W ProcessStats: Tracking association SourceState{fc0ecf9 com.miui.securitycenter:ui/1000 BTopFgs #298489} whose proc state 2 is better than process ProcessState{949221d com.miui.securitycenter.remote/1000 pkg=com.miui.securitycenter} proc state 3 (203 skipped)
07-04 09:32:37.038  2071  3709 D CompatibilityInfo: mCompatibilityFlags - 0
07-04 09:32:37.038  2071  3709 D CompatibilityInfo: applicationDensity - 440
07-04 09:32:37.038  2071  3709 D CompatibilityInfo: applicationScale - 1.0
07-04 09:32:37.042 22142 22142 D BoundBrokerSvc: onBind: Intent { act=com.google.android.gms.measurement.START pkg=com.google.android.gms }
07-04 09:32:37.042 22142 22142 D BoundBrokerSvc: Loading bound service for intent: Intent { act=com.google.android.gms.measurement.START pkg=com.google.android.gms }
07-04 09:32:37.048  5180 18466 W FA      : Failed to retrieve Firebase Instance Id
07-04 09:32:37.052  5180 18466 W FA      : Failed to retrieve Firebase Instance Id
07-04 09:32:37.052  3325  3764 D LocalImageResolver: Couldn't use ImageDecoder for drawable, falling back to non-resized load.
07-04 09:32:37.054  3325  3764 D LocalImageResolver: Couldn't use ImageDecoder for drawable, falling back to non-resized load.
07-04 09:32:37.057  5180 18466 W FA      : Failed to retrieve Firebase Instance Id
07-04 09:32:37.062  5180 18466 W FA      : Failed to retrieve Firebase Instance Id
07-04 09:32:37.066  5180 18466 W FA      : Failed to retrieve Firebase Instance Id
07-04 09:32:37.070  5180 18466 W FA      : Failed to retrieve Firebase Instance Id
07-04 09:32:37.074  5180 18466 W FA      : Failed to retrieve Firebase Instance Id
07-04 09:32:37.081 22142 18460 D AdvertisingIdClient: AdvertisingIdClient already created.
07-04 09:32:37.082 22142 18460 W AdvertisingIdSettings: Package com.xiaomi.wearable failed Ad Id permission check. Apps that target Android SDK 33 or higher should declare com.google.android.gms.permission.AD_ID in the app manifest to access Ad Id.
07-04 09:32:37.083 22142 18460 I AdvertisingIdClient: shouldSendLog 96682939
07-04 09:32:37.083 22142 18460 I AdvertisingIdClient: GetInfoInternal elapse 3ms
07-04 09:32:37.088  1052  2134 E CamX    : [ERROR][NCS    ] camxncsservice.cpp:680 EnqueueJob() Can not enqueue jobs when thread is stopped
07-04 09:32:37.088  1052  2134 W CamX    : [ WARN][NCS    ] camxncsintfqsee.cpp:2701 FillSensorData() Buffer queue for sensor 7 has been freed: bufh=0x0, bufsize=1248, stride=4
07-04 09:32:37.115  3524  5527 I NetworkScheduler: (REDACTED) Error inserting %s
07-04 09:32:37.117  3524  5527 I NetworkScheduler: (REDACTED) Error inserting %s
07-04 09:32:37.289  1052  2134 E CamX    : [ERROR][NCS    ] camxncsservice.cpp:680 EnqueueJob() Can not enqueue jobs when thread is stopped
07-04 09:32:37.290  1052  2134 W CamX    : [ WARN][NCS    ] camxncsintfqsee.cpp:2701 FillSensorData() Buffer queue for sensor 7 has been freed: bufh=0x0, bufsize=1248, stride=4
07-04 09:32:37.490  1052  2134 E CamX    : [ERROR][NCS    ] camxncsservice.cpp:680 EnqueueJob() Can not enqueue jobs when thread is stopped
07-04 09:32:37.490  1052  2134 W CamX    : [ WARN][NCS    ] camxncsintfqsee.cpp:2701 FillSensorData() Buffer queue for sensor 7 has been freed: bufh=0x0, bufsize=1248, stride=4
07-04 09:32:37.689  1052  2134 E CamX    : [ERROR][NCS    ] camxncsservice.cpp:680 EnqueueJob() Can not enqueue jobs when thread is stopped
07-04 09:32:37.689  1052  2134 W CamX    : [ WARN][NCS    ] camxncsintfqsee.cpp:2701 FillSensorData() Buffer queue for sensor 7 has been freed: bufh=0x0, bufsize=1248, stride=4
07-04 09:32:37.889  1052  2134 E CamX    : [ERROR][NCS    ] camxncsservice.cpp:680 EnqueueJob() Can not enqueue jobs when thread is stopped
07-04 09:32:37.889  1052  2134 W CamX    : [ WARN][NCS    ] camxncsintfqsee.cpp:2701 FillSensorData() Buffer queue for sensor 7 has been freed: bufh=0x0, bufsize=1248, stride=4
07-04 09:32:37.961  1052  2134 E CamX    : [ERROR][NCS    ] camxncsservice.cpp:680 EnqueueJob() Can not enqueue jobs when thread is stopped
07-04 09:32:37.961  1052  2134 W CamX    : [ WARN][NCS    ] camxncsintfqsee.cpp:2701 FillSensorData() Buffer queue for sensor 7 has been freed: bufh=0x0, bufsize=1248, stride=4
07-04 09:32:38.189  1052  2134 E CamX    : [ERROR][NCS    ] camxncsservice.cpp:680 EnqueueJob() Can not enqueue jobs when thread is stopped
07-04 09:32:38.189  1052  2134 W CamX    : [ WARN][NCS    ] camxncsintfqsee.cpp:2701 FillSensorData() Buffer queue for sensor 7 has been freed: bufh=0x0, bufsize=1248, stride=4
07-04 09:32:38.388  1052  2134 E CamX    : [ERROR][NCS    ] camxncsservice.cpp:680 EnqueueJob() Can not enqueue jobs when thread is stopped
07-04 09:32:38.389  1052  2134 W CamX    : [ WARN][NCS    ] camxncsintfqsee.cpp:2701 FillSensorData() Buffer queue for sensor 7 has been freed: bufh=0x0, bufsize=1248, stride=4
07-04 09:32:38.588  1052  2134 E CamX    : [ERROR][NCS    ] camxncsservice.cpp:680 EnqueueJob() Can not enqueue jobs when thread is stopped
07-04 09:32:38.588  1052  2134 W CamX    : [ WARN][NCS    ] camxncsintfqsee.cpp:2701 FillSensorData() Buffer queue for sensor 7 has been freed: bufh=0x0, bufsize=1248, stride=4
07-04 09:32:38.652  2071  2731 D MiuiNetworkPolicy: updateLimit mLimitEnabled=true,enabled=false,mNetworkPriorityMode=0,mThermalForceMode=0
07-04 09:32:38.655  2071  2731 I MiuiNetworkPolicy: getDisableLimitTimeout when thermal mode is:0
07-04 09:32:38.789  1052  2134 E CamX    : [ERROR][NCS    ] camxncsservice.cpp:680 EnqueueJob() Can not enqueue jobs when thread is stopped
07-04 09:32:38.789  1052  2134 W CamX    : [ WARN][NCS    ] camxncsintfqsee.cpp:2701 FillSensorData() Buffer queue for sensor 7 has been freed: bufh=0x0, bufsize=1248, stride=4
07-04 09:32:38.988  1052  2134 E CamX    : [ERROR][NCS    ] camxncsservice.cpp:680 EnqueueJob() Can not enqueue jobs when thread is stopped
07-04 09:32:38.988  1052  2134 W CamX    : [ WARN][NCS    ] camxncsintfqsee.cpp:2701 FillSensorData() Buffer queue for sensor 7 has been freed: bufh=0x0, bufsize=1248, stride=4
07-04 09:32:39.065  1052  2134 E CamX    : [ERROR][NCS    ] camxncsservice.cpp:680 EnqueueJob() Can not enqueue jobs when thread is stopped
07-04 09:32:39.065  1052  2134 W CamX    : [ WARN][NCS    ] camxncsintfqsee.cpp:2701 FillSensorData() Buffer queue for sensor 7 has been freed: bufh=0x0, bufsize=1248, stride=4
07-04 09:32:39.079  1052  2134 E CamX    : [ERROR][NCS    ] camxncsservice.cpp:680 EnqueueJob() Can not enqueue jobs when thread is stopped
07-04 09:32:39.079  1052  2134 W CamX    : [ WARN][NCS    ] camxncsintfqsee.cpp:2701 FillSensorData() Buffer queue for sensor 7 has been freed: bufh=0x0, bufsize=1248, stride=4
07-04 09:32:39.107  1052  2134 E CamX    : [ERROR][NCS    ] camxncsservice.cpp:680 EnqueueJob() Can not enqueue jobs when thread is stopped
07-04 09:32:39.107  1052  2134 W CamX    : [ WARN][NCS    ] camxncsintfqsee.cpp:2701 FillSensorData() Buffer queue for sensor 7 has been freed: bufh=0x0, bufsize=1248, stride=4
07-04 09:32:39.311  2071  3235 D ProcessMemoryCleaner: Compact memory: com.whatsapp/10288(9504) state=hibernation adj=225 pri=11 usage=5 isKilled=false pss:288206 swap:226396
07-04 09:32:39.313  2071  2938 I MiuiMemoryService: Skipping compaction for process 9504, anon RSS is too small 0 KB
07-04 09:32:39.388  1052  2134 E CamX    : [ERROR][NCS    ] camxncsservice.cpp:680 EnqueueJob() Can not enqueue jobs when thread is stopped
07-04 09:32:39.388  1052  2134 W CamX    : [ WARN][NCS    ] camxncsintfqsee.cpp:2701 FillSensorData() Buffer queue for sensor 7 has been freed: bufh=0x0, bufsize=1248, stride=4
07-04 09:32:39.445  2071  2071 D UiModeManager: updateConfigurationLocked: mDockState=0; mCarMode=false; mCar=false; mPowerSave=false; mComputedNightMode=true; mNightMode=2; uiMode=33
07-04 09:32:39.447  3297  3297 D DynamicService_WifiBt:  ACTION_BATTERY_CHANGED change,USB plug = 1
07-04 09:32:39.447  3254  3254 D QtiCarrierConfigHelper: WARNING, no carrier configs on phone Id: 0
07-04 09:32:39.448  6915  6915 I PowerSaveService: onReceive: android.intent.action.BATTERY_CHANGED
07-04 09:32:39.449  6915  6915 I PowerNoticeUI: handleBatteryChanged oldPlugType 1 mPlugType 1 oldBatteryLevel 100 mBatteryLevel 100 temperature 345
07-04 09:32:39.449  6915  6915 I ChargerBatteryIntelligenceReceiver: onBatteryChanged temperature：34,plugType:1
07-04 09:32:39.449  6915  6915 I PowerFeatureUtils: getVendorName:qcom
07-04 09:32:39.450  2071  2149 I SmartPower.com.whatsapp/10288(9504): idle->background(5144ms) R(broadcast start Intent { act=android.intent.action.BATTERY_CHANGED flg=0x60000010 (has extras) }) adj=225.
07-04 09:32:39.451  2071  2149 I SmartPower.com.google.android.googlequicksearchbox:interactor/10163(4930): idle->background(5143ms) R(broadcast start Intent { act=android.intent.action.BATTERY_CHANGED flg=0x60000010 (has extras) }) adj=100.
07-04 09:32:39.452  7696  7836 D PowerCheckerService: onBatteryChanged, mBatteryLevel = 100, status = 5, level = 100, plug = 1, scale = 100
07-04 09:32:39.452  3243  3243 V DeviceStatisticsService: chargerType=1 batteryLevel=100 totalBatteryCapacity=3541000
07-04 09:32:39.454  2071  2149 I SmartPower.com.digibites.accubattery/10320(14052): idle->background(5145ms) R(broadcast start Intent { act=android.intent.action.BATTERY_CHANGED flg=0x60000010 (has extras) }) adj=200.
07-04 09:32:39.455  2071  2149 I SmartPower.com.xiaomi.discover/10164(27904): idle->background(5143ms) R(broadcast start Intent { act=android.intent.action.BATTERY_CHANGED flg=0x60000010 (has extras) }) adj=915.
07-04 09:32:39.455  2071  2149 I SmartPower.com.tokopedia.tkpd/10290(31033): idle->background(5144ms) R(broadcast start Intent { act=android.intent.action.BATTERY_CHANGED flg=0x60000010 (has extras) }) adj=935.
07-04 09:32:39.455  7696  7836 D PowerKeeper.Thermal: mBatteryTemperature: 34
07-04 09:32:39.455  2071  2149 I SmartPower.com.facebook.katana/10282(31244): idle->background(5143ms) R(broadcast start Intent { act=android.intent.action.BATTERY_CHANGED flg=0x60000010 (has extras) }) adj=915.
07-04 09:32:39.456  2071  2149 I SmartPower.com.google.android.apps.tachyon/10270(4448): idle->background(5144ms) R(broadcast start Intent { act=android.intent.action.BATTERY_CHANGED flg=0x60000010 (has extras) }) adj=935.
07-04 09:32:39.457  6915  9032 I android_os_HwBinder: HwBinder: Starting thread pool for getting: vendor.xiaomi.hardware.micharge@1.0::IMiCharge/default
07-04 09:32:39.458  1092  1092 I vendor.xiaomi.hardware.micharge@1.0-service: ReadFilePathValue path = /sys/class/power_supply/battery/night_charging value = 0
07-04 09:32:39.458  6915  9032 I ChargeProtectionUtils: getNightChargingState: 0
07-04 09:32:39.589  1052  2134 E CamX    : [ERROR][NCS    ] camxncsservice.cpp:680 EnqueueJob() Can not enqueue jobs when thread is stopped
07-04 09:32:39.589  1052  2134 W CamX    : [ WARN][NCS    ] camxncsintfqsee.cpp:2701 FillSensorData() Buffer queue for sensor 7 has been freed: bufh=0x0, bufsize=1248, stride=4
07-04 09:32:39.788  1052  2134 E CamX    : [ERROR][NCS    ] camxncsservice.cpp:680 EnqueueJob() Can not enqueue jobs when thread is stopped
07-04 09:32:39.789  1052  2134 W CamX    : [ WARN][NCS    ] camxncsintfqsee.cpp:2701 FillSensorData() Buffer queue for sensor 7 has been freed: bufh=0x0, bufsize=1248, stride=4
07-04 09:32:39.990  1052  2134 E CamX    : [ERROR][NCS    ] camxncsservice.cpp:680 EnqueueJob() Can not enqueue jobs when thread is stopped
07-04 09:32:39.991  1052  2134 W CamX    : [ WARN][NCS    ] camxncsintfqsee.cpp:2701 FillSensorData() Buffer queue for sensor 7 has been freed: bufh=0x0, bufsize=1248, stride=4
07-04 09:32:40.389  1052  2134 E CamX    : [ERROR][NCS    ] camxncsservice.cpp:680 EnqueueJob() Can not enqueue jobs when thread is stopped
07-04 09:32:40.389  1052  2134 W CamX    : [ WARN][NCS    ] camxncsintfqsee.cpp:2701 FillSensorData() Buffer queue for sensor 7 has been freed: bufh=0x0, bufsize=1248, stride=4
07-04 09:32:40.536  3297  3712 D MI_RIL_OEM_HOOK(com.android.phone): onPkHookCommonMsg, msg_id = 65
07-04 09:32:40.536  3297  3712 D MI_RIL_OEM_HOOK(com.android.phone): onGetHookMsgBytes, HOOK_HEAD_SIZE = 16, msg_len = 4
07-04 09:32:40.536  3297  3712 D MI_RIL_OEM_HOOK(com.android.phone): onHookSendSync, phoneId = 0
07-04 09:32:40.537  3243  3243 D QcrilMsgTunnelIfaceManager: handleMessage what = 1
07-04 09:32:40.538  3243  3243 I QcrilOemhookMsgTunnel: [0]invokeOemRilRequestRaw: serial=19303 length=36
07-04 09:32:40.585  1854  1854 D XIAOMI_QCRIL: RIL[lib][xiaomi_extend_nvefs.c:52] xiaomi_qmi_result_map: xiaomi_qmi_result_map, old_result 0, new_result 0
07-04 09:32:40.587  3243  3470 I QcrilOemhookMsgTunnel: [0]processOemHookResponse serial no: 19303 error: 0length=16
07-04 09:32:40.587  3243  3243 D QcrilMsgTunnelIfaceManager: handleMessage what = 2
07-04 09:32:40.589  3297  3712 D QC_RIL_OEM_HOOK: sendOemRilRequestRaw returns value = 16
07-04 09:32:40.589  1052  2134 E CamX    : [ERROR][NCS    ] camxncsservice.cpp:680 EnqueueJob() Can not enqueue jobs when thread is stopped
07-04 09:32:40.589  1052  2134 W CamX    : [ WARN][NCS    ] camxncsintfqsee.cpp:2701 FillSensorData() Buffer queue for sensor 7 has been freed: bufh=0x0, bufsize=1248, stride=4
07-04 09:32:40.589  3297  3712 D MI_RIL_OEM_HOOK(com.android.phone): sendQcRilHookMsgSync, requestId = 524970, phoneId = 0, ar = org.codeaurora.telephony.utils.AsyncResult@3135efb
07-04 09:32:40.589  3297  3712 D ModemSarController_8250: type = 65, len = 4, value = 0
07-04 09:32:40.650  9504  9850 I WM-WorkerWrapper: Worker result SUCCESS for Work [ id=5317da49-47fe-4f49-a152-7470df137971, tags={ com.whatsapp.messaging.xmpp.XmppLifecycleWorker } ]
07-04 09:32:40.654  9504  9504 D WM-Processor: DjA 5317da49-47fe-4f49-a152-7470df137971 executed; reschedule = false
07-04 09:32:40.655  9504  9504 D WM-GreedyScheduler: Stopping tracking for WorkGenerationalId(workSpecId=5317da49-47fe-4f49-a152-7470df137971, generation=0)
07-04 09:32:40.655  9504  9504 D WM-SystemJobService: 5317da49-47fe-4f49-a152-7470df137971 executed on JobScheduler
07-04 09:32:40.662  2071  2731 I MiuiNetworkPolicy: updateUidState uid = 10288, uidState = 10
07-04 09:32:40.664  4930  4966 I ezue    : (REDACTED) appOpsListener %s %s
07-04 09:32:40.664  4930  4966 I ezue    : (REDACTED) Ignoring irrelevant audio permission changes for package %s
07-04 09:32:40.671  9504  9850 D WM-GreedyScheduler: Cancelling work ID 5317da49-47fe-4f49-a152-7470df137971
07-04 09:32:40.684  1052  2134 E CamX    : [ERROR][NCS    ] camxncsservice.cpp:680 EnqueueJob() Can not enqueue jobs when thread is stopped
07-04 09:32:40.684  1052  2134 W CamX    : [ WARN][NCS    ] camxncsintfqsee.cpp:2701 FillSensorData() Buffer queue for sensor 7 has been freed: bufh=0x0, bufsize=1248, stride=4
07-04 09:32:40.685  9504  9850 D WM-NetworkStateTracker: Unregistering network callback
07-04 09:32:40.749  2071  3204 D SLM-SRV-SLAService: checktemp temperature = 36005 temperature_average = 36198 isPerformanceMode = false thermal_enable_slm = true
07-04 09:32:40.889  1052  2134 E CamX    : [ERROR][NCS    ] camxncsservice.cpp:680 EnqueueJob() Can not enqueue jobs when thread is stopped
07-04 09:32:40.889  1052  2134 W CamX    : [ WARN][NCS    ] camxncsintfqsee.cpp:2701 FillSensorData() Buffer queue for sensor 7 has been freed: bufh=0x0, bufsize=1248, stride=4
07-04 09:32:41.089  1052  2134 E CamX    : [ERROR][NCS    ] camxncsservice.cpp:680 EnqueueJob() Can not enqueue jobs when thread is stopped
07-04 09:32:41.089  1052  2134 W CamX    : [ WARN][NCS    ] camxncsintfqsee.cpp:2701 FillSensorData() Buffer queue for sensor 7 has been freed: bufh=0x0, bufsize=1248, stride=4
07-04 09:32:41.289  1052  2134 E CamX    : [ERROR][NCS    ] camxncsservice.cpp:680 EnqueueJob() Can not enqueue jobs when thread is stopped
07-04 09:32:41.289  1052  2134 W CamX    : [ WARN][NCS    ] camxncsintfqsee.cpp:2701 FillSensorData() Buffer queue for sensor 7 has been freed: bufh=0x0, bufsize=1248, stride=4
07-04 09:32:41.489  1052  2134 E CamX    : [ERROR][NCS    ] camxncsservice.cpp:680 EnqueueJob() Can not enqueue jobs when thread is stopped
07-04 09:32:41.489  1052  2134 W CamX    : [ WARN][NCS    ] camxncsintfqsee.cpp:2701 FillSensorData() Buffer queue for sensor 7 has been freed: bufh=0x0, bufsize=1248, stride=4
07-04 09:32:41.688  1052  2134 E CamX    : [ERROR][NCS    ] camxncsservice.cpp:680 EnqueueJob() Can not enqueue jobs when thread is stopped
07-04 09:32:41.688  1052  2134 W CamX    : [ WARN][NCS    ] camxncsintfqsee.cpp:2701 FillSensorData() Buffer queue for sensor 7 has been freed: bufh=0x0, bufsize=1248, stride=4
07-04 09:32:41.744  2071  2071 D UiModeManager: updateConfigurationLocked: mDockState=0; mCarMode=false; mCar=false; mPowerSave=false; mComputedNightMode=true; mNightMode=2; uiMode=33
07-04 09:32:41.744  3297  3297 D DynamicService_WifiBt:  ACTION_BATTERY_CHANGED change,USB plug = 1
07-04 09:32:41.746  6915  6915 I PowerSaveService: onReceive: android.intent.action.BATTERY_CHANGED
07-04 09:32:41.747  6915  6915 I PowerNoticeUI: handleBatteryChanged oldPlugType 1 mPlugType 1 oldBatteryLevel 100 mBatteryLevel 100 temperature 345
07-04 09:32:41.747  6915  6915 I ChargerBatteryIntelligenceReceiver: onBatteryChanged temperature：34,plugType:1
07-04 09:32:41.747  6915  6915 I PowerFeatureUtils: getVendorName:qcom
07-04 09:32:41.748  3254  3254 D QtiCarrierConfigHelper: WARNING, no carrier configs on phone Id: 0
07-04 09:32:41.751  7696  7836 D PowerCheckerService: onBatteryChanged, mBatteryLevel = 100, status = 5, level = 100, plug = 1, scale = 100
07-04 09:32:41.751  7696  7836 D PowerKeeper.Thermal: mBatteryTemperature: 34
07-04 09:32:41.752  3243  3243 V DeviceStatisticsService: chargerType=1 batteryLevel=100 totalBatteryCapacity=3540900
07-04 09:32:41.752  3243  3243 D DeviceInfoHidlClient: isRadioOn()=true
07-04 09:32:41.752  3243  3243 I DeviceInfoHidlClient: isPowerInfoNeverSent=false batteryLevel=100 batteryLevelIndex=3 chargingMode=1 totalCapacity=3540900 powerSaveMode=false
07-04 09:32:41.755  6915  7379 I android_os_HwBinder: HwBinder: Starting thread pool for getting: vendor.xiaomi.hardware.micharge@1.0::IMiCharge/default
07-04 09:32:41.756  1092  1092 I vendor.xiaomi.hardware.micharge@1.0-service: ReadFilePathValue path = /sys/class/power_supply/battery/night_charging value = 0
07-04 09:32:41.756  6915  7379 I ChargeProtectionUtils: getNightChargingState: 0
07-04 09:32:41.889  1052  2134 E CamX    : [ERROR][NCS    ] camxncsservice.cpp:680 EnqueueJob() Can not enqueue jobs when thread is stopped
07-04 09:32:41.889  1052  2134 W CamX    : [ WARN][NCS    ] camxncsintfqsee.cpp:2701 FillSensorData() Buffer queue for sensor 7 has been freed: bufh=0x0, bufsize=1248, stride=4
07-04 09:32:42.088  1052  2134 E CamX    : [ERROR][NCS    ] camxncsservice.cpp:680 EnqueueJob() Can not enqueue jobs when thread is stopped
07-04 09:32:42.088  1052  2134 W CamX    : [ WARN][NCS    ] camxncsintfqsee.cpp:2701 FillSensorData() Buffer queue for sensor 7 has been freed: bufh=0x0, bufsize=1248, stride=4
07-04 09:32:42.289  1052  2134 E CamX    : [ERROR][NCS    ] camxncsservice.cpp:680 EnqueueJob() Can not enqueue jobs when thread is stopped
07-04 09:32:42.289  1052  2134 W CamX    : [ WARN][NCS    ] camxncsintfqsee.cpp:2701 FillSensorData() Buffer queue for sensor 7 has been freed: bufh=0x0, bufsize=1248, stride=4
07-04 09:32:42.453  2071  2943 I SmartPower.com.whatsapp/10288(9504): background->idle(3002ms) R(broadcast start Intent { act=android.intent.action.BATTERY_CHANGED flg=0x60000010 (has extras) }) adj=701.
07-04 09:32:42.454  2071  2943 I SmartPower.com.google.android.googlequicksearchbox:interactor/10163(4930): background->idle(3002ms) R(broadcast start Intent { act=android.intent.action.BATTERY_CHANGED flg=0x60000010 (has extras) }) adj=100.
07-04 09:32:42.457  2071  2943 I SmartPower.com.digibites.accubattery/10320(14052): background->idle(3003ms) R(broadcast start Intent { act=android.intent.action.BATTERY_CHANGED flg=0x60000010 (has extras) }) adj=200.
07-04 09:32:42.457  2071  2943 I SmartPower.com.xiaomi.discover/10164(27904): background->idle(3003ms) R(broadcast start Intent { act=android.intent.action.BATTERY_CHANGED flg=0x60000010 (has extras) }) adj=915.
07-04 09:32:42.457  2071  2943 I SmartPower.com.tokopedia.tkpd/10290(31033): background->idle(3002ms) R(broadcast start Intent { act=android.intent.action.BATTERY_CHANGED flg=0x60000010 (has extras) }) adj=935.
07-04 09:32:42.458  2071  2943 I SmartPower.com.facebook.katana/10282(31244): background->idle(3003ms) R(broadcast start Intent { act=android.intent.action.BATTERY_CHANGED flg=0x60000010 (has extras) }) adj=915.
07-04 09:32:42.458  2071  2943 I SmartPower.com.google.android.apps.tachyon/10270(4448): background->idle(3002ms) R(broadcast start Intent { act=android.intent.action.BATTERY_CHANGED flg=0x60000010 (has extras) }) adj=935.
07-04 09:32:42.688  1052  2134 E CamX    : [ERROR][NCS    ] camxncsservice.cpp:680 EnqueueJob() Can not enqueue jobs when thread is stopped
07-04 09:32:42.688  1052  2134 W CamX    : [ WARN][NCS    ] camxncsintfqsee.cpp:2701 FillSensorData() Buffer queue for sensor 7 has been freed: bufh=0x0, bufsize=1248, stride=4
07-04 09:32:42.889  1052  2134 E CamX    : [ERROR][NCS    ] camxncsservice.cpp:680 EnqueueJob() Can not enqueue jobs when thread is stopped
07-04 09:32:42.889  1052  2134 W CamX    : [ WARN][NCS    ] camxncsintfqsee.cpp:2701 FillSensorData() Buffer queue for sensor 7 has been freed: bufh=0x0, bufsize=1248, stride=4
07-04 09:32:43.082  1052  2134 E CamX    : [ERROR][NCS    ] camxncsservice.cpp:680 EnqueueJob() Can not enqueue jobs when thread is stopped
07-04 09:32:43.082  1052  2134 W CamX    : [ WARN][NCS    ] camxncsintfqsee.cpp:2701 FillSensorData() Buffer queue for sensor 7 has been freed: bufh=0x0, bufsize=1248, stride=4
07-04 09:32:43.096  1052  2134 E CamX    : [ERROR][NCS    ] camxncsservice.cpp:680 EnqueueJob() Can not enqueue jobs when thread is stopped
07-04 09:32:43.096  1052  2134 W CamX    : [ WARN][NCS    ] camxncsintfqsee.cpp:2701 FillSensorData() Buffer queue for sensor 7 has been freed: bufh=0x0, bufsize=1248, stride=4
07-04 09:32:43.122  1052  2134 E CamX    : [ERROR][NCS    ] camxncsservice.cpp:680 EnqueueJob() Can not enqueue jobs when thread is stopped
07-04 09:32:43.122  1052  2134 W CamX    : [ WARN][NCS    ] camxncsintfqsee.cpp:2701 FillSensorData() Buffer queue for sensor 7 has been freed: bufh=0x0, bufsize=1248, stride=4
07-04 09:32:43.385  3524  3524 W ThreadPoolForeg: type=1400 audit(0.0:215470): avc: denied { write } for name="traced_producer" dev="tmpfs" ino=24345 scontext=u:r:gmscore_app:s0:c512,c768 tcontext=u:object_r:traced_producer_socket:s0 tclass=sock_file permissive=0 app=com.google.android.gms
07-04 09:32:43.429   643   643 I hwservicemanager: Notifying vendor.qti.hardware.alarm@1.0::IAlarm/default they have clients: 0
07-04 09:32:43.431  5855  5855 I vendor.qti.hardware.alarm@1.0-service: Process has 0 (of 1 available) client(s) in use after notification vendor.qti.hardware.alarm@1.0::IAlarm has clients: 0
07-04 09:32:43.431  5855  5855 I vendor.qti.hardware.alarm@1.0-service: Trying to exit HAL. No clients in use for any service in process.
07-04 09:32:43.433   643   643 I hw-BpHwBinder: onLastStrongRef automatically unlinking death recipients
07-04 09:32:43.434  5855  5855 I vendor.qti.hardware.alarm@1.0-service: Unregistered all clients and exiting
07-04 09:32:43.434   643   643 I hw-BpHwBinder: onLastStrongRef automatically unlinking death recipients
07-04 09:32:43.657  2071  2731 D MiuiNetworkPolicy: updateLimit mLimitEnabled=false,enabled=true,mNetworkPriorityMode=0,mThermalForceMode=0
07-04 09:32:43.658  2071  2731 I MiuiNetworkPolicy: getEnableLimitTimeout when thermal mode is:0
07-04 09:32:43.757 14052 14221 I S.FlushReqestGen: Queueing async flush of data to disk for 2 listeners.
07-04 09:32:43.777 14052 14174 I S.FlushReqestGen: Async flush done.
07-04 09:32:43.777 14052 14174 D U/AsyncTaskHelper: setDebugUserGeography$5@c60731e finished, thread=ATH-5. Queue time: 0ms. Run real=19 cpu=14 ms
07-04 09:32:44.389  1052  2134 E CamX    : [ERROR][NCS    ] camxncsservice.cpp:680 EnqueueJob() Can not enqueue jobs when thread is stopped
07-04 09:32:44.389  1052  2134 W CamX    : [ WARN][NCS    ] camxncsintfqsee.cpp:2701 FillSensorData() Buffer queue for sensor 7 has been freed: bufh=0x0, bufsize=1248, stride=4
07-04 09:32:44.455  2071  3235 D ProcessMemoryCleaner: Compact memory: com.whatsapp/10288(9504) state=hibernation adj=701 pri=11 usage=5 isKilled=false pss:288206 swap:226396
07-04 09:32:44.457  2071  2938 I MiuiMemoryService: Skipping compaction for process 9504, anon RSS is too small 0 KB
07-04 09:32:44.516  3524   659 I NearbyMediums: No BLE Fast/GATT advertisements found in the latest cycle.
07-04 09:32:44.588  1052  2134 E CamX    : [ERROR][NCS    ] camxncsservice.cpp:680 EnqueueJob() Can not enqueue jobs when thread is stopped
07-04 09:32:44.588  1052  2134 W CamX    : [ WARN][NCS    ] camxncsintfqsee.cpp:2701 FillSensorData() Buffer queue for sensor 7 has been freed: bufh=0x0, bufsize=1248, stride=4
07-04 09:32:44.701  1052  2134 E CamX    : [ERROR][NCS    ] camxncsservice.cpp:680 EnqueueJob() Can not enqueue jobs when thread is stopped
07-04 09:32:44.701  1052  2134 W CamX    : [ WARN][NCS    ] camxncsintfqsee.cpp:2701 FillSensorData() Buffer queue for sensor 7 has been freed: bufh=0x0, bufsize=1248, stride=4
07-04 09:32:44.801 14052 14052 I U.Notification: Acquire charge wakelock for 15 min
07-04 09:32:44.989  1052  2134 E CamX    : [ERROR][NCS    ] camxncsservice.cpp:680 EnqueueJob() Can not enqueue jobs when thread is stopped
07-04 09:32:44.989  1052  2134 W CamX    : [ WARN][NCS    ] camxncsintfqsee.cpp:2701 FillSensorData() Buffer queue for sensor 7 has been freed: bufh=0x0, bufsize=1248, stride=4
07-04 09:32:45.189  1052  2134 E CamX    : [ERROR][NCS    ] camxncsservice.cpp:680 EnqueueJob() Can not enqueue jobs when thread is stopped
07-04 09:32:45.189  1052  2134 W CamX    : [ WARN][NCS    ] camxncsintfqsee.cpp:2701 FillSensorData() Buffer queue for sensor 7 has been freed: bufh=0x0, bufsize=1248, stride=4
07-04 09:32:45.389  1052  2134 E CamX    : [ERROR][NCS    ] camxncsservice.cpp:680 EnqueueJob() Can not enqueue jobs when thread is stopped
07-04 09:32:45.389  1052  2134 W CamX    : [ WARN][NCS    ] camxncsintfqsee.cpp:2701 FillSensorData() Buffer queue for sensor 7 has been freed: bufh=0x0, bufsize=1248, stride=4
07-04 09:32:45.588  1052  2134 E CamX    : [ERROR][NCS    ] camxncsservice.cpp:680 EnqueueJob() Can not enqueue jobs when thread is stopped
07-04 09:32:45.588  1052  2134 W CamX    : [ WARN][NCS    ] camxncsintfqsee.cpp:2701 FillSensorData() Buffer queue for sensor 7 has been freed: bufh=0x0, bufsize=1248, stride=4
07-04 09:32:45.590  3297  3712 D MI_RIL_OEM_HOOK(com.android.phone): onPkHookCommonMsg, msg_id = 65
07-04 09:32:45.591  3297  3712 D MI_RIL_OEM_HOOK(com.android.phone): onGetHookMsgBytes, HOOK_HEAD_SIZE = 16, msg_len = 4
07-04 09:32:45.591  3297  3712 D MI_RIL_OEM_HOOK(com.android.phone): onHookSendSync, phoneId = 0
07-04 09:32:45.592  3243  3243 D QcrilMsgTunnelIfaceManager: handleMessage what = 1
07-04 09:32:45.592  3243  3243 I QcrilOemhookMsgTunnel: [0]invokeOemRilRequestRaw: serial=19304 length=36
07-04 09:32:45.637  1854  1854 D XIAOMI_QCRIL: RIL[lib][xiaomi_extend_nvefs.c:52] xiaomi_qmi_result_map: xiaomi_qmi_result_map, old_result 0, new_result 0
07-04 09:32:45.639  3243  3470 I QcrilOemhookMsgTunnel: [0]processOemHookResponse serial no: 19304 error: 0length=16
07-04 09:32:45.639  3243  3243 D QcrilMsgTunnelIfaceManager: handleMessage what = 2
07-04 09:32:45.640  3297  3712 D QC_RIL_OEM_HOOK: sendOemRilRequestRaw returns value = 16
07-04 09:32:45.640  3297  3712 D MI_RIL_OEM_HOOK(com.android.phone): sendQcRilHookMsgSync, requestId = 524970, phoneId = 0, ar = org.codeaurora.telephony.utils.AsyncResult@7521b18
07-04 09:32:45.640  3297  3712 D ModemSarController_8250: type = 65, len = 4, value = 0
07-04 09:32:45.789  1052  2134 E CamX    : [ERROR][NCS    ] camxncsservice.cpp:680 EnqueueJob() Can not enqueue jobs when thread is stopped
07-04 09:32:45.789  1052  2134 W CamX    : [ WARN][NCS    ] camxncsintfqsee.cpp:2701 FillSensorData() Buffer queue for sensor 7 has been freed: bufh=0x0, bufsize=1248, stride=4
07-04 09:32:45.988  1052  2134 E CamX    : [ERROR][NCS    ] camxncsservice.cpp:680 EnqueueJob() Can not enqueue jobs when thread is stopped
07-04 09:32:45.988  1052  2134 W CamX    : [ WARN][NCS    ] camxncsintfqsee.cpp:2701 FillSensorData() Buffer queue for sensor 7 has been freed: bufh=0x0, bufsize=1248, stride=4
07-04 09:32:46.188  1052  2134 E CamX    : [ERROR][NCS    ] camxncsservice.cpp:680 EnqueueJob() Can not enqueue jobs when thread is stopped
07-04 09:32:46.189  1052  2134 W CamX    : [ WARN][NCS    ] camxncsintfqsee.cpp:2701 FillSensorData() Buffer queue for sensor 7 has been freed: bufh=0x0, bufsize=1248, stride=4
07-04 09:32:46.788  1052  2134 E CamX    : [ERROR][NCS    ] camxncsservice.cpp:680 EnqueueJob() Can not enqueue jobs when thread is stopped
07-04 09:32:46.789  1052  2134 W CamX    : [ WARN][NCS    ] camxncsintfqsee.cpp:2701 FillSensorData() Buffer queue for sensor 7 has been freed: bufh=0x0, bufsize=1248, stride=4
07-04 09:32:46.988  1052  2134 E CamX    : [ERROR][NCS    ] camxncsservice.cpp:680 EnqueueJob() Can not enqueue jobs when thread is stopped
07-04 09:32:46.988  1052  2134 W CamX    : [ WARN][NCS    ] camxncsintfqsee.cpp:2701 FillSensorData() Buffer queue for sensor 7 has been freed: bufh=0x0, bufsize=1248, stride=4
07-04 09:32:47.108 22142 22142 D BoundBrokerSvc: onUnbind: Intent { act=com.google.android.gms.measurement.START pkg=com.google.android.gms }
07-04 09:32:47.114  2071  2731 I MiuiNetworkPolicy: updateUidState uid = 99072, uidState = 6
07-04 09:32:47.115  2071  4995 W ProcessStats: Tracking association SourceState{fc0ecf9 com.miui.securitycenter:ui/1000 BTopFgs #298495} whose proc state 2 is better than process ProcessState{949221d com.miui.securitycenter.remote/1000 pkg=com.miui.securitycenter} proc state 3 (84 skipped)
07-04 09:32:47.188  1052  2134 E CamX    : [ERROR][NCS    ] camxncsservice.cpp:680 EnqueueJob() Can not enqueue jobs when thread is stopped
07-04 09:32:47.188  1052  2134 W CamX    : [ WARN][NCS    ] camxncsintfqsee.cpp:2701 FillSensorData() Buffer queue for sensor 7 has been freed: bufh=0x0, bufsize=1248, stride=4
07-04 09:32:47.588  2071  2071 D UiModeManager: updateConfigurationLocked: mDockState=0; mCarMode=false; mCar=false; mPowerSave=false; mComputedNightMode=true; mNightMode=2; uiMode=33
07-04 09:32:47.588  1052  2134 E CamX    : [ERROR][NCS    ] camxncsservice.cpp:680 EnqueueJob() Can not enqueue jobs when thread is stopped
07-04 09:32:47.588  1052  2134 W CamX    : [ WARN][NCS    ] camxncsintfqsee.cpp:2701 FillSensorData() Buffer queue for sensor 7 has been freed: bufh=0x0, bufsize=1248, stride=4
07-04 09:32:47.588  3297  3297 D DynamicService_WifiBt:  ACTION_BATTERY_CHANGED change,USB plug = 1
07-04 09:32:47.590  3254  3254 D QtiCarrierConfigHelper: WARNING, no carrier configs on phone Id: 0
07-04 09:32:47.591  6915  6915 I PowerSaveService: onReceive: android.intent.action.BATTERY_CHANGED
07-04 09:32:47.592  2071  2149 I SmartPower.com.whatsapp/10288(9504): idle->background(5139ms) R(broadcast start Intent { act=android.intent.action.BATTERY_CHANGED flg=0x60000010 (has extras) }) adj=701.
07-04 09:32:47.592  6915  6915 I PowerNoticeUI: handleBatteryChanged oldPlugType 1 mPlugType 1 oldBatteryLevel 100 mBatteryLevel 100 temperature 345
07-04 09:32:47.592  6915  6915 I ChargerBatteryIntelligenceReceiver: onBatteryChanged temperature：34,plugType:1
07-04 09:32:47.592  6915  6915 I PowerFeatureUtils: getVendorName:qcom
07-04 09:32:47.592  2071  2149 I SmartPower.com.google.android.googlequicksearchbox:interactor/10163(4930): idle->background(5139ms) R(broadcast start Intent { act=android.intent.action.BATTERY_CHANGED flg=0x60000010 (has extras) }) adj=100.
07-04 09:32:47.593  7696  7836 D PowerCheckerService: onBatteryChanged, mBatteryLevel = 100, status = 5, level = 100, plug = 1, scale = 100
07-04 09:32:47.594  6915 13073 I android_os_HwBinder: HwBinder: Starting thread pool for getting: vendor.xiaomi.hardware.micharge@1.0::IMiCharge/default
07-04 09:32:47.594  1092  1092 I vendor.xiaomi.hardware.micharge@1.0-service: ReadFilePathValue path = /sys/class/power_supply/battery/night_charging value = 0
07-04 09:32:47.594  6915 13073 I ChargeProtectionUtils: getNightChargingState: 0
07-04 09:32:47.595  3243  3243 V DeviceStatisticsService: chargerType=1 batteryLevel=100 totalBatteryCapacity=3541000
07-04 09:32:47.595  3243  3243 D DeviceInfoHidlClient: isRadioOn()=true
07-04 09:32:47.595  3243  3243 I DeviceInfoHidlClient: isPowerInfoNeverSent=false batteryLevel=100 batteryLevelIndex=3 chargingMode=1 totalCapacity=3541000 powerSaveMode=false
07-04 09:32:47.596  7696  7836 D PowerKeeper.Thermal: mBatteryTemperature: 34
07-04 09:32:47.596  2071  2149 I SmartPower.com.digibites.accubattery/10320(14052): idle->background(5139ms) R(broadcast start Intent { act=android.intent.action.BATTERY_CHANGED flg=0x60000010 (has extras) }) adj=200.
07-04 09:32:47.597  2071  2149 I SmartPower.com.xiaomi.discover/10164(27904): idle->background(5140ms) R(broadcast start Intent { act=android.intent.action.BATTERY_CHANGED flg=0x60000010 (has extras) }) adj=915.
07-04 09:32:47.597  2071  2149 I SmartPower.com.tokopedia.tkpd/10290(31033): idle->background(5140ms) R(broadcast start Intent { act=android.intent.action.BATTERY_CHANGED flg=0x60000010 (has extras) }) adj=935.
07-04 09:32:47.599  2071  2149 I SmartPower.com.facebook.katana/10282(31244): idle->background(5140ms) R(broadcast start Intent { act=android.intent.action.BATTERY_CHANGED flg=0x60000010 (has extras) }) adj=915.
07-04 09:32:47.599  2071  2149 I SmartPower.com.google.android.apps.tachyon/10270(4448): idle->background(5141ms) R(broadcast start Intent { act=android.intent.action.BATTERY_CHANGED flg=0x60000010 (has extras) }) adj=935.
07-04 09:32:47.789  1052  2134 E CamX    : [ERROR][NCS    ] camxncsservice.cpp:680 EnqueueJob() Can not enqueue jobs when thread is stopped
07-04 09:32:47.789  1052  2134 W CamX    : [ WARN][NCS    ] camxncsintfqsee.cpp:2701 FillSensorData() Buffer queue for sensor 7 has been freed: bufh=0x0, bufsize=1248, stride=4
07-04 09:32:47.989  1052  2134 E CamX    : [ERROR][NCS    ] camxncsservice.cpp:680 EnqueueJob() Can not enqueue jobs when thread is stopped
07-04 09:32:47.989  1052  2134 W CamX    : [ WARN][NCS    ] camxncsintfqsee.cpp:2701 FillSensorData() Buffer queue for sensor 7 has been freed: bufh=0x0, bufsize=1248, stride=4
07-04 09:32:48.177  7696  8018 D collectorManager: ThermalScenarioValue setForegroundCounts: com.growME
07-04 09:32:48.177  7696  8018 D collectorManager: ThermalScenarioValue setFloatCounts: NULL
07-04 09:32:48.177  7696  8018 D collectorManager: ThermalScenarioValue setTemp: 36
07-04 09:32:48.188  1052  2134 E CamX    : [ERROR][NCS    ] camxncsservice.cpp:680 EnqueueJob() Can not enqueue jobs when thread is stopped
07-04 09:32:48.189  1052  2134 W CamX    : [ WARN][NCS    ] camxncsintfqsee.cpp:2701 FillSensorData() Buffer queue for sensor 7 has been freed: bufh=0x0, bufsize=1248, stride=4
07-04 09:32:48.764  1052  2134 E CamX    : [ERROR][NCS    ] camxncsservice.cpp:680 EnqueueJob() Can not enqueue jobs when thread is stopped
07-04 09:32:48.764  1052  2134 W CamX    : [ WARN][NCS    ] camxncsintfqsee.cpp:2701 FillSensorData() Buffer queue for sensor 7 has been freed: bufh=0x0, bufsize=1248, stride=4
07-04 09:32:48.804  1052  2134 E CamX    : [ERROR][NCS    ] camxncsservice.cpp:680 EnqueueJob() Can not enqueue jobs when thread is stopped
07-04 09:32:48.804  1052  2134 W CamX    : [ WARN][NCS    ] camxncsintfqsee.cpp:2701 FillSensorData() Buffer queue for sensor 7 has been freed: bufh=0x0, bufsize=1248, stride=4
07-04 09:32:48.809  1052  2134 E CamX    : [ERROR][NCS    ] camxncsservice.cpp:680 EnqueueJob() Can not enqueue jobs when thread is stopped
07-04 09:32:48.810  1052  2134 W CamX    : [ WARN][NCS    ] camxncsintfqsee.cpp:2701 FillSensorData() Buffer queue for sensor 7 has been freed: bufh=0x0, bufsize=1248, stride=4
07-04 09:32:48.816  1090  1594 D DisplayFeatureHal: onMessageReceived receive old message
07-04 09:32:48.816  1090  1594 D DisplayFeatureHal: onMessageReceived receive old message
07-04 09:32:49.089  1052  2134 E CamX    : [ERROR][NCS    ] camxncsservice.cpp:680 EnqueueJob() Can not enqueue jobs when thread is stopped
07-04 09:32:49.089  1052  2134 W CamX    : [ WARN][NCS    ] camxncsintfqsee.cpp:2701 FillSensorData() Buffer queue for sensor 7 has been freed: bufh=0x0, bufsize=1248, stride=4
07-04 09:32:49.290  1052  2134 E CamX    : [ERROR][NCS    ] camxncsservice.cpp:680 EnqueueJob() Can not enqueue jobs when thread is stopped
07-04 09:32:49.290  1052  2134 W CamX    : [ WARN][NCS    ] camxncsintfqsee.cpp:2701 FillSensorData() Buffer queue for sensor 7 has been freed: bufh=0x0, bufsize=1248, stride=4
07-04 09:32:49.490  1052  2134 E CamX    : [ERROR][NCS    ] camxncsservice.cpp:680 EnqueueJob() Can not enqueue jobs when thread is stopped
07-04 09:32:49.490  1052  2134 W CamX    : [ WARN][NCS    ] camxncsintfqsee.cpp:2701 FillSensorData() Buffer queue for sensor 7 has been freed: bufh=0x0, bufsize=1248, stride=4
07-04 09:32:49.890  1052  2134 E CamX    : [ERROR][NCS    ] camxncsservice.cpp:680 EnqueueJob() Can not enqueue jobs when thread is stopped
07-04 09:32:49.890  1052  2134 W CamX    : [ WARN][NCS    ] camxncsintfqsee.cpp:2701 FillSensorData() Buffer queue for sensor 7 has been freed: bufh=0x0, bufsize=1248, stride=4
07-04 09:32:50.089  1052  2134 E CamX    : [ERROR][NCS    ] camxncsservice.cpp:680 EnqueueJob() Can not enqueue jobs when thread is stopped
07-04 09:32:50.089  1052  2134 W CamX    : [ WARN][NCS    ] camxncsintfqsee.cpp:2701 FillSensorData() Buffer queue for sensor 7 has been freed: bufh=0x0, bufsize=1248, stride=4
07-04 09:32:50.290  1052  2134 E CamX    : [ERROR][NCS    ] camxncsservice.cpp:680 EnqueueJob() Can not enqueue jobs when thread is stopped
07-04 09:32:50.290  1052  2134 W CamX    : [ WARN][NCS    ] camxncsintfqsee.cpp:2701 FillSensorData() Buffer queue for sensor 7 has been freed: bufh=0x0, bufsize=1248, stride=4
07-04 09:32:50.488  1052  2134 E CamX    : [ERROR][NCS    ] camxncsservice.cpp:680 EnqueueJob() Can not enqueue jobs when thread is stopped
07-04 09:32:50.488  1052  2134 W CamX    : [ WARN][NCS    ] camxncsintfqsee.cpp:2701 FillSensorData() Buffer queue for sensor 7 has been freed: bufh=0x0, bufsize=1248, stride=4
07-04 09:32:50.593  2071  2943 I SmartPower.com.whatsapp/10288(9504): background->idle(3002ms) R(broadcast start Intent { act=android.intent.action.BATTERY_CHANGED flg=0x60000010 (has extras) }) adj=701.
07-04 09:32:50.594  2071  2943 I SmartPower.com.google.android.googlequicksearchbox:interactor/10163(4930): background->idle(3001ms) R(broadcast start Intent { act=android.intent.action.BATTERY_CHANGED flg=0x60000010 (has extras) }) adj=100.
07-04 09:32:50.598  2071  2943 I SmartPower.com.digibites.accubattery/10320(14052): background->idle(3002ms) R(broadcast start Intent { act=android.intent.action.BATTERY_CHANGED flg=0x60000010 (has extras) }) adj=200.
07-04 09:32:50.599  2071  2943 I SmartPower.com.xiaomi.discover/10164(27904): background->idle(3001ms) R(broadcast start Intent { act=android.intent.action.BATTERY_CHANGED flg=0x60000010 (has extras) }) adj=915.
07-04 09:32:50.599  2071  2943 I SmartPower.com.tokopedia.tkpd/10290(31033): background->idle(3002ms) R(broadcast start Intent { act=android.intent.action.BATTERY_CHANGED flg=0x60000010 (has extras) }) adj=935.
07-04 09:32:50.600  2071  2943 I SmartPower.com.facebook.katana/10282(31244): background->idle(3001ms) R(broadcast start Intent { act=android.intent.action.BATTERY_CHANGED flg=0x60000010 (has extras) }) adj=915.
07-04 09:32:50.600  2071  2943 I SmartPower.com.google.android.apps.tachyon/10270(4448): background->idle(3001ms) R(broadcast start Intent { act=android.intent.action.BATTERY_CHANGED flg=0x60000010 (has extras) }) adj=935.
07-04 09:32:50.641  3297  3712 D MI_RIL_OEM_HOOK(com.android.phone): onPkHookCommonMsg, msg_id = 65
07-04 09:32:50.641  3297  3712 D MI_RIL_OEM_HOOK(com.android.phone): onGetHookMsgBytes, HOOK_HEAD_SIZE = 16, msg_len = 4
07-04 09:32:50.641  3297  3712 D MI_RIL_OEM_HOOK(com.android.phone): onHookSendSync, phoneId = 0
07-04 09:32:50.643  3243  3243 D QcrilMsgTunnelIfaceManager: handleMessage what = 1
07-04 09:32:50.643  3243  3243 I QcrilOemhookMsgTunnel: [0]invokeOemRilRequestRaw: serial=19305 length=36
07-04 09:32:50.687  1854  1854 D XIAOMI_QCRIL: RIL[lib][xiaomi_extend_nvefs.c:52] xiaomi_qmi_result_map: xiaomi_qmi_result_map, old_result 0, new_result 0
07-04 09:32:50.689  3243  3470 I QcrilOemhookMsgTunnel: [0]processOemHookResponse serial no: 19305 error: 0length=16
07-04 09:32:50.690  3243  3243 D QcrilMsgTunnelIfaceManager: handleMessage what = 2
07-04 09:32:50.691  3297  3712 D QC_RIL_OEM_HOOK: sendOemRilRequestRaw returns value = 16
07-04 09:32:50.691  3297  3712 D MI_RIL_OEM_HOOK(com.android.phone): sendQcRilHookMsgSync, requestId = 524970, phoneId = 0, ar = org.codeaurora.telephony.utils.AsyncResult@ec70971
07-04 09:32:50.691  3297  3712 D ModemSarController_8250: type = 65, len = 4, value = 0
07-04 09:32:50.756  2071  3204 D SLM-SRV-SLAService: checktemp temperature = 35918 temperature_average = 36115 isPerformanceMode = false thermal_enable_slm = true
07-04 09:32:50.831  2071  3201 I NetworkBoostStatusManager: handle: 106
07-04 09:32:50.840  2071  3201 I NetworkBoostStatusManager: isModemSingnalStrengthStatus cellLteSignalRsrp = -111
07-04 09:32:50.841  2071  3201 D SLM-SRV-SLAService: isModemSingnalStrengthStatus = 1
07-04 09:32:50.888  1052  2134 E CamX    : [ERROR][NCS    ] camxncsservice.cpp:680 EnqueueJob() Can not enqueue jobs when thread is stopped
07-04 09:32:50.888  1052  2134 W CamX    : [ WARN][NCS    ] camxncsintfqsee.cpp:2701 FillSensorData() Buffer queue for sensor 7 has been freed: bufh=0x0, bufsize=1248, stride=4
07-04 09:32:51.033  2071  2731 I MiuiNetworkPolicy: updateUidState uid = 99145, uidState = 10
07-04 09:32:51.034  2071  5016 I SmartPower.com.google.android.googlequicksearchbox:search/10163(9919): idle->background(94214ms) R(service create com.google.android.googlequicksearchbox/com.google.frameworks.client.data.android.server.tiktok.SearchProcessEndpointService) adj=0.
07-04 09:32:51.035  2071  5016 D CompatibilityInfo: mCompatibilityFlags - 0
07-04 09:32:51.037  2071  2731 I MiuiNetworkPolicy: updateUidState uid = 10252, uidState = 10
07-04 09:32:51.037  2071  5016 D CompatibilityInfo: applicationDensity - 440
07-04 09:32:51.037  2071  5016 D CompatibilityInfo: applicationScale - 1.0
07-04 09:32:51.047  2071  5016 D CompatibilityInfo: mCompatibilityFlags - 0
07-04 09:32:51.047  2071  5016 D CompatibilityInfo: applicationDensity - 440
07-04 09:32:51.047  2071  5016 D CompatibilityInfo: applicationScale - 1.0
07-04 09:32:51.050  9919  9919 I fwnl    : (REDACTED) Created gRPC endpoint for service %s
