07-04 09:33:05.088  1052  2134 W CamX    : [ WARN][NCS    ] camxncsintfqsee.cpp:2701 FillSensorData() Buffer queue for sensor 7 has been freed: bufh=0x0, bufsize=1248, stride=4
07-04 09:33:05.131 22142 22142 D BoundBrokerSvc: onUnbind: Intent { act=com.google.android.gms.measurement.START pkg=com.google.android.gms }
07-04 09:33:05.135  2071  2731 I MiuiNetworkPolicy: updateUidState uid = 99072, uidState = 6
07-04 09:33:05.135  2071  2771 W ProcessStats: Tracking association SourceState{fc0ecf9 com.miui.securitycenter:ui/1000 BTopFgs #298510} whose proc state 2 is better than process ProcessState{949221d com.miui.securitycenter.remote/1000 pkg=com.miui.securitycenter} proc state 3 (220 skipped)
07-04 09:33:05.141  5951  5951 W ziparchive: Unable to open '/data/app/~~Otbqp7tE1zMZwkrE7tykQQ==/com.telkomsel.telkomselcm-mbH3oYUvnNgpjYFdQRpKtw==/split_config.arm64_v8a.dm': No such file or directory
07-04 09:33:05.142  5951  5951 W ziparchive: Unable to open '/data/app/~~Otbqp7tE1zMZwkrE7tykQQ==/com.telkomsel.telkomselcm-mbH3oYUvnNgpjYFdQRpKtw==/split_config.arm64_v8a.dm': No such file or directory
07-04 09:33:05.144  5951  5951 W sel.telkomselcm: Entry not found
07-04 09:33:05.144  5951  5951 W ziparchive: Unable to open '/data/app/~~Otbqp7tE1zMZwkrE7tykQQ==/com.telkomsel.telkomselcm-mbH3oYUvnNgpjYFdQRpKtw==/split_config.xxhdpi.dm': No such file or directory
07-04 09:33:05.144  5951  5951 W ziparchive: Unable to open '/data/app/~~Otbqp7tE1zMZwkrE7tykQQ==/com.telkomsel.telkomselcm-mbH3oYUvnNgpjYFdQRpKtw==/split_config.xxhdpi.dm': No such file or directory
07-04 09:33:05.145  5951  5951 W sel.telkomselcm: Entry not found
07-04 09:33:05.146  5951  5951 D nativeloader: Configuring clns-5 for other apk /data/app/~~Otbqp7tE1zMZwkrE7tykQQ==/com.telkomsel.telkomselcm-mbH3oYUvnNgpjYFdQRpKtw==/base.apk:/data/app/~~Otbqp7tE1zMZwkrE7tykQQ==/com.telkomsel.telkomselcm-mbH3oYUvnNgpjYFdQRpKtw==/split_config.arm64_v8a.apk:/data/app/~~Otbqp7tE1zMZwkrE7tykQQ==/com.telkomsel.telkomselcm-mbH3oYUvnNgpjYFdQRpKtw==/split_config.xxhdpi.apk. target_sdk_version=34, uses_libraries=, library_path=/data/app/~~Otbqp7tE1zMZwkrE7tykQQ==/com.telkomsel.telkomselcm-mbH3oYUvnNgpjYFdQRpKtw==/lib/arm64:/data/app/~~Otbqp7tE1zMZwkrE7tykQQ==/com.telkomsel.telkomselcm-mbH3oYUvnNgpjYFdQRpKtw==/base.apk!/lib/arm64-v8a:/data/app/~~Otbqp7tE1zMZwkrE7tykQQ==/com.telkomsel.telkomselcm-mbH3oYUvnNgpjYFdQRpKtw==/split_config.arm64_v8a.apk!/lib/arm64-v8a:/data/app/~~Otbqp7tE1zMZwkrE7tykQQ==/com.telkomsel.telkomselcm-mbH3oYUvnNgpjYFdQRpKtw==/split_config.xxhdpi.apk!/lib/arm64-v8a, permitted_path=/data:/mnt/expand:/data/user/0/com.telkomsel.telkomselcm
07-04 09:33:05.200  5951  5951 D nativeloader: Load /data/app/~~Otbqp7tE1zMZwkrE7tykQQ==/com.telkomsel.telkomselcm-mbH3oYUvnNgpjYFdQRpKtw==/lib/arm64/libtelkomsel_telkomselcm.so using ns clns-5 from class loader (caller=base.apk): ok
07-04 09:33:05.288  1052  2134 E CamX    : [ERROR][NCS    ] camxncsservice.cpp:680 EnqueueJob() Can not enqueue jobs when thread is stopped
07-04 09:33:05.288  1052  2134 W CamX    : [ WARN][NCS    ] camxncsintfqsee.cpp:2701 FillSensorData() Buffer queue for sensor 7 has been freed: bufh=0x0, bufsize=1248, stride=4
07-04 09:33:05.365  5951  5951 W m.android.phone: type=1400 audit(0.0:215471): avc: denied { read } for name="unix" dev="proc" ino=4026532291 scontext=u:r:untrusted_app:s0:c73,c257,c512,c768 tcontext=u:object_r:proc_net:s0 tclass=file permissive=0 app=com.telkomsel.telkomselcm
07-04 09:33:05.457  5951  5951 W m.android.phone: type=1400 audit(0.0:215472): avc: denied { read } for name="enforce" dev="selinuxfs" ino=4 scontext=u:r:untrusted_app:s0:c73,c257,c512,c768 tcontext=u:object_r:selinuxfs:s0 tclass=file permissive=0 app=com.telkomsel.telkomselcm
07-04 09:33:05.485  5951  5951 W libc    : Access denied finding property "qemu.hw.mainkeys"
07-04 09:33:05.481  5951  5951 W m.android.phone: type=1400 audit(0.0:215473): avc: denied { read } for name="u:object_r:qemu_hw_prop:s0" dev="tmpfs" ino=13792 scontext=u:r:untrusted_app:s0:c73,c257,c512,c768 tcontext=u:object_r:qemu_hw_prop:s0 tclass=file permissive=0 app=com.telkomsel.telkomselcm
07-04 09:33:05.485  5951  5951 W libc    : Access denied finding property "vendor.qemu.sf.fake_camera"
07-04 09:33:05.485  5951  5951 W libc    : Access denied finding property "vendor.qemu.timezone"
07-04 09:33:05.485  5951  5951 W libc    : Access denied finding property "ro.boot.serialno"
07-04 09:33:05.481  5951  5951 W m.android.phone: type=1400 audit(0.0:215474): avc: denied { read } for name="u:object_r:qemu_sf_lcd_density_prop:s0" dev="tmpfs" ino=13793 scontext=u:r:untrusted_app:s0:c73,c257,c512,c768 tcontext=u:object_r:qemu_sf_lcd_density_prop:s0 tclass=file permissive=0 app=com.telkomsel.telkomselcm
07-04 09:33:05.481  5951  5951 W m.android.phone: type=1400 audit(0.0:215475): avc: denied { read } for name="u:object_r:serialno_prop:s0" dev="tmpfs" ino=13805 scontext=u:r:untrusted_app:s0:c73,c257,c512,c768 tcontext=u:object_r:serialno_prop:s0 tclass=file permissive=0 app=com.telkomsel.telkomselcm
07-04 09:33:05.489  1052  2134 E CamX    : [ERROR][NCS    ] camxncsservice.cpp:680 EnqueueJob() Can not enqueue jobs when thread is stopped
07-04 09:33:05.489  1052  2134 W CamX    : [ WARN][NCS    ] camxncsintfqsee.cpp:2701 FillSensorData() Buffer queue for sensor 7 has been freed: bufh=0x0, bufsize=1248, stride=4
07-04 09:33:05.491  5951  5951 W libc    : Access denied finding property "ro.boot.serialno"
07-04 09:33:05.491  5951  5951 W libc    : Access denied finding property "init.svc.vendor.light-rockchip"
07-04 09:33:05.492  5951  5951 W libc    : Access denied finding property "init.svc_debug_pid.vendor.light-rockchip"
07-04 09:33:05.492  5951  5951 W libc    : Access denied finding property "init.svc_debug_pid.vendor.rknn-1-0"
07-04 09:33:05.492  5951  5951 W libc    : Access denied finding property "khungtask.enable"
07-04 09:33:05.492  5951  5951 W libc    : Access denied finding property "ro.boottime.init.fsck.cache"
07-04 09:33:05.492  5951  5951 W libc    : Access denied finding property "ro.boottime.init.fsck.data"
07-04 09:33:05.492  5951  5951 W libc    : Access denied finding property "ro.boottime.init.fsck.scratch"
07-04 09:33:05.492  5951  5951 W libc    : Access denied finding property "ro.boottime.mdnsd"
07-04 09:33:05.492  5951  5951 W libc    : Access denied finding property "ro.boottime.media.swcodec"
07-04 09:33:05.492  5951  5951 W libc    : Access denied finding property "ro.boottime.mgysocks5"
07-04 09:33:05.492  5951  5951 W libc    : Access denied finding property "ro.boottime.rknn_server"
07-04 09:33:05.492  5951  5951 W libc    : Access denied finding property "ro.boottime.rockchip_udc_detector"
07-04 09:33:05.493  5951  5951 W libc    : Access denied finding property "vendor.cam.librkaiq.ver"
07-04 09:33:05.493  5951  5951 W libc    : Access denied finding property "vendor.cam.librkaiqCalib.ver"
07-04 09:33:05.493  5951  5951 W libc    : Access denied finding property "vendor.ghwc.version"
07-04 09:33:05.572  5951  5951 D nativeloader: Load libframework-connectivity-jni.so using APEX ns com_android_tethering for caller /apex/com.android.tethering/javalib/framework-connectivity.jar: ok
07-04 09:33:05.573  5951  5951 I Perf    : Connecting to perf service.
07-04 09:33:05.577  5951  5951 V GraphicsEnvironment: ANGLE Developer option for 'com.telkomsel.telkomselcm' set to: 'default'
07-04 09:33:05.577  5951  5951 V GraphicsEnvironment: ANGLE GameManagerService for com.telkomsel.telkomselcm: false
07-04 09:33:05.578  5951  5951 V GraphicsEnvironment: App is not on the allowlist for updatable production driver.
07-04 09:33:05.591  2071  3709 D ForceDarkAppConfigProvider: cloudConfigVersion: -1   localConfigVersion:20240126
07-04 09:33:05.591  2071  3709 I UiModeManager: systemserver package:com.telkomsel.telkomselcm null
07-04 09:33:05.595  5951  5951 I ForceDarkHelperStubImpl: initialize for com.telkomsel.telkomselcm , ForceDarkAppConfig: null
07-04 09:33:05.599  5951  5951 D nativeloader: Load libforcedarkimpl.so using system ns (caller=/system_ext/framework/miui-framework.jar): ok
07-04 09:33:05.599  5951  5951 D sel.telkomselcm: JNI_OnLoad success
07-04 09:33:05.599  5951  5951 I MiuiForceDarkConfig: setConfig density:2.750000, mainRule:0, secondaryRule:0, tertiaryRule:0
07-04 09:33:05.600  5951  5951 D NetworkSecurityConfig: Using Network Security Config from resource network_security_config debugBuild: false
07-04 09:33:05.603  5951  5951 D NetworkSecurityConfig: Using Network Security Config from resource network_security_config debugBuild: false
07-04 09:33:05.688  1052  2134 E CamX    : [ERROR][NCS    ] camxncsservice.cpp:680 EnqueueJob() Can not enqueue jobs when thread is stopped
07-04 09:33:05.688  1052  2134 W CamX    : [ WARN][NCS    ] camxncsintfqsee.cpp:2701 FillSensorData() Buffer queue for sensor 7 has been freed: bufh=0x0, bufsize=1248, stride=4
07-04 09:33:05.738  5951  5951 D CompatibilityChangeReporter: Compat change id reported: 183155436; UID 10329; state: ENABLED
07-04 09:33:05.743  5951  5973 D nativeloader: Configuring clns-6 for other apk /system/framework/com.android.media.remotedisplay.jar. target_sdk_version=36, uses_libraries=ALL, library_path=/data/app/~~upNWA7OdzWU6ghYqWRY0cQ==/com.google.android.gms-ywhP0rNeteCkJkY-4g3N_Q==/lib/arm64:/data/app/~~upNWA7OdzWU6ghYqWRY0cQ==/com.google.android.gms-ywhP0rNeteCkJkY-4g3N_Q==/base.apk!/lib/arm64-v8a, permitted_path=/data:/mnt/expand:/data/user/0/com.google.android.gms
07-04 09:33:05.743  5951  5973 D nativeloader: Extending system_exposed_libraries: libbinauralrenderer_wrapper.qti.so:libhoaeffects.qti.so:libQOC.qti.so:libmisys_jni.xiaomi.so:libxiaomi_modemdumpsdx55_jni.modem.so:libxiaomi_modemdump_jni.modem.so:libupdateprof.qti.so:libthermalclient.qti.so:libQOC.qti.so:libdiag_system.qti.so:libqape.qti.so:liblistenjni.qti.so
07-04 09:33:05.764  5951  5951 I FirebaseApp: Device unlocked: initializing all Firebase APIs for app [DEFAULT]
07-04 09:33:05.770  5951  5973 D nativeloader: Configuring clns-7 for other apk /system/framework/com.android.location.provider.jar. target_sdk_version=36, uses_libraries=ALL, library_path=/data/app/~~upNWA7OdzWU6ghYqWRY0cQ==/com.google.android.gms-ywhP0rNeteCkJkY-4g3N_Q==/lib/arm64:/data/app/~~upNWA7OdzWU6ghYqWRY0cQ==/com.google.android.gms-ywhP0rNeteCkJkY-4g3N_Q==/base.apk!/lib/arm64-v8a, permitted_path=/data:/mnt/expand:/data/user/0/com.google.android.gms
07-04 09:33:05.770  5951  5973 D nativeloader: Extending system_exposed_libraries: libbinauralrenderer_wrapper.qti.so:libhoaeffects.qti.so:libQOC.qti.so:libmisys_jni.xiaomi.so:libxiaomi_modemdumpsdx55_jni.modem.so:libxiaomi_modemdump_jni.modem.so:libupdateprof.qti.so:libthermalclient.qti.so:libQOC.qti.so:libdiag_system.qti.so:libqape.qti.so:liblistenjni.qti.so
07-04 09:33:05.792  3297  3712 D MI_RIL_OEM_HOOK(com.android.phone): onPkHookCommonMsg, msg_id = 65
07-04 09:33:05.792  3297  3712 D MI_RIL_OEM_HOOK(com.android.phone): onGetHookMsgBytes, HOOK_HEAD_SIZE = 16, msg_len = 4
07-04 09:33:05.792  3297  3712 D MI_RIL_OEM_HOOK(com.android.phone): onHookSendSync, phoneId = 0
07-04 09:33:05.793  3243  3243 D QcrilMsgTunnelIfaceManager: handleMessage what = 1
07-04 09:33:05.793  5951  5951 D nativeloader: Load /data/app/~~Otbqp7tE1zMZwkrE7tykQQ==/com.telkomsel.telkomselcm-mbH3oYUvnNgpjYFdQRpKtw==/lib/arm64/libcrashlytics.so using ns clns-5 from class loader (caller=base.apk!classes12.dex): ok
07-04 09:33:05.793  3243  3243 I QcrilOemhookMsgTunnel: [0]invokeOemRilRequestRaw: serial=19308 length=36
07-04 09:33:05.803  5951  5973 D nativeloader: Configuring clns-8 for other apk /data/app/~~upNWA7OdzWU6ghYqWRY0cQ==/com.google.android.gms-ywhP0rNeteCkJkY-4g3N_Q==/base.apk. target_sdk_version=36, uses_libraries=, library_path=/data/app/~~upNWA7OdzWU6ghYqWRY0cQ==/com.google.android.gms-ywhP0rNeteCkJkY-4g3N_Q==/lib/arm64:/data/app/~~upNWA7OdzWU6ghYqWRY0cQ==/com.google.android.gms-ywhP0rNeteCkJkY-4g3N_Q==/base.apk!/lib/arm64-v8a, permitted_path=/data:/mnt/expand:/data/user/0/com.google.android.gms
07-04 09:33:05.837  1854  1854 D XIAOMI_QCRIL: RIL[lib][xiaomi_extend_nvefs.c:52] xiaomi_qmi_result_map: xiaomi_qmi_result_map, old_result 0, new_result 0
07-04 09:33:05.838  3243  3470 I QcrilOemhookMsgTunnel: [0]processOemHookResponse serial no: 19308 error: 0length=16
07-04 09:33:05.838  3243  3243 D QcrilMsgTunnelIfaceManager: handleMessage what = 2
07-04 09:33:05.840  3297  3712 D QC_RIL_OEM_HOOK: sendOemRilRequestRaw returns value = 16
07-04 09:33:05.840  3297  3712 D MI_RIL_OEM_HOOK(com.android.phone): sendQcRilHookMsgSync, requestId = 524970, phoneId = 0, ar = org.codeaurora.telephony.utils.AsyncResult@f1605dc
07-04 09:33:05.840  3297  3712 D ModemSarController_8250: type = 65, len = 4, value = 0
07-04 09:33:05.844  5951  5951 I FirebaseCrashlytics: Initializing Firebase Crashlytics 18.2.11 for com.telkomsel.telkomselcm
07-04 09:33:05.928  5951  5986 W sel.telkomselcm: ClassLoaderContext classpath size mismatch. expected=1, found=0 (DLC[];PCL[base.apk*47260389]{PCL[/system/framework/org.apache.http.legacy.jar*1414085461]#PCL[/system/framework/com.android.media.remotedisplay.jar*3886290638]#PCL[/system/framework/com.android.location.provider.jar*3868789109]#PCL[/system/framework/org.apache.http.legacy.jar*1414085461]} | DLC[];PCL[])
07-04 09:33:05.932  5951  5986 I DynamiteModule: Considering local module com.google.android.gms.measurement.dynamite:73 and remote module com.google.android.gms.measurement.dynamite:151
07-04 09:33:05.932  5951  5986 I DynamiteModule: Selected remote version of com.google.android.gms.measurement.dynamite, version >= 151
07-04 09:33:05.933  5951  5986 V DynamiteModule: Dynamite loader version >= 2, using loadModule2NoCrashUtils
07-04 09:33:05.936  5951  5973 I DynamiteModule: Considering local module com.google.android.gms.ads.dynamite:0 and remote module com.google.android.gms.ads.dynamite:250505301
07-04 09:33:05.936  5951  5973 I DynamiteModule: Selected remote version of com.google.android.gms.ads.dynamite, version >= 250505301
07-04 09:33:05.936  5951  5973 V DynamiteModule: Dynamite loader version >= 2, using loadModule2NoCrashUtils
07-04 09:33:05.940  2071  2771 D CompatibilityChangeReporter: Compat change id reported: 161145287; UID 10329; state: DISABLED
07-04 09:33:05.943  5951  5986 W System  : ClassLoader referenced unknown path: 
07-04 09:33:05.943  5951  5986 D nativeloader: Configuring clns-9 for other apk . target_sdk_version=36, uses_libraries=, library_path=/data/app/~~upNWA7OdzWU6ghYqWRY0cQ==/com.google.android.gms-ywhP0rNeteCkJkY-4g3N_Q==/lib/arm64:/data/app/~~upNWA7OdzWU6ghYqWRY0cQ==/com.google.android.gms-ywhP0rNeteCkJkY-4g3N_Q==/base.apk!/lib/arm64-v8a, permitted_path=/data:/mnt/expand:/data/user/0/com.google.android.gms
07-04 09:33:05.946  5951  5987 D libcrashlytics: Initializing libcrashlytics version 3.2.0
07-04 09:33:05.960  5951  5986 W sel.telkomselcm: ClassLoaderContext classpath element checksum mismatch. expected=47260389, found=911052593 (DLC[];PCL[base.apk*47260389]{PCL[/system/framework/org.apache.http.legacy.jar*1414085461]#PCL[/system/framework/com.android.media.remotedisplay.jar*3886290638]#PCL[/system/framework/com.android.location.provider.jar*3868789109]#PCL[/system/framework/org.apache.http.legacy.jar*1414085461]} | DLC[];PCL[/data/app/~~Otbqp7tE1zMZwkrE7tykQQ==/com.telkomsel.telkomselcm-mbH3oYUvnNgpjYFdQRpKtw==/base.apk*911052593]{PCL[/system/framework/org.apache.http.legacy.jar*1414085461]})
07-04 09:33:05.965  5951  5987 D libcrashlytics: Initializing native crash handling successful.
07-04 09:33:05.982  2071  2089 I system_server: Background young concurrent copying GC freed 13MB AllocSpace bytes, 163(9516KB) LOS objects, 19% free, 95MB/118MB, paused 162us,134us total 127.826ms
07-04 09:33:05.991  5951  5973 W sel.telkomselcm: ClassLoaderContext classpath element checksum mismatch. expected=47260389, found=911052593 (DLC[];PCL[base.apk*47260389]{PCL[/system/framework/org.apache.http.legacy.jar*1414085461]#PCL[/system/framework/com.android.media.remotedisplay.jar*3886290638]#PCL[/system/framework/com.android.location.provider.jar*3868789109]#PCL[/system/framework/org.apache.http.legacy.jar*1414085461]} | DLC[];PCL[/data/app/~~Otbqp7tE1zMZwkrE7tykQQ==/com.telkomsel.telkomselcm-mbH3oYUvnNgpjYFdQRpKtw==/base.apk*911052593]{PCL[/system/framework/org.apache.http.legacy.jar*1414085461]})
07-04 09:33:06.017  5951  6017 E sel.telkomselcm: No package ID 6a found for ID 0x6a0b000f.
07-04 09:33:06.022  5951  6017 I FA      : App measurement initialized, version: 129011
07-04 09:33:06.022  5951  6017 I FA      : To enable debug logging run: adb shell setprop log.tag.FA VERBOSE
07-04 09:33:06.023  5951  6017 I FA      : To enable faster debug mode event logging run:
07-04 09:33:06.023  5951  6017 I FA      :   adb shell setprop debug.firebase.analytics.app com.telkomsel.telkomselcm
07-04 09:33:06.047  5951  5951 I FirebaseInitProvider: FirebaseApp initialization successful
07-04 09:33:06.070  5951  5951 I AGConnectProvider: AGConnectInitializeProvider#onCreate
07-04 09:33:06.070  5951  5951 I AGConnectInstance: AGConnectInstance#initialize
07-04 09:33:06.071  5951  5951 I ServiceRegistrarParser: getServices
07-04 09:33:06.072  5951  5951 I ServiceRegistrarParser: services:0
07-04 09:33:06.074  2071  4995 D CompatibilityInfo: mCompatibilityFlags - 0
07-04 09:33:06.074  2071  4995 D CompatibilityInfo: applicationDensity - 440
07-04 09:33:06.075  2071  4995 D CompatibilityInfo: applicationScale - 1.0
07-04 09:33:06.077 22142 22142 D BoundBrokerSvc: onBind: Intent { act=com.google.android.gms.measurement.START pkg=com.google.android.gms }
07-04 09:33:06.077 22142 22142 D BoundBrokerSvc: Loading bound service for intent: Intent { act=com.google.android.gms.measurement.START pkg=com.google.android.gms }
07-04 09:33:06.090  5951  5951 I AGC_Instance: AGC SDK initialize end, default route:UNKNOWN
07-04 09:33:06.101  5951  5951 D WM-WrkMgrInitializer: Initializing WorkManager with default configuration.
07-04 09:33:06.110  2071  2771 D PackageManager: set app component=ComponentInfo{com.telkomsel.telkomselcm/androidx.work.impl.background.systemjob.SystemJobService} enabled state: 1 from null,uid=10329,pid=5951
07-04 09:33:06.137  5951  5951 I FacebookInitProvider: Failed to auto initialize the Facebook SDK
07-04 09:33:06.137  5951  5951 I FacebookInitProvider: A valid Facebook app id must be set in the AndroidManifest.xml or set by calling FacebookSdk.setApplicationId before initializing the sdk.
07-04 09:33:06.137  5951  5951 I FacebookInitProvider: 	at ob.o.k(SourceFile:315)
07-04 09:33:06.137  5951  5951 I FacebookInitProvider: 	at com.facebook.internal.FacebookInitProvider.onCreate(SourceFile:12)
07-04 09:33:06.137  5951  5951 I FacebookInitProvider: 	at android.content.ContentProvider.attachInfo(ContentProvider.java:2468)
07-04 09:33:06.137  5951  5951 I FacebookInitProvider: 	at android.content.ContentProvider.attachInfo(ContentProvider.java:2433)
07-04 09:33:06.137  5951  5951 I FacebookInitProvider: 	at android.app.ActivityThread.installProvider(ActivityThread.java:8074)
07-04 09:33:06.137  5951  5951 I FacebookInitProvider: 	at android.app.ActivityThread.installContentProviders(ActivityThread.java:7585)
07-04 09:33:06.137  5951  5951 I FacebookInitProvider: 	at android.app.ActivityThread.handleBindApplication(ActivityThread.java:7313)
07-04 09:33:06.137  5951  5951 I FacebookInitProvider: 	at android.app.ActivityThread.-$$Nest$mhandleBindApplication(Unknown Source:0)
07-04 09:33:06.137  5951  5951 I FacebookInitProvider: 	at android.app.ActivityThread$H.handleMessage(ActivityThread.java:2252)
07-04 09:33:06.137  5951  5951 I FacebookInitProvider: 	at android.os.Handler.dispatchMessage(Handler.java:106)
07-04 09:33:06.137  5951  5951 I FacebookInitProvider: 	at android.os.Looper.loopOnce(Looper.java:211)
07-04 09:33:06.137  5951  5951 I FacebookInitProvider: 	at android.os.Looper.loop(Looper.java:300)
07-04 09:33:06.137  5951  5951 I FacebookInitProvider: 	at android.app.ActivityThread.main(ActivityThread.java:8503)
07-04 09:33:06.137  5951  5951 I FacebookInitProvider: 	at java.lang.reflect.Method.invoke(Native Method)
07-04 09:33:06.137  5951  5951 I FacebookInitProvider: 	at com.android.internal.os.RuntimeInit$MethodAndArgsCaller.run(RuntimeInit.java:561)
07-04 09:33:06.137  5951  5951 I FacebookInitProvider: 	at com.android.internal.os.ZygoteInit.main(ZygoteInit.java:954)
07-04 09:33:06.146  5951  6043 D CompatibilityChangeReporter: Compat change id reported: 160794467; UID 10329; state: ENABLED
07-04 09:33:06.152  5951  6043 D CompatibilityChangeReporter: Compat change id reported: 194532703; UID 10329; state: ENABLED
07-04 09:33:06.153  2071  2771 D CompatibilityChangeReporter: Compat change id reported: 194532703; UID 10329; state: ENABLED
07-04 09:33:06.158  5951  5951 I [Koin]  : [init] declare Android Context
07-04 09:33:06.289  1052  2134 E CamX    : [ERROR][NCS    ] camxncsservice.cpp:680 EnqueueJob() Can not enqueue jobs when thread is stopped
07-04 09:33:06.289  1052  2134 W CamX    : [ WARN][NCS    ] camxncsintfqsee.cpp:2701 FillSensorData() Buffer queue for sensor 7 has been freed: bufh=0x0, bufsize=1248, stride=4
07-04 09:33:06.333  5951  5951 W System.err: java.lang.ClassNotFoundException: com.telkomsel.mytelkomsel.shop.revamp.roaming.ui.fragments.RoamingPopularRevampFragment
07-04 09:33:06.341  5951  5951 W System.err: 	at java.lang.Class.classForName(Native Method)
07-04 09:33:06.341  5951  5951 W System.err: 	at java.lang.Class.forName(Class.java:607)
07-04 09:33:06.341  5951  5951 W System.err: 	at java.lang.Class.forName(Class.java:512)
07-04 09:33:06.341  5951  5951 W System.err: 	at com.telkomsel.mytelkomsel.core.modules.g.<init>(SourceFile:69)
07-04 09:33:06.341  5951  5951 W System.err: 	at com.telkomsel.mytelkomsel.application.initializer.ModuleInitializer.b(SourceFile:15)
07-04 09:33:06.341  5951  5951 W System.err: 	at androidx.startup.a.b(SourceFile:85)
07-04 09:33:06.341  5951  5951 W System.err: 	at androidx.startup.a.b(SourceFile:77)
07-04 09:33:06.341  5951  5951 W System.err: 	at androidx.startup.a.d(SourceFile:15)
07-04 09:33:06.341  5951  5951 W System.err: 	at com.telkomsel.mytelkomsel.application.BaseApplication.onCreate(SourceFile:11)
07-04 09:33:06.341  5951  5951 W System.err: 	at android.app.Instrumentation.callApplicationOnCreate(Instrumentation.java:1291)
07-04 09:33:06.342  5951  5951 W System.err: 	at android.app.ActivityThread.handleBindApplication(ActivityThread.java:7334)
07-04 09:33:06.342  5951  5951 W System.err: 	at android.app.ActivityThread.-$$Nest$mhandleBindApplication(Unknown Source:0)
07-04 09:33:06.342  5951  5951 W System.err: 	at android.app.ActivityThread$H.handleMessage(ActivityThread.java:2252)
07-04 09:33:06.342  5951  5951 W System.err: 	at android.os.Handler.dispatchMessage(Handler.java:106)
07-04 09:33:06.342  5951  5951 W System.err: 	at android.os.Looper.loopOnce(Looper.java:211)
07-04 09:33:06.342  5951  5951 W System.err: 	at android.os.Looper.loop(Looper.java:300)
07-04 09:33:06.342  5951  5951 W System.err: 	at android.app.ActivityThread.main(ActivityThread.java:8503)
07-04 09:33:06.342  5951  5951 W System.err: 	at java.lang.reflect.Method.invoke(Native Method)
07-04 09:33:06.342  5951  5951 W System.err: 	at com.android.internal.os.RuntimeInit$MethodAndArgsCaller.run(RuntimeInit.java:561)
07-04 09:33:06.342  5951  5951 W System.err: 	at com.android.internal.os.ZygoteInit.main(ZygoteInit.java:954)
07-04 09:33:06.342  5951  5951 W System.err: Caused by: java.lang.ClassNotFoundException: com.telkomsel.mytelkomsel.shop.revamp.roaming.ui.fragments.RoamingPopularRevampFragment
07-04 09:33:06.342  5951  5951 W System.err: 	... 20 more
07-04 09:33:06.344  5951  5951 W System.err: java.lang.ClassNotFoundException: com.telkomsel.mytelkomsel.shop.revamp.roaming.ui.fragments.ShopRoamingRevampFragment
07-04 09:33:06.344  5951  5951 W System.err: 	at java.lang.Class.classForName(Native Method)
07-04 09:33:06.344  5951  5951 W System.err: 	at java.lang.Class.forName(Class.java:607)
07-04 09:33:06.344  5951  5951 W System.err: 	at java.lang.Class.forName(Class.java:512)
07-04 09:33:06.344  5951  5951 W System.err: 	at com.telkomsel.mytelkomsel.core.modules.g.<init>(SourceFile:69)
07-04 09:33:06.345  5951  5951 W System.err: 	at com.telkomsel.mytelkomsel.application.initializer.ModuleInitializer.b(SourceFile:15)
07-04 09:33:06.345  5951  5951 W System.err: 	at androidx.startup.a.b(SourceFile:85)
07-04 09:33:06.345  5951  5951 W System.err: 	at androidx.startup.a.b(SourceFile:77)
07-04 09:33:06.345  5951  5951 W System.err: 	at androidx.startup.a.d(SourceFile:15)
07-04 09:33:06.345  5951  5951 W System.err: 	at com.telkomsel.mytelkomsel.application.BaseApplication.onCreate(SourceFile:11)
07-04 09:33:06.345  5951  5951 W System.err: 	at android.app.Instrumentation.callApplicationOnCreate(Instrumentation.java:1291)
07-04 09:33:06.345  5951  5951 W System.err: 	at android.app.ActivityThread.handleBindApplication(ActivityThread.java:7334)
07-04 09:33:06.345  5951  5951 W System.err: 	at android.app.ActivityThread.-$$Nest$mhandleBindApplication(Unknown Source:0)
07-04 09:33:06.345  5951  5951 W System.err: 	at android.app.ActivityThread$H.handleMessage(ActivityThread.java:2252)
07-04 09:33:06.345  5951  5951 W System.err: 	at android.os.Handler.dispatchMessage(Handler.java:106)
07-04 09:33:06.345  5951  5951 W System.err: 	at android.os.Looper.loopOnce(Looper.java:211)
07-04 09:33:06.345  5951  5951 W System.err: 	at android.os.Looper.loop(Looper.java:300)
07-04 09:33:06.345  5951  5951 W System.err: 	at android.app.ActivityThread.main(ActivityThread.java:8503)
07-04 09:33:06.345  5951  5951 W System.err: 	at java.lang.reflect.Method.invoke(Native Method)
07-04 09:33:06.345  5951  5951 W System.err: 	at com.android.internal.os.RuntimeInit$MethodAndArgsCaller.run(RuntimeInit.java:561)
07-04 09:33:06.345  5951  5951 W System.err: 	at com.android.internal.os.ZygoteInit.main(ZygoteInit.java:954)
07-04 09:33:06.345  5951  5951 W System.err: Caused by: java.lang.ClassNotFoundException: com.telkomsel.mytelkomsel.shop.revamp.roaming.ui.fragments.ShopRoamingRevampFragment
07-04 09:33:06.345  5951  5951 W System.err: 	... 20 more
07-04 09:33:06.347  5951  5951 W System.err: java.lang.ClassNotFoundException: com.telkomsel.mytelkomsel.view.home.roaminginfo.RoamingInfoDashboardFragmentX
07-04 09:33:06.347  5951  5951 W System.err: 	at java.lang.Class.classForName(Native Method)
07-04 09:33:06.347  5951  5951 W System.err: 	at java.lang.Class.forName(Class.java:607)
07-04 09:33:06.347  5951  5951 W System.err: 	at java.lang.Class.forName(Class.java:512)
07-04 09:33:06.347  5951  5951 W System.err: 	at com.telkomsel.mytelkomsel.core.modules.g.<init>(SourceFile:69)
07-04 09:33:06.347  5951  5951 W System.err: 	at com.telkomsel.mytelkomsel.application.initializer.ModuleInitializer.b(SourceFile:15)
07-04 09:33:06.347  5951  5951 W System.err: 	at androidx.startup.a.b(SourceFile:85)
07-04 09:33:06.347  5951  5951 W System.err: 	at androidx.startup.a.b(SourceFile:77)
07-04 09:33:06.347  5951  5951 W System.err: 	at androidx.startup.a.d(SourceFile:15)
07-04 09:33:06.347  5951  5951 W System.err: 	at com.telkomsel.mytelkomsel.application.BaseApplication.onCreate(SourceFile:11)
07-04 09:33:06.347  5951  5951 W System.err: 	at android.app.Instrumentation.callApplicationOnCreate(Instrumentation.java:1291)
07-04 09:33:06.347  5951  5951 W System.err: 	at android.app.ActivityThread.handleBindApplication(ActivityThread.java:7334)
07-04 09:33:06.347  5951  5951 W System.err: 	at android.app.ActivityThread.-$$Nest$mhandleBindApplication(Unknown Source:0)
07-04 09:33:06.347  5951  5951 W System.err: 	at android.app.ActivityThread$H.handleMessage(ActivityThread.java:2252)
07-04 09:33:06.347  5951  5951 W System.err: 	at android.os.Handler.dispatchMessage(Handler.java:106)
07-04 09:33:06.347  5951  5951 W System.err: 	at android.os.Looper.loopOnce(Looper.java:211)
07-04 09:33:06.347  5951  5951 W System.err: 	at android.os.Looper.loop(Looper.java:300)
07-04 09:33:06.347  5951  5951 W System.err: 	at android.app.ActivityThread.main(ActivityThread.java:8503)
07-04 09:33:06.348  5951  5951 W System.err: 	at java.lang.reflect.Method.invoke(Native Method)
07-04 09:33:06.348  5951  5951 W System.err: 	at com.android.internal.os.RuntimeInit$MethodAndArgsCaller.run(RuntimeInit.java:561)
07-04 09:33:06.348  5951  5951 W System.err: 	at com.android.internal.os.ZygoteInit.main(ZygoteInit.java:954)
07-04 09:33:06.348  5951  5951 W System.err: Caused by: java.lang.ClassNotFoundException: com.telkomsel.mytelkomsel.view.home.roaminginfo.RoamingInfoDashboardFragmentX
07-04 09:33:06.348  5951  5951 W System.err: 	... 20 more
07-04 09:33:06.356  5951  5951 W System.err: java.lang.ClassNotFoundException: com.telkomsel.mytelkomsel.shop.revamp.roaming.ui.fragments.RoamingCombinedRevampFragment
07-04 09:33:06.356  5951  5951 W System.err: 	at java.lang.Class.classForName(Native Method)
07-04 09:33:06.356  5951  5951 W System.err: 	at java.lang.Class.forName(Class.java:607)
07-04 09:33:06.356  5951  5951 W System.err: 	at java.lang.Class.forName(Class.java:512)
07-04 09:33:06.356  5951  5951 W System.err: 	at com.telkomsel.mytelkomsel.core.modules.g.<init>(SourceFile:69)
07-04 09:33:06.356  5951  5951 W System.err: 	at com.telkomsel.mytelkomsel.application.initializer.ModuleInitializer.b(SourceFile:15)
07-04 09:33:06.356  5951  5951 W System.err: 	at androidx.startup.a.b(SourceFile:85)
07-04 09:33:06.356  5951  5951 W System.err: 	at androidx.startup.a.b(SourceFile:77)
07-04 09:33:06.356  5951  5951 W System.err: 	at androidx.startup.a.d(SourceFile:15)
07-04 09:33:06.356  5951  5951 W System.err: 	at com.telkomsel.mytelkomsel.application.BaseApplication.onCreate(SourceFile:11)
07-04 09:33:06.356  5951  5951 W System.err: 	at android.app.Instrumentation.callApplicationOnCreate(Instrumentation.java:1291)
07-04 09:33:06.356  5951  5951 W System.err: 	at android.app.ActivityThread.handleBindApplication(ActivityThread.java:7334)
07-04 09:33:06.356  5951  5951 W System.err: 	at android.app.ActivityThread.-$$Nest$mhandleBindApplication(Unknown Source:0)
07-04 09:33:06.356  5951  5951 W System.err: 	at android.app.ActivityThread$H.handleMessage(ActivityThread.java:2252)
07-04 09:33:06.356  5951  5951 W System.err: 	at android.os.Handler.dispatchMessage(Handler.java:106)
07-04 09:33:06.356  5951  5951 W System.err: 	at android.os.Looper.loopOnce(Looper.java:211)
07-04 09:33:06.356  5951  5951 W System.err: 	at android.os.Looper.loop(Looper.java:300)
07-04 09:33:06.357  5951  5951 W System.err: 	at android.app.ActivityThread.main(ActivityThread.java:8503)
07-04 09:33:06.357  5951  5951 W System.err: 	at java.lang.reflect.Method.invoke(Native Method)
07-04 09:33:06.357  5951  5951 W System.err: 	at com.android.internal.os.RuntimeInit$MethodAndArgsCaller.run(RuntimeInit.java:561)
07-04 09:33:06.357  5951  5951 W System.err: 	at com.android.internal.os.ZygoteInit.main(ZygoteInit.java:954)
07-04 09:33:06.357  5951  5951 W System.err: Caused by: java.lang.ClassNotFoundException: com.telkomsel.mytelkomsel.shop.revamp.roaming.ui.fragments.RoamingCombinedRevampFragment
07-04 09:33:06.357  5951  5951 W System.err: 	... 20 more
07-04 09:33:06.370  5951  5951 W System.err: java.lang.ClassNotFoundException: com.telkomsel.mytelkomsel.view.home.promo.PromoFragment
07-04 09:33:06.370  5951  5951 W System.err: 	at java.lang.Class.classForName(Native Method)
07-04 09:33:06.370  5951  5951 W System.err: 	at java.lang.Class.forName(Class.java:607)
07-04 09:33:06.370  5951  5951 W System.err: 	at java.lang.Class.forName(Class.java:512)
07-04 09:33:06.370  5951  5951 W System.err: 	at com.telkomsel.mytelkomsel.core.modules.g.<init>(SourceFile:69)
07-04 09:33:06.370  5951  5951 W System.err: 	at com.telkomsel.mytelkomsel.application.initializer.ModuleInitializer.b(SourceFile:15)
07-04 09:33:06.370  5951  5951 W System.err: 	at androidx.startup.a.b(SourceFile:85)
07-04 09:33:06.370  5951  5951 W System.err: 	at androidx.startup.a.b(SourceFile:77)
07-04 09:33:06.370  5951  5951 W System.err: 	at androidx.startup.a.d(SourceFile:15)
07-04 09:33:06.370  5951  5951 W System.err: 	at com.telkomsel.mytelkomsel.application.BaseApplication.onCreate(SourceFile:11)
07-04 09:33:06.370  5951  5951 W System.err: 	at android.app.Instrumentation.callApplicationOnCreate(Instrumentation.java:1291)
07-04 09:33:06.370  5951  5951 W System.err: 	at android.app.ActivityThread.handleBindApplication(ActivityThread.java:7334)
07-04 09:33:06.370  5951  5951 W System.err: 	at android.app.ActivityThread.-$$Nest$mhandleBindApplication(Unknown Source:0)
07-04 09:33:06.370  5951  5951 W System.err: 	at android.app.ActivityThread$H.handleMessage(ActivityThread.java:2252)
07-04 09:33:06.370  5951  5951 W System.err: 	at android.os.Handler.dispatchMessage(Handler.java:106)
07-04 09:33:06.371  5951  5951 W System.err: 	at android.os.Looper.loopOnce(Looper.java:211)
07-04 09:33:06.371  5951  5951 W System.err: 	at android.os.Looper.loop(Looper.java:300)
07-04 09:33:06.371  5951  5951 W System.err: 	at android.app.ActivityThread.main(ActivityThread.java:8503)
07-04 09:33:06.371  5951  5951 W System.err: 	at java.lang.reflect.Method.invoke(Native Method)
07-04 09:33:06.371  5951  5951 W System.err: 	at com.android.internal.os.RuntimeInit$MethodAndArgsCaller.run(RuntimeInit.java:561)
07-04 09:33:06.371  5951  5951 W System.err: 	at com.android.internal.os.ZygoteInit.main(ZygoteInit.java:954)
07-04 09:33:06.371  5951  5951 W System.err: Caused by: java.lang.ClassNotFoundException: com.telkomsel.mytelkomsel.view.home.promo.PromoFragment
07-04 09:33:06.371  5951  5951 W System.err: 	... 20 more
07-04 09:33:06.399  5951  5951 W System.err: java.lang.ClassNotFoundException: com.telkomsel.mytelkomsel.view.explore.sectionsocmed.SocmedFragment
07-04 09:33:06.400  5951  5951 W System.err: 	at java.lang.Class.classForName(Native Method)
07-04 09:33:06.400  5951  5951 W System.err: 	at java.lang.Class.forName(Class.java:607)
07-04 09:33:06.400  5951  5951 W System.err: 	at java.lang.Class.forName(Class.java:512)
07-04 09:33:06.400  5951  5951 W System.err: 	at com.telkomsel.mytelkomsel.core.modules.g.<init>(SourceFile:69)
07-04 09:33:06.400  5951  5951 W System.err: 	at com.telkomsel.mytelkomsel.application.initializer.ModuleInitializer.b(SourceFile:15)
07-04 09:33:06.400  5951  5951 W System.err: 	at androidx.startup.a.b(SourceFile:85)
07-04 09:33:06.400  5951  5951 W System.err: 	at androidx.startup.a.b(SourceFile:77)
07-04 09:33:06.400  5951  5951 W System.err: 	at androidx.startup.a.d(SourceFile:15)
07-04 09:33:06.400  5951  5951 W System.err: 	at com.telkomsel.mytelkomsel.application.BaseApplication.onCreate(SourceFile:11)
07-04 09:33:06.400  5951  5951 W System.err: 	at android.app.Instrumentation.callApplicationOnCreate(Instrumentation.java:1291)
07-04 09:33:06.400  5951  5951 W System.err: 	at android.app.ActivityThread.handleBindApplication(ActivityThread.java:7334)
07-04 09:33:06.400  5951  5951 W System.err: 	at android.app.ActivityThread.-$$Nest$mhandleBindApplication(Unknown Source:0)
07-04 09:33:06.400  5951  5951 W System.err: 	at android.app.ActivityThread$H.handleMessage(ActivityThread.java:2252)
07-04 09:33:06.400  5951  5951 W System.err: 	at android.os.Handler.dispatchMessage(Handler.java:106)
07-04 09:33:06.400  5951  5951 W System.err: 	at android.os.Looper.loopOnce(Looper.java:211)
07-04 09:33:06.400  5951  5951 W System.err: 	at android.os.Looper.loop(Looper.java:300)
07-04 09:33:06.400  5951  5951 W System.err: 	at android.app.ActivityThread.main(ActivityThread.java:8503)
07-04 09:33:06.400  5951  5951 W System.err: 	at java.lang.reflect.Method.invoke(Native Method)
07-04 09:33:06.400  5951  5951 W System.err: 	at com.android.internal.os.RuntimeInit$MethodAndArgsCaller.run(RuntimeInit.java:561)
07-04 09:33:06.400  5951  5951 W System.err: 	at com.android.internal.os.ZygoteInit.main(ZygoteInit.java:954)
07-04 09:33:06.400  5951  5951 W System.err: Caused by: java.lang.ClassNotFoundException: com.telkomsel.mytelkomsel.view.explore.sectionsocmed.SocmedFragment
07-04 09:33:06.400  5951  5951 W System.err: 	... 20 more
07-04 09:33:06.438  5951  5951 W [Koin]  : (+) override index 'wn.c::_root_' -> '[Singleton:'wn.c']'
07-04 09:33:06.442  5951  5951 W [Koin]  : (+) override index 'nb.a::_root_' -> '[Factory:'nb.a']'
07-04 09:33:06.486  5951  5951 D nativeloader: Load /data/app/~~Otbqp7tE1zMZwkrE7tykQQ==/com.telkomsel.telkomselcm-mbH3oYUvnNgpjYFdQRpKtw==/lib/arm64/libsqlcipher.so using ns clns-5 from class loader (caller=base.apk!classes8.dex): ok
07-04 09:33:06.488  1052  2134 E CamX    : [ERROR][NCS    ] camxncsservice.cpp:680 EnqueueJob() Can not enqueue jobs when thread is stopped
07-04 09:33:06.488  1052  2134 W CamX    : [ WARN][NCS    ] camxncsintfqsee.cpp:2701 FillSensorData() Buffer queue for sensor 7 has been freed: bufh=0x0, bufsize=1248, stride=4
07-04 09:33:06.688  1052  2134 E CamX    : [ERROR][NCS    ] camxncsservice.cpp:680 EnqueueJob() Can not enqueue jobs when thread is stopped
07-04 09:33:06.688  1052  2134 W CamX    : [ WARN][NCS    ] camxncsintfqsee.cpp:2701 FillSensorData() Buffer queue for sensor 7 has been freed: bufh=0x0, bufsize=1248, stride=4
07-04 09:33:06.871  5951  5951 W Adjust  : PRODUCTION: Adjust is running in Production mode. Use this setting only for the build that you want to publish. Set the environment to `sandbox` if you want to test your app!
07-04 09:33:06.871  5951  5951 W Adjust  : PRODUCTION: Adjust is running in Production mode. Use this setting only for the build that you want to publish. Set the environment to `sandbox` if you want to test your app!
07-04 09:33:06.878  2071  2943 I SmartPower.com.whatsapp/10288(9504): background->idle(3002ms) R(broadcast start Intent { act=android.intent.action.BATTERY_CHANGED flg=0x60000010 (has extras) }) adj=701.
07-04 09:33:06.878  2071  2943 I SmartPower.com.google.android.googlequicksearchbox:interactor/10163(4930): background->idle(3001ms) R(broadcast start Intent { act=android.intent.action.BATTERY_CHANGED flg=0x60000010 (has extras) }) adj=100.
07-04 09:33:06.884  2071  2943 I SmartPower.com.digibites.accubattery/10320(14052): background->idle(3004ms) R(broadcast start Intent { act=android.intent.action.BATTERY_CHANGED flg=0x60000010 (has extras) }) adj=200.
07-04 09:33:06.884  2071  2943 I SmartPower.com.xiaomi.discover/10164(27904): background->idle(3004ms) R(broadcast start Intent { act=android.intent.action.BATTERY_CHANGED flg=0x60000010 (has extras) }) adj=915.
07-04 09:33:06.884  2071  2943 I SmartPower.com.tokopedia.tkpd/10290(31033): background->idle(3004ms) R(broadcast start Intent { act=android.intent.action.BATTERY_CHANGED flg=0x60000010 (has extras) }) adj=935.
07-04 09:33:06.884  2071  2943 I SmartPower.com.facebook.katana/10282(31244): background->idle(3003ms) R(broadcast start Intent { act=android.intent.action.BATTERY_CHANGED flg=0x60000010 (has extras) }) adj=915.
07-04 09:33:06.884  2071  2943 I SmartPower.com.google.android.apps.tachyon/10270(4448): background->idle(3003ms) R(broadcast start Intent { act=android.intent.action.BATTERY_CHANGED flg=0x60000010 (has extras) }) adj=935.
07-04 09:33:06.888  1052  2134 E CamX    : [ERROR][NCS    ] camxncsservice.cpp:680 EnqueueJob() Can not enqueue jobs when thread is stopped
07-04 09:33:06.888  1052  2134 W CamX    : [ WARN][NCS    ] camxncsintfqsee.cpp:2701 FillSensorData() Buffer queue for sensor 7 has been freed: bufh=0x0, bufsize=1248, stride=4
07-04 09:33:06.898  5951  5951 W FirebaseRemoteConfig: An entry in the defaults XML has an invalid key and/or value tag.
07-04 09:33:06.898  5951  5951 W FirebaseRemoteConfig: An entry in the defaults XML has an invalid key and/or value tag.
07-04 09:33:06.899  5951  5951 W FirebaseRemoteConfig: An entry in the defaults XML has an invalid key and/or value tag.
07-04 09:33:06.899  5951  5951 W FirebaseRemoteConfig: An entry in the defaults XML has an invalid key and/or value tag.
07-04 09:33:06.899  5951  5951 W FirebaseRemoteConfig: An entry in the defaults XML has an invalid key and/or value tag.
07-04 09:33:06.925  5951  6068 V Smartech: debug level system property: 
07-04 09:33:06.933  5951  5951 W Looper  : PerfMonitor longMsg : seq=2 plan=09:33:04.992 late=1ms wall=1940ms running=902ms runnable=56ms io=575ms h=android.app.ActivityThread$H w=110 procState=-1
07-04 09:33:06.933  5951  6068 I Hansel  : Hansel SDK initialization start 
07-04 09:33:06.937  5951  6068 I Hansel  : Your device id : a3e6760f153abcaf
07-04 09:33:06.937  5951  6068 I Hansel  : Hansel SDK HSLVersion : 10.2.3
07-04 09:33:06.937  5951  6068 I Hansel  : Hansel JS HSLVersion : 1.1.1
07-04 09:33:06.937  5951  5951 I FIAM.Headless: Starting InAppMessaging runtime with Installation ID fxHbIG9ySlKu8DVwGRGUEy
07-04 09:33:06.938  2071  2071 W JobScheduler: Job didn't exist in JobStore: 
07-04 09:33:06.938  5951  5951 D FramePredict: FramePredict init: false
07-04 09:33:06.938  5951  5951 I Choreographer: Skipped 100 frames!  The application may be doing too much work on its main thread.
07-04 09:33:06.945  5951  5951 W Looper  : PerfMonitor doFrame : time=6ms vsyncFrame=0 latency=833ms procState=-1 historyMsgCount=10 (msgIndex=1 wall=1940ms seq=2 running=902ms runnable=56ms io=575ms late=1ms h=android.app.ActivityThread$H w=110)
07-04 09:33:06.960 22142 18460 D AdvertisingIdClient: AdvertisingIdClient already created.
07-04 09:33:06.961  5951  6068 I Hansel  : bm initialised
07-04 09:33:06.962 22142 18460 I AdvertisingIdClient: shouldSendLog 96682939
07-04 09:33:06.962 22142 18460 I AdvertisingIdClient: GetInfoInternal elapse 2ms
07-04 09:33:06.971  5951  6068 I Hansel  : vmo initialised
07-04 09:33:06.972  2071  3709 D PackageManager: set app component=ComponentInfo{com.telkomsel.telkomselcm/androidx.work.impl.background.systemalarm.RescheduleReceiver} enabled state: 1 from null,uid=10329,pid=5951
07-04 09:33:06.977  5951  6068 I Hansel  : actm initialised
07-04 09:33:06.989  5951  6043 I WM-WorkerWrapper: Worker result SUCCESS for Work [ id=09c3b26e-07c1-4fc3-9879-a1c5326fd79c, tags={ smt_background_tag, com.netcore.android.workmgr.BackgroundSyncWorker } ]
07-04 09:33:07.035  5951  6068 I Hansel  : sm initialised
07-04 09:33:07.057  5951  6049 I WM-WorkerWrapper: Worker result SUCCESS for Work [ id=901952ab-5adf-4620-970e-dbd385a054de, tags={ smt_eventsync_tag, com.netcore.android.workmgr.EventSyncWorker } ]
07-04 09:33:07.059  5951  6068 I Hansel  : tm initialised
07-04 09:33:07.059  5951  6068 I Hansel  : jm initialised
07-04 09:33:07.059  5951  6068 I Hansel  : Hansel SDK initialization complete
07-04 09:33:07.065  2071  2731 I MiuiNetworkPolicy: updateUidState uid = 10329, uidState = 10
07-04 09:33:07.089  1052  2134 E CamX    : [ERROR][NCS    ] camxncsservice.cpp:680 EnqueueJob() Can not enqueue jobs when thread is stopped
07-04 09:33:07.089  1052  2134 W CamX    : [ WARN][NCS    ] camxncsintfqsee.cpp:2701 FillSensorData() Buffer queue for sensor 7 has been freed: bufh=0x0, bufsize=1248, stride=4
07-04 09:33:07.205  5951  5969 W Bundle  : Key android.max_aspect expected Float but value was a java.lang.Integer.  The default value 0.0 was returned.
07-04 09:33:07.205  5951  5969 W Bundle  : Attempt to cast generated internal exception:
07-04 09:33:07.205  5951  5969 W Bundle  : java.lang.ClassCastException: java.lang.Integer cannot be cast to java.lang.Float
07-04 09:33:07.205  5951  5969 W Bundle  : 	at android.os.BaseBundle.getFloat(BaseBundle.java:1323)
07-04 09:33:07.205  5951  5969 W Bundle  : 	at android.os.Bundle.getFloat(Bundle.java:798)
07-04 09:33:07.205  5951  5969 W Bundle  : 	at android.os.BaseBundle.getFloat(BaseBundle.java:1305)
07-04 09:33:07.205  5951  5969 W Bundle  : 	at android.os.Bundle.getFloat(Bundle.java:785)
07-04 09:33:07.206  2071  2731 I MiuiNetworkPolicy: updateUidState uid = 10329, uidState = 19
07-04 09:33:07.288  1052  2134 E CamX    : [ERROR][NCS    ] camxncsservice.cpp:680 EnqueueJob() Can not enqueue jobs when thread is stopped
07-04 09:33:07.288  1052  2134 W CamX    : [ WARN][NCS    ] camxncsintfqsee.cpp:2701 FillSensorData() Buffer queue for sensor 7 has been freed: bufh=0x0, bufsize=1248, stride=4
07-04 09:33:07.489  1052  2134 E CamX    : [ERROR][NCS    ] camxncsservice.cpp:680 EnqueueJob() Can not enqueue jobs when thread is stopped
07-04 09:33:07.489  1052  2134 W CamX    : [ WARN][NCS    ] camxncsintfqsee.cpp:2701 FillSensorData() Buffer queue for sensor 7 has been freed: bufh=0x0, bufsize=1248, stride=4
07-04 09:33:07.688  1052  2134 E CamX    : [ERROR][NCS    ] camxncsservice.cpp:680 EnqueueJob() Can not enqueue jobs when thread is stopped
07-04 09:33:07.688  1052  2134 W CamX    : [ WARN][NCS    ] camxncsintfqsee.cpp:2701 FillSensorData() Buffer queue for sensor 7 has been freed: bufh=0x0, bufsize=1248, stride=4
07-04 09:33:07.888  1052  2134 E CamX    : [ERROR][NCS    ] camxncsservice.cpp:680 EnqueueJob() Can not enqueue jobs when thread is stopped
07-04 09:33:07.888  1052  2134 W CamX    : [ WARN][NCS    ] camxncsintfqsee.cpp:2701 FillSensorData() Buffer queue for sensor 7 has been freed: bufh=0x0, bufsize=1248, stride=4
07-04 09:33:08.089  1052  2134 E CamX    : [ERROR][NCS    ] camxncsservice.cpp:680 EnqueueJob() Can not enqueue jobs when thread is stopped
07-04 09:33:08.089  1052  2134 W CamX    : [ WARN][NCS    ] camxncsintfqsee.cpp:2701 FillSensorData() Buffer queue for sensor 7 has been freed: bufh=0x0, bufsize=1248, stride=4
07-04 09:33:08.288  1052  2134 E CamX    : [ERROR][NCS    ] camxncsservice.cpp:680 EnqueueJob() Can not enqueue jobs when thread is stopped
07-04 09:33:08.289  1052  2134 W CamX    : [ WARN][NCS    ] camxncsintfqsee.cpp:2701 FillSensorData() Buffer queue for sensor 7 has been freed: bufh=0x0, bufsize=1248, stride=4
07-04 09:33:08.488  1052  2134 E CamX    : [ERROR][NCS    ] camxncsservice.cpp:680 EnqueueJob() Can not enqueue jobs when thread is stopped
07-04 09:33:08.489  1052  2134 W CamX    : [ WARN][NCS    ] camxncsintfqsee.cpp:2701 FillSensorData() Buffer queue for sensor 7 has been freed: bufh=0x0, bufsize=1248, stride=4
07-04 09:33:08.660  2071  2731 D MiuiNetworkPolicy: updateLimit mLimitEnabled=true,enabled=false,mNetworkPriorityMode=0,mThermalForceMode=0
07-04 09:33:08.660  2071  2731 I MiuiNetworkPolicy: getDisableLimitTimeout when thermal mode is:0
07-04 09:33:08.689  1052  2134 E CamX    : [ERROR][NCS    ] camxncsservice.cpp:680 EnqueueJob() Can not enqueue jobs when thread is stopped
07-04 09:33:08.689  1052  2134 W CamX    : [ WARN][NCS    ] camxncsintfqsee.cpp:2701 FillSensorData() Buffer queue for sensor 7 has been freed: bufh=0x0, bufsize=1248, stride=4
07-04 09:33:08.880  2071  3235 D ProcessMemoryCleaner: Compact memory: com.whatsapp/10288(9504) state=hibernation adj=701 pri=11 usage=5 isKilled=false pss:288206 swap:226396
07-04 09:33:08.881  2071  2938 I MiuiMemoryService: Skipping compaction for process 9504, anon RSS is too small 0 KB
07-04 09:33:08.888  1052  2134 E CamX    : [ERROR][NCS    ] camxncsservice.cpp:680 EnqueueJob() Can not enqueue jobs when thread is stopped
07-04 09:33:08.888  1052  2134 W CamX    : [ WARN][NCS    ] camxncsintfqsee.cpp:2701 FillSensorData() Buffer queue for sensor 7 has been freed: bufh=0x0, bufsize=1248, stride=4
07-04 09:33:09.088  1052  2134 E CamX    : [ERROR][NCS    ] camxncsservice.cpp:680 EnqueueJob() Can not enqueue jobs when thread is stopped
07-04 09:33:09.088  1052  2134 W CamX    : [ WARN][NCS    ] camxncsintfqsee.cpp:2701 FillSensorData() Buffer queue for sensor 7 has been freed: bufh=0x0, bufsize=1248, stride=4
07-04 09:33:09.159 19224 19261 D MiuiFastConnectService: stopBleScan: scanning: true
07-04 09:33:09.160 19224 19261 D BluetoothAdapter: isLeEnabled(): ON
07-04 09:33:09.164  1618  2080 D BtGatt.GattService: stopScan() - queue size =4
07-04 09:33:09.165  1618  1888 I BtGatt.ScanManager: msg.what = MSG_STOP_BLE_SCAN, msg.arg1 = None
07-04 09:33:09.165  1618  1888 D BtGatt.ScanManager: track LE scan event: callerPackage = [com.xiaomi.bluetooth], scanMode = [0], reportDelayMillis = [0], behavior = [2], scannerId = [9], duration = [59934]
07-04 09:33:09.166  1618  1888 D BtGatt.ScanManager: handling stopping scan  [ScanClient scanModeApp 0 scanModeUsed 0 [appScanStats android.uid.bluetooth:1002]]
07-04 09:33:09.167  1051  1051 D vendor.qti.bluetooth@1.0-ibs_handler: SerialClockVote: vote for UART CLK ON
07-04 09:33:09.167  1051  1051 D vendor.qti.bluetooth@1.0-wake_lock: Acquire wakelock is acquired 
07-04 09:33:09.167  1051  1051 I vendor.qti.bluetooth@1.0-ibs_handler: DeviceWakeUp: Writing IBS_WAKE_IND
07-04 09:33:09.167  1618  2080 D BtGatt.GattService: unregisterScanner() - scannerId=9
07-04 09:33:09.173  1051  1909 I vendor.qti.bluetooth@1.0-ibs_handler: ProcessIbsCmd: Received IBS_WAKE_ACK: 0xFC
07-04 09:33:09.173  1051  1909 I vendor.qti.bluetooth@1.0-ibs_handler: ProcessIbsCmd: Signal wack_cond_
07-04 09:33:09.173  1051  1051 D vendor.qti.bluetooth@1.0-ibs_handler: DeviceWakeUp: Unblocked from waiting for FC, pthread_cond_timedwait ret = 0
07-04 09:33:09.174  1051  1909 I vendor.qti.bluetooth@1.0-ibs_handler: ProcessIbsCmd: Received IBS_WAKE_IND: 0xFD
07-04 09:33:09.174  1051  1909 I vendor.qti.bluetooth@1.0-ibs_handler: ProcessIbsCmd: Writing IBS_WAKE_ACK
07-04 09:33:09.188  1618  1839 D BtGatt.GattService: onScanFilterParamsConfigured() - clientIf=9, status=0, action=1, availableSpace=20
07-04 09:33:09.188  1618  1839 D BtGatt.ScanManager: callback done for scannerId - 9 status - 0
07-04 09:33:09.190  1618  1839 D BtGatt.GattService: onScanFilterParamsConfigured() - clientIf=9, status=0, action=1, availableSpace=21
07-04 09:33:09.190  1618  1839 D BtGatt.ScanManager: callback done for scannerId - 9 status - 0
07-04 09:33:09.191  1618  1839 D BtGatt.GattService: onScanFilterParamsConfigured() - clientIf=9, status=0, action=1, availableSpace=22
