07-04 09:33:09.191  1618  1839 D BtGatt.ScanManager: callback done for scannerId - 9 status - 0
07-04 09:33:09.192  1618  1839 D BtGatt.GattService: onScanFilterParamsConfigured() - clientIf=9, status=0, action=1, availableSpace=23
07-04 09:33:09.192  1618  1839 D BtGatt.ScanManager: callback done for scannerId - 9 status - 0
07-04 09:33:09.193  1618  1839 D BtGatt.GattService: onScanFilterParamsConfigured() - clientIf=9, status=0, action=1, availableSpace=24
07-04 09:33:09.193  1618  1839 D BtGatt.ScanManager: callback done for scannerId - 9 status - 0
07-04 09:33:09.195  1618  1839 D BtGatt.GattService: onScanFilterParamsConfigured() - clientIf=9, status=0, action=1, availableSpace=25
07-04 09:33:09.195  1618  1839 D BtGatt.ScanManager: callback done for scannerId - 9 status - 0
07-04 09:33:09.195  1618  1888 D BtGatt.ScanManager: configureRegularScanParams() - queue=3
07-04 09:33:09.195  1618  1888 D BtGatt.ScanManager: configureRegularScanParams() - ScanSetting LE 1M Scan mode=3 ScanSetting LE Coded Scan mode=3 mLastConfiguredScanSettingLE1M=3 mLastConfiguredScanSettingLECoded=3 scanPhy=255
07-04 09:33:09.196  1618  1888 D BtGatt.ScanManager: configureRegularScanParams - scanInterval LE 1M = 730 configureRegularScanParams - scanWindow LE 1M= 183 configureRegularScanParams - scanInterval LE Coded= 730 configureRegularScanParams - scanWindow LE Coded= 183
07-04 09:33:09.196  1618  1839 D BtGatt.GattService: onScanParamSetupCompleted : 0
07-04 09:33:09.212  1052  2134 E CamX    : [ERROR][NCS    ] camxncsservice.cpp:680 EnqueueJob() Can not enqueue jobs when thread is stopped
07-04 09:33:09.212  1052  2134 W CamX    : [ WARN][NCS    ] camxncsintfqsee.cpp:2701 FillSensorData() Buffer queue for sensor 7 has been freed: bufh=0x0, bufsize=1248, stride=4
07-04 09:33:09.228 19224 19261 D MiuiFastConnectService: handleMessage: MSG_START_BLE_SCAN mode: 0
07-04 09:33:09.229 19224 19261 D BluetoothAdapter: isLeEnabled(): ON
07-04 09:33:09.231  1618  2080 D BtGatt.GattService: registerScanner() - UUID=9f21324c-7a5e-4d1c-be5b-9d336e643080
07-04 09:33:09.235  1618  1839 D BtGatt.GattService: onScannerRegistered() - UUID=9f21324c-7a5e-4d1c-be5b-9d336e643080, scannerId=9, status=0
07-04 09:33:09.235 19224  9398 D BluetoothLeScanner: onScannerRegistered() - status=0 scannerId=9 mScannerId=0
07-04 09:33:09.235  1618  2080 D BtGatt.GattService: start scan with filters. callingPackage: com.xiaomi.bluetooth
07-04 09:33:09.236  1618  2080 D BtGatt.GattService: enforcePrivilegedPermissionIfNeeded([BluetoothLeScanFilter [mDeviceName=null, mDeviceAddress=null, mUuid=null, mUuidMask=null, mServiceSolicitationUuid=null, mServiceSolicitationUuidMask=null, mServiceDataUuid=null, mServiceData=null, mServiceDataMask=null, mManufacturerId=911, mManufacturerData=[], mManufacturerDataMask=null, mAdvertisingDataType=-1, mAdvertisingData=null, mAdvertisingDataMask=null, mOrganizationId=-1, mTDSFlags=-1, mTDSFlagsMask=-1, mWifiNANHash=null], mGroupBasedFiltering=false, BluetoothLeScanFilter [mDeviceName=null, mDeviceAddress=null, mUuid=null, mUuidMask=null, mServiceSolicitationUuid=null, mServiceSolicitationUuidMask=null, mServiceDataUuid=null, mServiceData=null, mServiceDataMask=null, mManufacturerId=65535, mManufacturerData=[77], mManufacturerDataMask=null, mAdvertisingDataType=-1, mAdvertisingData=null, mAdvertisingDataMask=null, mOrganizationId=-1, mTDSFlags=-1, mTDSFlagsMask=-1, mWifiNANHash=null], mGroupBasedFiltering=false, BluetoothLeScanFilter [mDeviceName=null, mDeviceAddress=null, mUuid=null, mUuidMask=null, mServiceSolicitationUuid=null, mServiceSolicitationUuidMask=null, mServiceDataUuid=0000fe95-0000-1000-8000-00805f9b34fb, mServiceData=[], mServiceDataMask=null, mManufacturerId=-1, mManufacturerData=null, mManufacturerDataMask=null, mAdvertisingDataType=-1, mAdvertisingData=null, mAdvertisingDataMask=null, mOrganizationId=-1, mTDSFlags=-1, mTDSFlagsMask=-1, mWifiNANHash=null], mGroupBasedFiltering=false, BluetoothLeScanFilter [mDeviceName=null, mDeviceAddress=null, mUuid=null, mUuidMask=null, mServiceSolicitationUuid=null, mServiceSolicitationUuidMask=null, mServiceDataUuid=0000fdaa-0000-1000-8000-00805f9b34fb, mServiceData=[], mServiceDataMask=null, mManufacturerId=-1, mManufacturerData=null, mManufacturerDataMask=null, mAdvertisingDataType=-1, mAdvertisingData=null, mAdvertisingDataMask=null, mOrganizationId=-1, mTDSFlags=-1, mTDSFlagsMask=-1, mWifiNANHash=null], mGroupBasedFiltering=false, BluetoothLeScanFilter [mDeviceName=null, mDeviceAddress=null, mUuid=null, mUuidMask=null, mServiceSolicitationUuid=null, mServiceSolicitationUuidMask=null, mServiceDataUuid=0000fdee-0000-1000-8000-00805f9b34fb, mServiceData=[1, 1, 1], mServiceDataMask=null, mManufacturerId=-1, mManufacturerData=null, mManufacturerDataMask=null, mAdvertisingDataType=-1, mAdvertisingData=null, mAdvertisingDataMask=null, mOrganizationId=-1, mTDSFlags=-1, mTDSFlagsMask=-1, mWifiNANHash=null], mGroupBasedFiltering=false, BluetoothLeScanFilter [mDeviceName=null, mDeviceAddress=null, mUuid=null, mUuidMask=null, mServiceSolicitationUuid=null, mServiceSolicitationUuidMask=null, mServiceDataUuid=0000fd2d-0000-1000-8000-00805f9b34fb, mServiceData=[], mServiceDataMask=null, mManufacturerId=-1, mManufacturerData=null, mManufacturerDataMask=null, mAdvertisingDataType=-1, mAdvertisingData=null, mAdvertisingDataMask=null, mOrganizationId=-1, mTDSFlags=-1, mTDSFlagsMask=-1, mWifiNANHash=null], mGroupBasedFiltering=false])
07-04 09:33:09.237  1618  2080 W BluetoothUtils: callingUid is Process.BLUETOOTH_UID
07-04 09:33:09.239  1618  2080 D BtGatt.ScanManager: startScan()  [ScanClient scanModeApp 0 scanModeUsed 0 [appScanStats android.uid.bluetooth:1002]]
07-04 09:33:09.239  1618  1888 I BtGatt.ScanManager: msg.what = MSG_RECORD_CALLER, msg.arg1 = None
07-04 09:33:09.239  1618  1888 I BtGatt.ScanManager: msg.what = MSG_START_BLE_SCAN, msg.arg1 = None
07-04 09:33:09.239  1618  1888 D BtGatt.ScanManager: handling starting scan
07-04 09:33:09.239  1618  1888 D BtGatt.ScanManager: isAptXLowLatencyModeEnabled: false
07-04 09:33:09.240  1618  1888 D BtGatt.ScanManager: track LE scan event: callerPackage = [com.xiaomi.bluetooth], scanMode = [0], reportDelayMillis = [0], behavior = [1], scannerId = [9], duration = [0]
07-04 09:33:09.241  1618  1839 D BtGatt.GattService: onScanFilterEnableDisabled() - clientIf=9, status=0, action=1
07-04 09:33:09.241  1618  1839 D BtGatt.ScanManager: callback done for scannerId - 9 status - 0
07-04 09:33:09.241  1618  1888 D BtGatt.ScanManager: configureScanFilters rssiThreshold: -60, 15
07-04 09:33:09.241  1618  1888 D BtGatt.ScanManager: Available Filter size: 22
07-04 09:33:09.254  1618  1839 D BtGatt.GattService: onScanFilterConfig() - clientIf=9, action = 0 status = 0, filterType=0, availableSpace=0
07-04 09:33:09.254  1618  1839 D BtGatt.ScanManager: callback done for scannerId - 9 status - 0
07-04 09:33:09.254  1618  1888 D BtGatt.ScanManager: configureFilterParamter 500 10000 1 0, deliveryMode=0
07-04 09:33:09.256  1618  1839 D BtGatt.GattService: onScanFilterParamsConfigured() - clientIf=9, status=0, action=0, availableSpace=24
07-04 09:33:09.256  1618  1839 D BtGatt.ScanManager: callback done for scannerId - 9 status - 0
07-04 09:33:09.256  1618  1839 D BtGatt.GattService: onScanFilterConfig() - clientIf=9, action = 0 status = 0, filterType=0, availableSpace=0
07-04 09:33:09.256  1618  1839 D BtGatt.ScanManager: callback done for scannerId - 9 status - 0
07-04 09:33:09.256  1618  1888 D BtGatt.ScanManager: configureFilterParamter 500 10000 1 0, deliveryMode=0
07-04 09:33:09.258  1618  1839 D BtGatt.GattService: onScanFilterParamsConfigured() - clientIf=9, status=0, action=0, availableSpace=23
07-04 09:33:09.258  1618  1839 D BtGatt.ScanManager: callback done for scannerId - 9 status - 0
07-04 09:33:09.259  1618  1839 D BtGatt.GattService: onScanFilterConfig() - clientIf=9, action = 0 status = 0, filterType=0, availableSpace=0
07-04 09:33:09.259  1618  1839 D BtGatt.ScanManager: callback done for scannerId - 9 status - 0
07-04 09:33:09.260  1618  1888 D BtGatt.ScanManager: configureFilterParamter 500 10000 1 0, deliveryMode=0
07-04 09:33:09.261  1618  1839 D BtGatt.GattService: onScanFilterParamsConfigured() - clientIf=9, status=0, action=0, availableSpace=22
07-04 09:33:09.261  1618  1839 D BtGatt.ScanManager: callback done for scannerId - 9 status - 0
07-04 09:33:09.261  1618  1839 D BtGatt.GattService: onScanFilterConfig() - clientIf=9, action = 0 status = 0, filterType=0, availableSpace=0
07-04 09:33:09.261  1618  1839 D BtGatt.ScanManager: callback done for scannerId - 9 status - 0
07-04 09:33:09.262  1618  1888 D BtGatt.ScanManager: configureFilterParamter 500 10000 1 0, deliveryMode=0
07-04 09:33:09.263  1618  1839 D BtGatt.GattService: onScanFilterParamsConfigured() - clientIf=9, status=0, action=0, availableSpace=21
07-04 09:33:09.263  1618  1839 D BtGatt.ScanManager: callback done for scannerId - 9 status - 0
07-04 09:33:09.263  1618  1839 D BtGatt.GattService: onScanFilterConfig() - clientIf=9, action = 0 status = 0, filterType=0, availableSpace=0
07-04 09:33:09.263  1618  1839 D BtGatt.ScanManager: callback done for scannerId - 9 status - 0
07-04 09:33:09.264  1618  1888 D BtGatt.ScanManager: configureFilterParamter 500 10000 1 0, deliveryMode=0
07-04 09:33:09.265  1618  1839 D BtGatt.GattService: onScanFilterParamsConfigured() - clientIf=9, status=0, action=0, availableSpace=20
07-04 09:33:09.266  1618  1839 D BtGatt.ScanManager: callback done for scannerId - 9 status - 0
07-04 09:33:09.266  1618  1839 D BtGatt.GattService: onScanFilterConfig() - clientIf=9, action = 0 status = 0, filterType=0, availableSpace=0
07-04 09:33:09.266  1618  1839 D BtGatt.ScanManager: callback done for scannerId - 9 status - 0
07-04 09:33:09.266  1618  1888 D BtGatt.ScanManager: configureFilterParamter 500 10000 1 0, deliveryMode=0
07-04 09:33:09.268  1618  1839 D BtGatt.GattService: onScanFilterParamsConfigured() - clientIf=9, status=0, action=0, availableSpace=19
07-04 09:33:09.268  1618  1839 D BtGatt.ScanManager: callback done for scannerId - 9 status - 0
07-04 09:33:09.269  1618  1888 D BtGatt.ScanManager: configureRegularScanParams() - queue=4
07-04 09:33:09.269  1618  1888 D BtGatt.ScanManager: configureRegularScanParams() - ScanSetting LE 1M Scan mode=3 ScanSetting LE Coded Scan mode=3 mLastConfiguredScanSettingLE1M=3 mLastConfiguredScanSettingLECoded=3 scanPhy=255
07-04 09:33:09.270  1618  1888 D BtGatt.ScanManager: configureRegularScanParams - scanInterval LE 1M = 730 configureRegularScanParams - scanWindow LE 1M= 183 configureRegularScanParams - scanInterval LE Coded= 730 configureRegularScanParams - scanWindow LE Coded= 183
07-04 09:33:09.270  1618  1839 D BtGatt.GattService: onScanParamSetupCompleted : 0
07-04 09:33:09.353  1051  1909 I vendor.qti.bluetooth@1.0-ibs_handler: ProcessIbsCmd: Received IBS_SLEEP_IND: 0xFE
07-04 09:33:09.488  1052  2134 E CamX    : [ERROR][NCS    ] camxncsservice.cpp:680 EnqueueJob() Can not enqueue jobs when thread is stopped
07-04 09:33:09.489  1052  2134 W CamX    : [ WARN][NCS    ] camxncsintfqsee.cpp:2701 FillSensorData() Buffer queue for sensor 7 has been freed: bufh=0x0, bufsize=1248, stride=4
07-04 09:33:09.688  1052  2134 E CamX    : [ERROR][NCS    ] camxncsservice.cpp:680 EnqueueJob() Can not enqueue jobs when thread is stopped
07-04 09:33:09.689  1052  2134 W CamX    : [ WARN][NCS    ] camxncsintfqsee.cpp:2701 FillSensorData() Buffer queue for sensor 7 has been freed: bufh=0x0, bufsize=1248, stride=4
07-04 09:33:09.831  1052  2134 E CamX    : [ERROR][NCS    ] camxncsservice.cpp:680 EnqueueJob() Can not enqueue jobs when thread is stopped
07-04 09:33:09.831  1052  2134 W CamX    : [ WARN][NCS    ] camxncsintfqsee.cpp:2701 FillSensorData() Buffer queue for sensor 7 has been freed: bufh=0x0, bufsize=1248, stride=4
07-04 09:33:09.844  1052  2134 E CamX    : [ERROR][NCS    ] camxncsservice.cpp:680 EnqueueJob() Can not enqueue jobs when thread is stopped
07-04 09:33:09.844  1052  2134 W CamX    : [ WARN][NCS    ] camxncsintfqsee.cpp:2701 FillSensorData() Buffer queue for sensor 7 has been freed: bufh=0x0, bufsize=1248, stride=4
07-04 09:33:09.865  1052  2134 E CamX    : [ERROR][NCS    ] camxncsservice.cpp:680 EnqueueJob() Can not enqueue jobs when thread is stopped
07-04 09:33:09.865  1052  2134 W CamX    : [ WARN][NCS    ] camxncsintfqsee.cpp:2701 FillSensorData() Buffer queue for sensor 7 has been freed: bufh=0x0, bufsize=1248, stride=4
07-04 09:33:10.273  1051  1923 I vendor.qti.bluetooth@1.0-ibs_handler: DeviceSleep: TX Awake, Sending SLEEP_IND
07-04 09:33:10.273  1051  1923 D vendor.qti.bluetooth@1.0-ibs_handler: SerialClockVote: vote for UART CLK OFF
07-04 09:33:10.288  1052  2134 E CamX    : [ERROR][NCS    ] camxncsservice.cpp:680 EnqueueJob() Can not enqueue jobs when thread is stopped
07-04 09:33:10.288  1052  2134 W CamX    : [ WARN][NCS    ] camxncsintfqsee.cpp:2701 FillSensorData() Buffer queue for sensor 7 has been freed: bufh=0x0, bufsize=1248, stride=4
07-04 09:33:10.423  1051  1898 D vendor.qti.bluetooth@1.0-wake_lock: Release wakelock is released 
07-04 09:33:10.488  1052  2134 E CamX    : [ERROR][NCS    ] camxncsservice.cpp:680 EnqueueJob() Can not enqueue jobs when thread is stopped
07-04 09:33:10.488  1052  2134 W CamX    : [ WARN][NCS    ] camxncsintfqsee.cpp:2701 FillSensorData() Buffer queue for sensor 7 has been freed: bufh=0x0, bufsize=1248, stride=4
07-04 09:33:10.689  1051  1909 I vendor.qti.bluetooth@1.0-ibs_handler: ProcessIbsCmd: Received IBS_WAKE_IND: 0xFD
07-04 09:33:10.690  1051  1909 D vendor.qti.bluetooth@1.0-ibs_handler: SerialClockVote: vote for UART CLK ON
07-04 09:33:10.690  1051  1909 D vendor.qti.bluetooth@1.0-wake_lock: Acquire wakelock is acquired 
07-04 09:33:10.690  1051  1909 I vendor.qti.bluetooth@1.0-ibs_handler: ProcessIbsCmd: Writing IBS_WAKE_ACK
07-04 09:33:10.692  5180  6599 I SppChannel_5180_6599: onDataReceive: A5A503031E000C01
07-04 09:33:10.693  5180  6585 I TaskQueueV2_5180_6585: onDataReceive: header: A5A503031E000C01
07-04 09:33:10.693  5180  6585 I TaskQueueV2_5180_6585: -------------> RECEIVE: DATA: seq-> 3, size:30, frx:0
07-04 09:33:10.694  5180  6585 I TaskQueueV2_5180_6585: onDataReceive: ack immediately
07-04 09:33:10.694  5180  6585 I TaskQueueV2_5180_6585: sendAck() called with: seqNum = 3, ack = true
07-04 09:33:10.694  5180  6585 I TaskQueueV2_5180_6585: enqueue: type:1, seqNumber:3
07-04 09:33:10.694  5180  6585 I TaskQueueV2_5180_6585: runNext() called thread: Spp Dispatcher
07-04 09:33:10.694  5180  6585 I TaskQueueV2_5180_6585: change tx status to TX_STATE_BUSY
07-04 09:33:10.694  5180  6585 I TaskQueueV2_5180_6585: window [packet type: 1, seq: 3], window size: 0, retransmission: false
07-04 09:33:10.694  5180  6585 I TaskQueueV2_5180_6585: -------------> SEND: ACK base: 237, nextseq: 237, size: 0, seq: 3, frx: 0
07-04 09:33:10.694  5180  6585 I TaskQueueV2_5180_6585: sendPacket() called with: packet = L1Packet (header: Header (type: ACK, seqNumber: 3, dataLength: 0, frx: 0, crc: 0))}, crc = 0, mtu = 16394
07-04 09:33:10.694  5180  6585 I TaskQueueV2_5180_6585: onSendComplete() called with: packet: L1Packet (header: Header (type: ACK, seqNumber: 3, dataLength: 0, frx: 0, crc: 0)), thread: Spp Dispatcher
07-04 09:33:10.694  5180  6585 I TaskQueueV2_5180_6585: onSendComplete() don't wait remove L1Packet (header: Header (type: ACK, seqNumber: 3, dataLength: 0, frx: 0, crc: 0))
07-04 09:33:10.694  5180  6585 I TaskQueueV2_5180_6585: sendTimerStop() called with: sendItem = 3
07-04 09:33:10.694  5180  6585 I TaskQueueV2_5180_6585: change tx status to TX_STATE_IDLE
07-04 09:33:10.695  5180  6585 I WearApiCall_5180_6585: handleData  type=101
07-04 09:33:10.695  5180  6585 I DataDispatcher_5180_6585: dispatchData() called with: subType = 101, dataHandlers 1, dataHandler android.os.RemoteCallbackList@1e152ca
07-04 09:33:10.695  5180  6585 I DataDispatcher_5180_6585: dispatchData() called with: 0
07-04 09:33:10.695  5180  6585 I TaskQueueV2_5180_6585: onDataReceive: header: A5A503042300329E
07-04 09:33:10.695  5180  6585 I TaskQueueV2_5180_6585: -------------> RECEIVE: DATA: seq-> 4, size:35, frx:0
07-04 09:33:10.695  5180  6585 I TaskQueueV2_5180_6585: onDataReceive: ack immediately
07-04 09:33:10.695  5180  6585 I TaskQueueV2_5180_6585: sendAck() called with: seqNum = 4, ack = true
07-04 09:33:10.695  5180  6585 I TaskQueueV2_5180_6585: enqueue: type:1, seqNumber:4
07-04 09:33:10.695  5180  6585 I TaskQueueV2_5180_6585: runNext() called thread: Spp Dispatcher
07-04 09:33:10.696  5180  6585 I TaskQueueV2_5180_6585: change tx status to TX_STATE_BUSY
07-04 09:33:10.696  5180  6585 I TaskQueueV2_5180_6585: window [packet type: 1, seq: 4], window size: 0, retransmission: false
07-04 09:33:10.696  5180  6585 I TaskQueueV2_5180_6585: -------------> SEND: ACK base: 237, nextseq: 237, size: 0, seq: 4, frx: 0
07-04 09:33:10.696  5180  6585 I TaskQueueV2_5180_6585: sendPacket() called with: packet = L1Packet (header: Header (type: ACK, seqNumber: 4, dataLength: 0, frx: 0, crc: 0))}, crc = 0, mtu = 16394
07-04 09:33:10.696  5180  6585 I TaskQueueV2_5180_6585: onSendComplete() called with: packet: L1Packet (header: Header (type: ACK, seqNumber: 4, dataLength: 0, frx: 0, crc: 0)), thread: Spp Dispatcher
07-04 09:33:10.696  5180  6585 I TaskQueueV2_5180_6585: onSendComplete() don't wait remove L1Packet (header: Header (type: ACK, seqNumber: 4, dataLength: 0, frx: 0, crc: 0))
07-04 09:33:10.696  5180  6585 I TaskQueueV2_5180_6585: sendTimerStop() called with: sendItem = 4
07-04 09:33:10.696  5180  6585 I TaskQueueV2_5180_6585: change tx status to TX_STATE_IDLE
07-04 09:33:10.696  5180  6585 I WearApiCall_5180_6585: handleData  type=101
07-04 09:33:10.696  5180  6585 I DataDispatcher_5180_6585: dispatchData() called with: subType = 101, dataHandlers 1, dataHandler android.os.RemoteCallbackList@1e152ca
07-04 09:33:10.696  5180  6585 I DataDispatcher_5180_6585: dispatchData() called with: 0
07-04 09:33:10.696  5180  6585 I TaskQueueV2_5180_6585: onDataReceive: header: A5A5030525009DBA
07-04 09:33:10.696  5180  6585 I TaskQueueV2_5180_6585: -------------> RECEIVE: DATA: seq-> 5, size:37, frx:0
07-04 09:33:10.696  5180  6585 I TaskQueueV2_5180_6585: onDataReceive: ack immediately
07-04 09:33:10.697  5180  6585 I TaskQueueV2_5180_6585: sendAck() called with: seqNum = 5, ack = true
07-04 09:33:10.697  5180  6585 I TaskQueueV2_5180_6585: enqueue: type:1, seqNumber:5
07-04 09:33:10.697  5180  6585 I TaskQueueV2_5180_6585: runNext() called thread: Spp Dispatcher
07-04 09:33:10.697  5180  6585 I TaskQueueV2_5180_6585: change tx status to TX_STATE_BUSY
07-04 09:33:10.697  5180  6585 I TaskQueueV2_5180_6585: window [packet type: 1, seq: 5], window size: 0, retransmission: false
07-04 09:33:10.697  5180  6585 I TaskQueueV2_5180_6585: -------------> SEND: ACK base: 237, nextseq: 237, size: 0, seq: 5, frx: 0
07-04 09:33:10.697  5180  6585 I TaskQueueV2_5180_6585: sendPacket() called with: packet = L1Packet (header: Header (type: ACK, seqNumber: 5, dataLength: 0, frx: 0, crc: 0))}, crc = 0, mtu = 16394
07-04 09:33:10.697  5180  6585 I TaskQueueV2_5180_6585: onSendComplete() called with: packet: L1Packet (header: Header (type: ACK, seqNumber: 5, dataLength: 0, frx: 0, crc: 0)), thread: Spp Dispatcher
07-04 09:33:10.697  5180  6585 I TaskQueueV2_5180_6585: onSendComplete() don't wait remove L1Packet (header: Header (type: ACK, seqNumber: 5, dataLength: 0, frx: 0, crc: 0))
07-04 09:33:10.697  5180  6585 I TaskQueueV2_5180_6585: sendTimerStop() called with: sendItem = 5
07-04 09:33:10.697  5180  6585 I TaskQueueV2_5180_6585: change tx status to TX_STATE_IDLE
07-04 09:33:10.697  5180  6585 I WearApiCall_5180_6585: handleData  type=101
07-04 09:33:10.697  5180  6585 I DataDispatcher_5180_6585: dispatchData() called with: subType = 101, dataHandlers 1, dataHandler android.os.RemoteCallbackList@1e152ca
07-04 09:33:10.697  5180  6585 I DataDispatcher_5180_6585: dispatchData() called with: 0
07-04 09:33:10.698  5180  6585 I TaskQueueV2_5180_6585: runNext() called thread: Spp Dispatcher
07-04 09:33:10.698  5180  6585 I TaskQueueV2_5180_6585: sendNextPacket: queue is empty
07-04 09:33:10.698  5180  6585 I TaskQueueV2_5180_6585: runNext() called thread: Spp Dispatcher
07-04 09:33:10.698  5180  6585 I TaskQueueV2_5180_6585: sendNextPacket: queue is empty
07-04 09:33:10.698  5180  6585 I TaskQueueV2_5180_6585: runNext() called thread: Spp Dispatcher
07-04 09:33:10.698  5180  6585 I TaskQueueV2_5180_6585: sendNextPacket: queue is empty
07-04 09:33:10.698  5180  5180 I DataHandlerAdapter_5180_5180: handleData() called with: did = 882426536, type = 101
07-04 09:33:10.698  5180  5180 I DataHandlerAdapter_5180_5180: handleData() called with: did = 882426536, type = 101
07-04 09:33:10.699  5180  5180 I DataHandlerAdapter_5180_5180: handleData() called with: did = 882426536, type = 101
07-04 09:33:10.699  5180  6072 I Device-Sync_5180_6072: dispatchMessage() called with: did = 882426536, type = 101, data = 28
07-04 09:33:10.699  1051  1051 I vendor.qti.bluetooth@1.0-ibs_handler: DeviceWakeUp: Writing IBS_WAKE_IND
07-04 09:33:10.700  1051  1909 I vendor.qti.bluetooth@1.0-ibs_handler: ProcessIbsCmd: Received IBS_WAKE_ACK: 0xFC
07-04 09:33:10.700  1051  1909 I vendor.qti.bluetooth@1.0-ibs_handler: ProcessIbsCmd: Signal wack_cond_
07-04 09:33:10.700  1051  1051 D vendor.qti.bluetooth@1.0-ibs_handler: DeviceWakeUp: Unblocked from waiting for FC, pthread_cond_timedwait ret = 0
07-04 09:33:10.704  5180  6072 I Device-Sync_5180_6072: DeviceDataHandler-handlePacket:type=101,  packet type=10,  packet id=3,  did=882426536
07-04 09:33:10.704  5180  6072 I Device-Sync_5180_6072: handle packet, did=882426536, type=10
07-04 09:33:10.717  5180  6072 I Wearable.weather_5180_6072: weather sync by device requestaccu:3457103
07-04 09:33:10.775  2071  3204 D SLM-SRV-SLAService: checktemp temperature = 35866 temperature_average = 35982 isPerformanceMode = false thermal_enable_slm = true
07-04 09:33:10.778  5180  6072 I Wearable.weather_5180_6072: readWeatherSetting BleDeviceModel locationKey:accu:3457103 locationName:Dayu latitude:-7.479 longitude:110.829
07-04 09:33:10.778  5180  6072 I Wearable.weather_5180_6072: weather sync accu:3457103 isLocation =  true
07-04 09:33:10.779  5180  6072 I Wearable.weather_5180_6072: syncWeatherToDevices localLocationKey locationKey:accu:3457103 locationName:Dayu latitude:-7.479 longitude:110.829,  isUserAutoLocation:true
07-04 09:33:10.779  5180  6072 I Wearable.weather_5180_6072: syncWeatherToDevices weatherLastTime = 1751595468919  pressureLastTime-1  weatherLocationLastTime1751595392178
07-04 09:33:10.782  1051  1909 I vendor.qti.bluetooth@1.0-ibs_handler: ProcessIbsCmd: Received IBS_SLEEP_IND: 0xFE
07-04 09:33:10.782  5180  6072 I Wearable.weather_5180_6072: getWeatherFromNet use locationKey latitude longitude
07-04 09:33:10.785  5180  6072 I Device-Sync_5180_6072: com.xiaomi.fitness.sync.BleDataHandler@d4caeea>>>handlePacket: true
07-04 09:33:10.785  5180  6072 I Device-Sync_5180_6072: DeviceDataHandler-handlePacket: type=101, handler=com.xiaomi.fitness.device.contact.DeviceDataHandlerAdapter@6ae4fe5, handleData=true
07-04 09:33:10.785  5180  6072 I Device-Sync_5180_6072: dispatchMessage() called with: did = 882426536, type = 101, data = 33
07-04 09:33:10.785  5180  6072 I Device-Sync_5180_6072: DeviceDataHandler-handlePacket:type=101,  packet type=10,  packet id=3,  did=882426536
07-04 09:33:10.785  5180  6072 I Device-Sync_5180_6072: handle packet, did=882426536, type=10
07-04 09:33:10.786  5180  6072 I Wearable.weather_5180_6072: weather sync by device requestaccu:1925704
07-04 09:33:10.787  5180  6072 I Wearable.weather_5180_6072: readWeatherSetting BleDeviceModel locationKey:accu:3457103 locationName:Dayu latitude:-7.479 longitude:110.829
07-04 09:33:10.787  5180  6072 I Wearable.weather_5180_6072: weather sync accu:1925704 isLocation =  false
07-04 09:33:10.787  5180  6072 I Wearable.weather_5180_6072: syncWeatherToDevices localLocationKey locationKey:accu:1925704 locationName:null latitude:0.0 longitude:0.0,  isUserAutoLocation:false
07-04 09:33:10.787  5180  6072 I Wearable.weather_5180_6072: syncWeatherToDevices weatherLastTime = 1751595468919  pressureLastTime-1  weatherLocationLastTime1751595392178
07-04 09:33:10.787  5180  6072 I Wearable.weather_5180_6072: getWeatherFromNet use locationKey
07-04 09:33:10.788  5180  6072 I Device-Sync_5180_6072: com.xiaomi.fitness.sync.BleDataHandler@d4caeea>>>handlePacket: true
07-04 09:33:10.788  5180  6072 I Device-Sync_5180_6072: DeviceDataHandler-handlePacket: type=101, handler=com.xiaomi.fitness.device.contact.DeviceDataHandlerAdapter@6ae4fe5, handleData=true
07-04 09:33:10.788  5180  6072 I Device-Sync_5180_6072: dispatchMessage() called with: did = 882426536, type = 101, data = 35
07-04 09:33:10.788  5180  6072 I Device-Sync_5180_6072: DeviceDataHandler-handlePacket:type=101,  packet type=10,  packet id=3,  did=882426536
07-04 09:33:10.788  5180  6072 I Device-Sync_5180_6072: handle packet, did=882426536, type=10
07-04 09:33:10.788  5180  6072 I Wearable.weather_5180_6072: weather sync by device requestaccu:3456155
07-04 09:33:10.789  5180  6072 I Wearable.weather_5180_6072: readWeatherSetting BleDeviceModel locationKey:accu:3457103 locationName:Dayu latitude:-7.479 longitude:110.829
07-04 09:33:10.789  5180  6072 I Wearable.weather_5180_6072: weather sync accu:3456155 isLocation =  false
07-04 09:33:10.789  5180  6072 I Wearable.weather_5180_6072: syncWeatherToDevices localLocationKey locationKey:accu:3456155 locationName:null latitude:0.0 longitude:0.0,  isUserAutoLocation:false
07-04 09:33:10.789  5180  6072 I Wearable.weather_5180_6072: syncWeatherToDevices weatherLastTime = 1751595468919  pressureLastTime-1  weatherLocationLastTime1751595392178
07-04 09:33:10.789  5180  6072 I Wearable.weather_5180_6072: getWeatherFromNet use locationKey
07-04 09:33:10.789  5180  6072 I Device-Sync_5180_6072: com.xiaomi.fitness.sync.BleDataHandler@d4caeea>>>handlePacket: true
07-04 09:33:10.790  5180  6072 I Device-Sync_5180_6072: DeviceDataHandler-handlePacket: type=101, handler=com.xiaomi.fitness.device.contact.DeviceDataHandlerAdapter@6ae4fe5, handleData=true
07-04 09:33:10.802  5180  6099 I Account_5180_6099: First request
07-04 09:33:10.802  5180  6101 I Account_5180_6101: First request
07-04 09:33:10.802  5180  6100 I Account_5180_6100: First request
07-04 09:33:10.841  3297  3712 D MI_RIL_OEM_HOOK(com.android.phone): onPkHookCommonMsg, msg_id = 65
07-04 09:33:10.841  3297  3712 D MI_RIL_OEM_HOOK(com.android.phone): onGetHookMsgBytes, HOOK_HEAD_SIZE = 16, msg_len = 4
07-04 09:33:10.841  3297  3712 D MI_RIL_OEM_HOOK(com.android.phone): onHookSendSync, phoneId = 0
07-04 09:33:10.842  3243  3243 D QcrilMsgTunnelIfaceManager: handleMessage what = 1
07-04 09:33:10.842  3243  3243 I QcrilOemhookMsgTunnel: [0]invokeOemRilRequestRaw: serial=19309 length=36
07-04 09:33:10.842 14052 14723 V U.Notification: Posting new notification, elapsed=16022
07-04 09:33:10.883  1854  1854 D XIAOMI_QCRIL: RIL[lib][xiaomi_extend_nvefs.c:52] xiaomi_qmi_result_map: xiaomi_qmi_result_map, old_result 0, new_result 0
07-04 09:33:10.883  3243  3470 I QcrilOemhookMsgTunnel: [0]processOemHookResponse serial no: 19309 error: 0length=16
07-04 09:33:10.884  3243  3243 D QcrilMsgTunnelIfaceManager: handleMessage what = 2
07-04 09:33:10.884  3297  3712 D QC_RIL_OEM_HOOK: sendOemRilRequestRaw returns value = 16
07-04 09:33:10.884  3297  3712 D MI_RIL_OEM_HOOK(com.android.phone): sendQcRilHookMsgSync, requestId = 524970, phoneId = 0, ar = org.codeaurora.telephony.utils.AsyncResult@651b6e5
07-04 09:33:10.884  3297  3712 D ModemSarController_8250: type = 65, len = 4, value = 0
07-04 09:33:10.888  1052  2134 E CamX    : [ERROR][NCS    ] camxncsservice.cpp:680 EnqueueJob() Can not enqueue jobs when thread is stopped
07-04 09:33:10.888  1052  2134 W CamX    : [ WARN][NCS    ] camxncsintfqsee.cpp:2701 FillSensorData() Buffer queue for sensor 7 has been freed: bufh=0x0, bufsize=1248, stride=4
07-04 09:33:11.060  5180  5180 I NotifySyncService_5180_5180: onNotificationPosted Id:305230424 key:0|com.digibites.accubattery|305230424|null|10320 PackageName:com.digibites.accubattery IsOngoing:true PostTime:1751596390844 currentDeviceModel.connected: true
07-04 09:33:11.060  5180  5180 I NotifySyncService_5180_5180: onNotificationPosted Id:305230424 , appName : AccuBattery
07-04 09:33:11.061  5180  5180 I NotifySyncService_5180_5180:  isOngoing = true isIncomingCall = false
07-04 09:33:11.062  5180 22271 I NotifyLogUtils_5180_22271: isIgnoringBatteryOptimizations true
07-04 09:33:11.067  3325  3325 D NotificationProvider: call method=canShowFocus extras=Bundle[{package=com.digibites.accubattery}]
07-04 09:33:11.068  5180 18466 W FA      : Failed to retrieve Firebase Instance Id
07-04 09:33:11.076  2071  2731 I MiuiNetworkPolicy: updateUidState uid = 99072, uidState = 4
07-04 09:33:11.077  5180 18466 W FA      : Failed to retrieve Firebase Instance Id
07-04 09:33:11.080  5180 18466 W FA      : Failed to retrieve Firebase Instance Id
07-04 09:33:11.083  5180 18466 W FA      : Failed to retrieve Firebase Instance Id
07-04 09:33:11.085  5180 18466 W FA      : Failed to retrieve Firebase Instance Id
07-04 09:33:11.086  5180 18466 W FA      : Failed to retrieve Firebase Instance Id
07-04 09:33:11.088  5180 18466 W FA      : Failed to retrieve Firebase Instance Id
07-04 09:33:11.088  1052  2134 E CamX    : [ERROR][NCS    ] camxncsservice.cpp:680 EnqueueJob() Can not enqueue jobs when thread is stopped
07-04 09:33:11.088  1052  2134 W CamX    : [ WARN][NCS    ] camxncsintfqsee.cpp:2701 FillSensorData() Buffer queue for sensor 7 has been freed: bufh=0x0, bufsize=1248, stride=4
07-04 09:33:11.090  3325  3764 D LocalImageResolver: Couldn't use ImageDecoder for drawable, falling back to non-resized load.
07-04 09:33:11.091  3325  3764 D LocalImageResolver: Couldn't use ImageDecoder for drawable, falling back to non-resized load.
07-04 09:33:11.092  5180 18466 W FA      : Failed to retrieve Firebase Instance Id
07-04 09:33:11.096  5180  6100 I Account_5180_6100: onHttpResponseBefore begin
07-04 09:33:11.096  5180  6100 I Account_5180_6100: onHttpResponseBefore  reset count
07-04 09:33:11.097 22142 18460 D AdvertisingIdClient: AdvertisingIdClient already created.
07-04 09:33:11.098 22142 18460 W AdvertisingIdSettings: Package com.xiaomi.wearable failed Ad Id permission check. Apps that target Android SDK 33 or higher should declare com.google.android.gms.permission.AD_ID in the app manifest to access Ad Id.
07-04 09:33:11.099 22142 18460 I AdvertisingIdClient: shouldSendLog 96682939
07-04 09:33:11.099 22142 18460 I AdvertisingIdClient: GetInfoInternal elapse 2ms
07-04 09:33:11.101  5180  5180 I Wearable.weather_5180_5180: getWeatherFromNet success result:Weather{city_id=null, city_name='null', locationKey='accu:1925704', location_name='Selokaton', feelsLike=com.xiaomi.fitness.sync.export.model.WeatherResp$UnitValue@d397bf9, humidity=com.xiaomi.fitness.sync.export.model.WeatherResp$UnitValue@d5d73e, pressure=com.xiaomi.fitness.sync.export.model.WeatherResp$UnitValue@a95b99f, pubTime='2025-07-04T08:40:00+07:00', temperature=com.xiaomi.fitness.sync.export.model.WeatherResp$UnitValue@48aaec, uvIndex='1', visibility=com.xiaomi.fitness.sync.export.model.WeatherResp$UnitValue@18cdeb5, weather='53', weather_status='Haze', wind=com.xiaomi.fitness.sync.export.model.WeatherResp$Wind@9d4294a, wind_info=com.xiaomi.fitness.sync.export.model.WeatherResp$WindInfo@d2650bb, aqi=com.xiaomi.fitness.sync.export.model.WeatherResp$Aqi@18b89d8, aqi_level='Light pollution', alerts=null, indices=null, daily_forecast=com.xiaomi.fitness.sync.export.model.WeatherResp$DailyForecast@179b131, hourly_forecast=com.xiaomi.fitness.sync.export.model.WeatherResp$HourlyForecast@1b39016}
07-04 09:33:11.127  3524  5527 I NetworkScheduler: (REDACTED) Error inserting %s
07-04 09:33:11.128  5180  5180 I weather request_5180_5180:  getHourlyForecast:[a <
07-04 09:33:11.128  5180  5180 I weather request_5180_5180:   a: "Light pollution"
07-04 09:33:11.128  5180  5180 I weather request_5180_5180:   b: 132
07-04 09:33:11.128  5180  5180 I weather request_5180_5180: >
07-04 09:33:11.128  5180  5180 I weather request_5180_5180: b <
07-04 09:33:11.128  5180  5180 I weather request_5180_5180:   a: 0
07-04 09:33:11.128  5180  5180 I weather request_5180_5180:   b: 1
07-04 09:33:11.128  5180  5180 I weather request_5180_5180: >
07-04 09:33:11.128  5180  5180 I weather request_5180_5180: c <
07-04 09:33:11.128  5180  5180 I weather request_5180_5180:   a: 0
07-04 09:33:11.128  5180  5180 I weather request_5180_5180:   b: 29
07-04 09:33:11.128  5180  5180 I weather request_5180_5180: >
07-04 09:33:11.128  5180  5180 I weather request_5180_5180: d: ""
07-04 09:33:11.128  5180  5180 I weather request_5180_5180: f <
07-04 09:33:11.128  5180  5180 I weather request_5180_5180:   a: "204"
07-04 09:33:11.128  5180  5180 I weather request_5180_5180:   b: 2
07-04 09:33:11.128  5180  5180 I weather request_5180_5180: >
07-04 09:33:11.128  5180  5180 I weather request_5180_5180: , a <
07-04 09:33:11.128  5180  5180 I weather request_5180_5180:   a: "Light pollution"
07-04 09:33:11.128  5180  5180 I weather request_5180_5180:   b: 127
07-04 09:33:11.128  5180  5180 I weather request_5180_5180: >
07-04 09:33:11.128  5180  5180 I weather request_5180_5180: b <
07-04 09:33:11.128  5180  5180 I weather request_5180_5180:   a: 0
07-04 09:33:11.128  5180  5180 I weather request_5180_5180:   b: 1
07-04 09:33:11.128  5180  5180 I weather request_5180_5180: >
07-04 09:33:11.128  5180  5180 I weather request_5180_5180: c <
07-04 09:33:11.128  5180  5180 I weather request_5180_5180:   a: 0
07-04 09:33:11.128  5180  5180 I weather request_5180_5180:   b: 30
07-04 09:33:11.128  5180  5180 I weather request_5180_5180: >
07-04 09:33:11.128  5180  5180 I weather request_5180_5180: d: ""
07-04 09:33:11.128  5180  5180 I weather request_5180_5180: f <
07-04 09:33:11.128  5180  5180 I weather request_5180_5180:   a: "202"
07-04 09:33:11.128  5180  5180 I weather request_5180_5180:   b: 2
07-04 09:33:11.128  5180  5180 I weather request_5180_5180: >
07-04 09:33:11.128  5180  5180 I weather request_5180_5180: , a <
07-04 09:33:11.128  5180  5180 I weather request_5180_5180:   a: "Light pollution"
07-04 09:33:11.128  5180  5180 I weather request_5180_5180:   b: 120
07-04 09:33:11.128  5180  5180 I weather request_5180_5180: >
07-04 09:33:11.128  5180  5180 I weather request_5180_5180: b <
07-04 09:33:11.128  5180  5180 I weather request_5180_5180:   a: 0
07-04 09:33:11.128  5180  5180 I weather request_5180_5180:   b: 1
07-04 09:33:11.128  5180  5180 I weather request_5180_5180: >
07-04 09:33:11.128  5180  5180 I weather request_5180_5180: c <
07-04 09:33:11.128  5180  5180 I weather request_5180_5180:   a: 0
07-04 09:33:11.128  5180  5180 I weather request_5180_5180:   b: 30
07-04 09:33:11.128  5180  5180 I weather request_5180_5180: >
07-04 09:33:11.128  5180  5180 I weather request_5180_5180: d: ""
07-04 09:33:11.128  5180  5180 I weather request_5180_5180: f <
07-04 09:33:11.128  5180  5180 I weather request_5180_5180:   a: "202"
07-04 09:33:11.128  5180  5180 I weather request_5180_5180:   b: 2
07-04 09:33:11.128  5180  5180 I weather request_5180_5180: >
07-04 09:33:11.128  5180  5180 I weather request_5180_5180: , a <
07-04 09:33:11.128  5180  5180 I weather request_5180_5180:   a: "Light pollution"
07-04 09:33:11.128  5180  5180 I weather request_5180_5180:   b: 114
07-04 09:33:11.128  5180  5180 I weather request_5180_5180: >
07-04 09:33:11.128  5180  5180 I weather request_5180_5180: b <
07-04 09:33:11.128  5180  5180 I weather request_5180_5180:   a: 0
07-04 09:33:11.128  5180  5180 I weather request_5180_5180:   b: 1
07-04 09:33:11.128  5180  5180 I weather request_5180_5180: >
07-04 09:33:11.128  5180  5180 I weather request_5180_5180: c <
07-04 09:33:11.128  5180  5180 I weather request_5180_5180:   a: 0
07-04 09:33:11.128  5180  5180 I weather request_5180_5180:   b: 31
07-04 09:33:11.128  5180  5180 I weather request_5180_5180: >
07-04 09:33:11.128  5180  5180 I weather request_5180_5180: d: ""
07-04 09:33:11.128  5180  5180 I weather request_5180_5180: f <
07-04 09:33:11.128  5180  5180 I weather request_5180_5180:   a: "201"
07-04 09:33:11.128  5180  5180 I weather request_5180_5180:   b: 2
07-04 09:33:11.128  5180  5180 I weather request_5180_5180: >
07-04 09:33:11.128  5180  5180 I weather request_5180_5180: , a <
07-04 09:33:11.128  5180  5180 I weather request_5180_5180:   a: "Light pollution"
07-04 09:33:11.128  5180  5180 I weather request_5180_5180:   b: 107
07-04 09:33:11.128  5180  5180 I weather request_5180_5180: >
07-04 09:33:11.128  5180  5180 I weather request_5180_5180: b <
07-04 09:33:11.128  5180  5180 I weather request_5180_5180:   a: 0
07-04 09:33:11.128  5180  5180 I weather request_5180_5180:   b: 1
07-04 09:33:11.128  5180  5180 I weather request_5180_5180: >
07-04 09:33:11.128  5180  5180 I weather request_5180_5180: c <
07-04 09:33:11.128  5180  5180 I weather request_5180_5180:   a: 0
07-04 09:33:11.128  5180  5180 I weather request_5180_5180:   b: 30
07-04 09:33:11.128  5180  5180 I weather request_5180_5180: >
07-04 09:33:11.128  5180  5180 I weather request_5180_5180: d: ""
07-04 09:33:11.128  5180  5180 I weather request_5180_5180: f <
07-04 09:33:11.128  5180  5180 I weather request_5180_5180:   a: "200"
07-04 09:33:11.128  5180  5180 I weather request_5180_5180:   b: 3
07-04 09:33:11.128  5180  5180 I weather request_5180_5180: >
07-04 09:33:11.128  5180  5180 I weather request_5180_5180: , a <
07-04 09:33:11.128  5180  5180 I weather request_5180_5180:   a: "Light pollution"
07-04 09:33:11.128  5180  5180 I weather request_5180_5180:   b: 108
07-04 09:33:11.128  5180  5180 I weather request_5180_5180: >
07-04 09:33:11.128  5180  5180 I weather request_5180_5180: b <
07-04 09:33:11.128  5180  5180 I weather request_5180_5180:   a: 0
07-04 09:33:11.128  5180  5180 I weather request_5180_5180:   b: 4
07-04 09:33:11.128  5180  5180 I weather request_5180_5180: >
07-04 09:33:11.128  5180  5180 I weather request_5180_5180: c <
07-04 09:33:11.128  5180  5180 I weather request_5180_5180:   a: 0
07-04 09:33:11.128  5180  5180 I weather request_5180_5180:   b: 29
07-04 09:33:11.128  5180  5180 I weather request_5180_5180: >
07-04 09:33:11.128  5180  5180 I weather request_5180_5180: d: ""
07-04 09:33:11.128  5180  5180 I weather request_5180_5180: f <
07-04 09:33:11.128  5180  5180 I weather request_5180_5180:   a: "200"
07-04 09:33:11.128  5180  5180 I weather request_5180_5180:   b: 3
07-04 09:33:11.128  5180  5180 I weather request_5180_5180: >
07-04 09:33:11.128  5180  5180 I weather request_5180_5180: , a <
07-04 09:33:11.128  5180  5180 I weather request_5180_5180:   a: "Light pollution"
07-04 09:33:11.128  5180  5180 I weather request_5180_5180:   b: 108
07-04 09:33:11.128  5180  5180 I weather request_5180_5180: >
07-04 09:33:11.128  5180  5180 I weather request_5180_5180: b <
07-04 09:33:11.128  5180  5180 I weather request_5180_5180:   a: 0
07-04 09:33:11.128  5180  5180 I weather request_5180_5180:   b: 4
07-04 09:33:11.128  5180  5180 I weather request_5180_5180: >
07-04 09:33:11.128  5180  5180 I weather request_5180_5180: c <
07-04 09:33:11.128  5180  5180 I weather request_5180_5180:   a: 0
07-04 09:33:11.128  5180  5180 I weather request_5180_5180:   b: 28
07-04 09:33:11.128  5180  5180 I weather request_5180_5180: >
07-04 09:33:11.128  5180  5180 I weather request_5180_5180: d: ""
07-04 09:33:11.128  5180  5180 I weather request_5180_5180: f <
07-04 09:33:11.128  5180  5180 I weather request_5180_5180:   a: "201"
07-04 09:33:11.128  5180  5180 I weather request_5180_5180:   b: 3
07-04 09:33:11.128  5180  5180 I weather request_5180_5180: >
07-04 09:33:11.128  5180  5180 I weather request_5180_5180: , a <
07-04 09:33:11.128  5180  5180 I weather request_5180_5180:   a: "Light pollution"
07-04 09:33:11.128  5180  5180 I weather request_5180_5180:   b: 108
07-04 09:33:11.128  5180  5180 I weather request_5180_5180: >
07-04 09:33:11.128  5180  5180 I weather request_5180_5180: b <
07-04 09:33:11.128  5180  5180 I weather request_5180_5180:   a: 0
07-04 09:33:11.128  5180  5180 I weather request_5180_5180:   b: 1
07-04 09:33:11.128  5180  5180 I weather request_5180_5180: >
07-04 09:33:11.128  5180  5180 I weather request_5180_5180: c <
07-04 09:33:11.128  5180  5180 I weather request_5180_5180:   a: 0
07-04 09:33:11.128  5180  5180 I weather request_5180_5180:   b: 27
07-04 09:33:11.128  5180  5180 I weather request_5180_5180: >
07-04 09:33:11.128  5180  5180 I weather request_5180_5180: d: ""
07-04 09:33:11.128  5180  5180 I weather request_5180_5180: f <
07-04 09:33:11.128  5180  5180 I weather request_5180_5180:   a: "212"
07-04 09:33:11.128  5180  5180 I weather request_5180_5180:   b: 3
07-04 09:33:11.128  5180  5180 I weather request_5180_5180: >
07-04 09:33:11.128  5180  5180 I weather request_5180_5180: , a <
07-04 09:33:11.128  5180  5180 I weather request_5180_5180:   a: "Light pollution"
07-04 09:33:11.128  5180  5180 I weather request_5180_5180:   b: 112
07-04 09:33:11.128  5180  5180 I weather request_5180_5180: >
07-04 09:33:11.128  5180  5180 I weather request_5180_5180: b <
07-04 09:33:11.128  5180  5180 I weather request_5180_5180:   a: 0
07-04 09:33:11.128  5180  5180 I weather request_5180_5180:   b: 1
07-04 09:33:11.128  5180  5180 I weather request_5180_5180: >
07-04 09:33:11.128  5180  5180 I weather request_5180_5180: c <
07-04 09:33:11.128  5180  5180 I weather request_5180_5180:   a: 0
07-04 09:33:11.128  5180  5180 I weather request_5180_5180:   b: 26
07-04 09:33:11.128  5180  5180 I weather request_5180_5180: >
07-04 09:33:11.128  5180  5180 I weather request_5180_5180: d: ""
07-04 09:33:11.128  5180  5180 I weather request_5180_5180: f <
07-04 09:33:11.128  5180  5180 I weather request_5180_5180:   a: "229"
07-04 09:33:11.128  5180  5180 I weather request_5180_5180:   b: 3
07-04 09:33:11.128  5180  5180 I weather request_5180_5180: >
07-04 09:33:11.128  5180  5180 I weather request_5180_5180: , a <
07-04 09:33:11.128  5180  5180 I weather request_5180_5180:   a: "Light pollution"
07-04 09:33:11.128  5180  5180 I weather request_5180_5180:   b: 116
07-04 09:33:11.128  5180  5180 I weather request_5180_5180: >
07-04 09:33:11.128  5180  5180 I weather request_5180_5180: b <
07-04 09:33:11.128  5180  5180 I weather request_5180_5180:   a: 0
07-04 09:33:11.128  5180  5180 I weather request_5180_5180:   b: 1
07-04 09:33:11.128  5180  5180 I weather request_5180_5180: >
07-04 09:33:11.128  5180  5180 I weather request_5180_5180: c <
07-04 09:33:11.128  5180  5180 I weather request_5180_5180:   a: 0
07-04 09:33:11.128  5180  5180 I weather request_5180_5180:   b: 25
07-04 09:33:11.128  5180  5180 I weather request_5180_5180: >
07-04 09:33:11.128  5180  5180 I weather request_5180_5180: d: ""
07-04 09:33:11.128  5180  5180 I weather request_5180_5180: f <
07-04 09:33:11.128  5180  5180 I weather request_5180_5180:   a: "235"
07-04 09:33:11.128  5180  5180 I weather request_5180_5180:   b: 2
07-04 09:33:11.128  5180  5180 I weather request_5180_5180: >
07-04 09:33:11.128  5180  5180 I weather request_5180_5180: , a <
07-04 09:33:11.128  5180  5180 I weather request_5180_5180:   a: "Light pollution"
07-04 09:33:11.128  5180  5180 I weather request_5180_5180:   b: 120
07-04 09:33:11.128  5180  5180 I weather request_5180_5180: >
07-04 09:33:11.128  5180  5180 I weather request_5180_5180: b <
07-04 09:33:11.128  5180  5180 I weather request_5180_5180:   a: 0
07-04 09:33:11.128  5180  5180 I weather request_5180_5180:   b: 1
07-04 09:33:11.128  5180  5180 I weather request_5180_5180: >
07-04 09:33:11.128  5180  5180 I weather request_5180_5180: c <
07-04 09:33:11.128  5180  5180 I weather request_5180_5180:   a: 0
07-04 09:33:11.128  5180  5180 I weather request_5180_5180:   b: 25
07-04 09:33:11.128  5180  5180 I weather request_5180_5180: >
07-04 09:33:11.128  5180  5180 I weather request_5180_5180: d: ""
07-04 09:33:11.128  5180  5180 I weather request_5180_5180: f <
07-04 09:33:11.128  5180  5180 I weather request_5180_5180:   a: "232"
07-04 09:33:11.128  5180  5180 I weather request_5180_5180:   b: 2
07-04 09:33:11.128  5180  5180 I weather request_5180_5180: >
07-04 09:33:11.128  5180  5180 I weather request_5180_5180: , a <
07-04 09:33:11.128  5180  5180 I weather request_5180_5180:   a: "Light pollution"
07-04 09:33:11.128  5180  5180 I weather request_5180_5180:   b: 123
07-04 09:33:11.128  5180  5180 I weather request_5180_5180: >
07-04 09:33:11.128  5180  5180 I weather request_5180_5180: b <
07-04 09:33:11.128  5180  5180 I weather request_5180_5180:   a: 0
07-04 09:33:11.128  5180  5180 I weather request_5180_5180:   b: 1
07-04 09:33:11.128  5180  5180 I weather request_5180_5180: >
07-04 09:33:11.128  5180  5180 I weather request_5180_5180: c <
07-04 09:33:11.128  5180  5180 I weather request_5180_5180:   a: 0
07-04 09:33:11.128  5180  5180 I weather request_5180_5180:   b: 25
07-04 09:33:11.128  5180  5180 I weather request_5180_5180: >
07-04 09:33:11.128  5180  5180 I weather request_5180_5180: d: ""
07-04 09:33:11.128  5180  5180 I weather request_5180_5180: f <
07-04 09:33:11.128  5180  5180 I weather request_5180_5180:   a: "227"
07-04 09:33:11.128  5180  5180 I weather request_5180_5180:   b: 2
07-04 09:33:11.128  5180  5180 I weather request_5180_5180: >
07-04 09:33:11.128  5180  5180 I weather request_5180_5180: , a <
07-04 09:33:11.128  5180  5180 I weather request_5180_5180:   a: "Light pollution"
07-04 09:33:11.128  5180  5180 I weather request_5180_5180:   b: 126
07-04 09:33:11.128  5180  5180 I weather request_5180_5180: >
07-04 09:33:11.128  5180  5180 I weather request_5180_5180: b <
07-04 09:33:11.128  5180  5180 I weather request_5180_5180:   a: 0
07-04 09:33:11.128  5180  5180 I weather request_5180_5180:   b: 1
07-04 09:33:11.128  5180  5180 I weather request_5180_5180: >
07-04 09:33:11.128  5180  5180 I weather request_5180_5180: c <
07-04 09:33:11.128  5180  5180 I weather request_5180_5180:   a: 0
07-04 09:33:11.128  5180  5180 I weather request_5180_5180:   b: 24
07-04 09:33:11.128  5180  5180 I weather request_5180_5180: >
07-04 09:33:11.128  5180  5180 I weather request_5180_5180: d: ""
07-04 09:33:11.128  5180  5180 I weather request_5180_5180: f <
07-04 09:33:11.128  5180  5180 I weather request_5180_5180:   a: "222"
07-04 09:33:11.128  5180  5180 I weather request_5180_5180:   b: 2
07-04 09:33:11.128  5180  5180 I weather request_5180_5180: >
07-04 09:33:11.128  5180  5180 I weather request_5180_5180: , a <
07-04 09:33:11.128  5180  5180 I weather request_5180_5180:   a: "Light pollution"
07-04 09:33:11.128  5180  5180 I weather request_5180_5180:   b: 129
07-04 09:33:11.128  5180  5180 I weather request_5180_5180: >
07-04 09:33:11.128  5180  5180 I weather request_5180_5180: b <
07-04 09:33:11.128  5180  5180 I weather request_5180_5180:   a: 0
07-04 09:33:11.128  5180  5180 I weather request_5180_5180:   b: 1
07-04 09:33:11.128  5180  5180 I weather request_5180_5180: >
07-04 09:33:11.128  5180  5180 I weather request_5180_5180: c <
07-04 09:33:11.128  5180  5180 I weather request_5180_5180:   a: 0
07-04 09:33:11.128  5180  5180 I weather request_5180_5180:   b: 24
07-04 09:33:11.128  5180  5180 I weather request_5180_5180: >
07-04 09:33:11.128  5180  5180 I weather request_5180_5180: d: ""
07-04 09:33:11.128  5180  5180 I weather request_5180_5180: f <
07-04 09:33:11.128  5180  5180 I weather request_5180_5180:   a: "216"
07-04 09:33:11.128  5180  5180 I weather request_5180_5180:   b: 2
07-04 09:33:11.128  5180  5180 I weather request_5180_5180: >
07-04 09:33:11.128  5180  5180 I weather request_5180_5180: , a <
07-04 09:33:11.128  5180  5180 I weather request_5180_5180:   a: "Light pollution"
07-04 09:33:11.128  5180  5180 I weather request_5180_5180:   b: 131
07-04 09:33:11.128  5180  5180 I weather request_5180_5180: >
07-04 09:33:11.128  5180  5180 I weather request_5180_5180: b <
07-04 09:33:11.128  5180  5180 I weather request_5180_5180:   a: 0
07-04 09:33:11.128  5180  5180 I weather request_5180_5180:   b: 1
07-04 09:33:11.128  5180  5180 I weather request_5180_5180: >
07-04 09:33:11.128  5180  5180 I weather request_5180_5180: c <
07-04 09:33:11.128  5180  5180 I weather request_5180_5180:   a: 0
07-04 09:33:11.128  5180  5180 I weather request_5180_5180:   b: 24
07-04 09:33:11.128  5180  5180 I weather request_5180_5180: >
07-04 09:33:11.128  5180  5180 I weather request_5180_5180: d: ""
07-04 09:33:11.128  5180  5180 I weather request_5180_5180: f <
07-04 09:33:11.128  5180  5180 I weather request_5180_5180:   a: "209"
07-04 09:33:11.128  5180  5180 I weather request_5180_5180:   b: 2
07-04 09:33:11.128  5180  5180 I weather request_5180_5180: >
07-04 09:33:11.128  5180  5180 I weather request_5180_5180: , a <
07-04 09:33:11.128  5180  5180 I weather request_5180_5180:   a: "Light pollution"
07-04 09:33:11.128  5180  5180 I weather request_5180_5180:   b: 132
07-04 09:33:11.128  5180  5180 I weather request_5180_5180: >
07-04 09:33:11.128  5180  5180 I weather request_5180_5180: b <
07-04 09:33:11.128  5180  5180 I weather request_5180_5180:   a: 0
07-04 09:33:11.128  5180  5180 I weather request_5180_5180:   b: 1
07-04 09:33:11.128  5180  5180 I weather request_5180_5180: >
07-04 09:33:11.128  5180  5180 I weather request_5180_5180: c <
07-04 09:33:11.128  5180  5180 I weather request_5180_5180:   a: 0
07-04 09:33:11.128  5180  5180 I weather request_5180_5180:   b: 23
07-04 09:33:11.128  5180  5180 I weather request_5180_5180: >
07-04 09:33:11.128  5180  5180 I weather request_5180_5180: d: ""
07-04 09:33:11.128  5180  5180 I weather request_5180_5180: f <
07-04 09:33:11.128  5180  5180 I weather request_5180_5180:   a: "203"
