07-04 09:33:11.956  5180  5180 I weather request_5180_5180: >
07-04 09:33:11.956  5180  5180 I weather request_5180_5180: b <
07-04 09:33:11.956  5180  5180 I weather request_5180_5180:   a: 0
07-04 09:33:11.956  5180  5180 I weather request_5180_5180:   b: 1
07-04 09:33:11.956  5180  5180 I weather request_5180_5180: >
07-04 09:33:11.956  5180  5180 I weather request_5180_5180: c <
07-04 09:33:11.956  5180  5180 I weather request_5180_5180:   a: 0
07-04 09:33:11.956  5180  5180 I weather request_5180_5180:   b: 23
07-04 09:33:11.956  5180  5180 I weather request_5180_5180: >
07-04 09:33:11.956  5180  5180 I weather request_5180_5180: d: ""
07-04 09:33:11.956  5180  5180 I weather request_5180_5180: f <
07-04 09:33:11.956  5180  5180 I weather request_5180_5180:   a: "201"
07-04 09:33:11.956  5180  5180 I weather request_5180_5180:   b: 2
07-04 09:33:11.956  5180  5180 I weather request_5180_5180: >
07-04 09:33:11.956  5180  5180 I weather request_5180_5180: , a <
07-04 09:33:11.956  5180  5180 I weather request_5180_5180:   a: "Light pollution"
07-04 09:33:11.956  5180  5180 I weather request_5180_5180:   b: 134
07-04 09:33:11.956  5180  5180 I weather request_5180_5180: >
07-04 09:33:11.956  5180  5180 I weather request_5180_5180: b <
07-04 09:33:11.956  5180  5180 I weather request_5180_5180:   a: 0
07-04 09:33:11.956  5180  5180 I weather request_5180_5180:   b: 1
07-04 09:33:11.956  5180  5180 I weather request_5180_5180: >
07-04 09:33:11.956  5180  5180 I weather request_5180_5180: c <
07-04 09:33:11.956  5180  5180 I weather request_5180_5180:   a: 0
07-04 09:33:11.956  5180  5180 I weather request_5180_5180:   b: 23
07-04 09:33:11.956  5180  5180 I weather request_5180_5180: >
07-04 09:33:11.956  5180  5180 I weather request_5180_5180: d: ""
07-04 09:33:11.956  5180  5180 I weather request_5180_5180: f <
07-04 09:33:11.956  5180  5180 I weather request_5180_5180:   a: "203"
07-04 09:33:11.956  5180  5180 I weather request_5180_5180:   b: 2
07-04 09:33:11.956  5180  5180 I weather request_5180_5180: >
07-04 09:33:11.956  5180  5180 I weather request_5180_5180: , a <
07-04 09:33:11.956  5180  5180 I weather request_5180_5180:   a: "Light pollution"
07-04 09:33:11.956  5180  5180 I weather request_5180_5180:   b: 134
07-04 09:33:11.956  5180  5180 I weather request_5180_5180: >
07-04 09:33:11.956  5180  5180 I weather request_5180_5180: b <
07-04 09:33:11.956  5180  5180 I weather request_5180_5180:   a: 0
07-04 09:33:11.956  5180  5180 I weather request_5180_5180:   b: 1
07-04 09:33:11.956  5180  5180 I weather request_5180_5180: >
07-04 09:33:11.956  5180  5180 I weather request_5180_5180: c <
07-04 09:33:11.956  5180  5180 I weather request_5180_5180:   a: 0
07-04 09:33:11.956  5180  5180 I weather request_5180_5180:   b: 23
07-04 09:33:11.956  5180  5180 I weather request_5180_5180: >
07-04 09:33:11.956  5180  5180 I weather request_5180_5180: d: ""
07-04 09:33:11.956  5180  5180 I weather request_5180_5180: f <
07-04 09:33:11.956  5180  5180 I weather request_5180_5180:   a: "204"
07-04 09:33:11.956  5180  5180 I weather request_5180_5180:   b: 2
07-04 09:33:11.956  5180  5180 I weather request_5180_5180: >
07-04 09:33:11.956  5180  5180 I weather request_5180_5180: , a <
07-04 09:33:11.956  5180  5180 I weather request_5180_5180:   a: "Light pollution"
07-04 09:33:11.956  5180  5180 I weather request_5180_5180:   b: 135
07-04 09:33:11.956  5180  5180 I weather request_5180_5180: >
07-04 09:33:11.956  5180  5180 I weather request_5180_5180: b <
07-04 09:33:11.956  5180  5180 I weather request_5180_5180:   a: 0
07-04 09:33:11.956  5180  5180 I weather request_5180_5180:   b: 1
07-04 09:33:11.956  5180  5180 I weather request_5180_5180: >
07-04 09:33:11.956  5180  5180 I weather request_5180_5180: c <
07-04 09:33:11.956  5180  5180 I weather request_5180_5180:   a: 0
07-04 09:33:11.956  5180  5180 I weather request_5180_5180:   b: 22
07-04 09:33:11.956  5180  5180 I weather request_5180_5180: >
07-04 09:33:11.956  5180  5180 I weather request_5180_5180: d: ""
07-04 09:33:11.956  5180  5180 I weather request_5180_5180: f <
07-04 09:33:11.956  5180  5180 I weather request_5180_5180:   a: "203"
07-04 09:33:11.956  5180  5180 I weather request_5180_5180:   b: 2
07-04 09:33:11.956  5180  5180 I weather request_5180_5180: >
07-04 09:33:11.956  5180  5180 I weather request_5180_5180: , a <
07-04 09:33:11.956  5180  5180 I weather request_5180_5180:   a: "Light pollution"
07-04 09:33:11.956  5180  5180 I weather request_5180_5180:   b: 136
07-04 09:33:11.956  5180  5180 I weather request_5180_5180: >
07-04 09:33:11.956  5180  5180 I weather request_5180_5180: b <
07-04 09:33:11.956  5180  5180 I weather request_5180_5180:   a: 0
07-04 09:33:11.956  5180  5180 I weather request_5180_5180:   b: 1
07-04 09:33:11.956  5180  5180 I weather request_5180_5180: >
07-04 09:33:11.956  5180  5180 I weather request_5180_5180: c <
07-04 09:33:11.956  5180  5180 I weather request_5180_5180:   a: 0
07-04 09:33:11.956  5180  5180 I weather request_5180_5180:   b: 23
07-04 09:33:11.956  5180  5180 I weather request_5180_5180: >
07-04 09:33:11.956  5180  5180 I weather request_5180_5180: d: ""
07-04 09:33:11.956  5180  5180 I weather request_5180_5180: f <
07-04 09:33:11.956  5180  5180 I weather request_5180_5180:   a: "202"
07-04 09:33:11.956  5180  5180 I weather request_5180_5180:   b: 2
07-04 09:33:11.956  5180  5180 I weather request_5180_5180: >
07-04 09:33:11.956  5180  5180 I weather request_5180_5180: , a <
07-04 09:33:11.956  5180  5180 I weather request_5180_5180:   a: "Light pollution"
07-04 09:33:11.956  5180  5180 I weather request_5180_5180:   b: 137
07-04 09:33:11.956  5180  5180 I weather request_5180_5180: >
07-04 09:33:11.956  5180  5180 I weather request_5180_5180: b <
07-04 09:33:11.956  5180  5180 I weather request_5180_5180:   a: 0
07-04 09:33:11.956  5180  5180 I weather request_5180_5180:   b: 1
07-04 09:33:11.956  5180  5180 I weather request_5180_5180: >
07-04 09:33:11.956  5180  5180 I weather request_5180_5180: c <
07-04 09:33:11.956  5180  5180 I weather request_5180_5180:   a: 0
07-04 09:33:11.956  5180  5180 I weather request_5180_5180:   b: 24
07-04 09:33:11.956  5180  5180 I weather request_5180_5180: >
07-04 09:33:11.956  5180  5180 I weather request_5180_5180: d: ""
07-04 09:33:11.956  5180  5180 I weather request_5180_5180: f <
07-04 09:33:11.956  5180  5180 I weather request_5180_5180:   a: "201"
07-04 09:33:11.956  5180  5180 I weather request_5180_5180:   b: 2
07-04 09:33:11.956  5180  5180 I weather request_5180_5180: >
07-04 09:33:11.956  5180  5180 I weather request_5180_5180: ]
07-04 09:33:11.956  5180  5180 I Wearable.weather_5180_5180: handleWeatherPressure = false, isNeedSyncWeather: true
07-04 09:33:11.957  5180  5180 I BreakSilentUpgradeAspec_5180_5180: aroundBreakSilentUpgrade: state = UPGRADE_IDLE
07-04 09:33:11.957  5180  5180 I BreakSilentUpgradeAspec_5180_5180: aroundBreakSilentUpgrade: end cost = 1
07-04 09:33:11.957  5180  5180 I Device-Sync_5180_5180: enqueue: call type = 10, id = 0
07-04 09:33:11.957  5180  5180 I Device-Sync_5180_5180: Device(882426536)'s callback, type=101
07-04 09:33:11.957  5180  5180 I MiWearCoreClient_5180_5180: call() called with: type = 101, did = 882426536, data = [B@f78b07b, callback = com.xiaomi.fitness.device.contact.remote.ContactTaskQueue$callback$1@64ace98, timeout = 8000, service = com.xiaomi.wearable.core.server.IMiWearCoreImpl@21da8dc
07-04 09:33:11.957  5180  5180 I IMiWearCoreImpl_5180_5180: call() called with: type = 101, did = 882426536, data = [B@f78b07b, needResponse = false, callback = com.xiaomi.fitness.device.contact.remote.ContactTaskQueue$callback$1@64ace98, timeout = 8000
07-04 09:33:11.957  5180  5180 I BreakSilentUpgradeAspec_5180_5180: aroundBreakSilentUpgrade: state = UPGRADE_IDLE
07-04 09:33:11.957  5180  6585 I TaskQueueV2_5180_6585: enqueue: type:3, seqNumber:0
07-04 09:33:11.957  5180  5180 I BreakSilentUpgradeAspec_5180_5180: aroundBreakSilentUpgrade: end cost = 0
07-04 09:33:11.958  5180  6585 I TaskQueueV2_5180_6585: runNext() called thread: Spp Dispatcher
07-04 09:33:11.958  5180  6585 I TaskQueueV2_5180_6585: change tx status to TX_STATE_BUSY
07-04 09:33:11.958  5180  6585 I TaskQueueV2_5180_6585: window [packet type: 3, seq: 245], window size: 1, retransmission: false
07-04 09:33:11.958  5180  6585 I TaskQueueV2_5180_6585: -------------> SEND: DATA base: 245, nextseq: 246, size: 126, seq: 245, frx: 0
07-04 09:33:11.958  5180  6585 I TaskQueueV2_5180_6585: onCallback() called with: packetId = 3336, code = SEND_START, channel = TRANSPORT_CHANNEL_PB
07-04 09:33:11.958  5180  6585 I TaskQueueV2_5180_6585: sendPacket() called with: packet = L1Packet (header: Header (type: DATA, seqNumber: 245, dataLength: 126, frx: 0, crc: -14588))}, crc = -14588, mtu = 16394
07-04 09:33:11.958  5180  6585 I TaskQueueV2_5180_6585: onSendComplete() called with: packet: L1Packet (header: Header (type: DATA, seqNumber: 245, dataLength: 126, frx: 0, crc: -14588)), thread: Spp Dispatcher
07-04 09:33:11.958  5180  6585 I TaskQueueV2_5180_6585: sendTimerStart: sendItem 245
07-04 09:33:11.958  5180  6585 I TaskQueueV2_5180_6585: onCallback() called with: packetId = 3336, code = SEND_SUCCESS, channel = TRANSPORT_CHANNEL_PB
07-04 09:33:11.958  5180  6585 I TaskQueueV2_5180_6585: change tx status to TX_STATE_IDLE
07-04 09:33:11.958  5180  6585 I TaskQueueV2_5180_6585: runNext() called thread: Spp Dispatcher
07-04 09:33:11.958  5180  6585 I TaskQueueV2_5180_6585: change tx status to TX_STATE_BUSY
07-04 09:33:11.959  5180  6585 I TaskQueueV2_5180_6585: change tx status to TX_STATE_IDLE
07-04 09:33:11.959  5180  5180 I Device-Sync_5180_5180: enqueue: call type = 10, id = 1
07-04 09:33:11.959  5180  5180 I Device-Sync_5180_5180: Device(882426536)'s callback, type=101
07-04 09:33:11.960  5180  5180 I MiWearCoreClient_5180_5180: call() called with: type = 101, did = 882426536, data = [B@a5c76f1, callback = com.xiaomi.fitness.device.contact.remote.ContactTaskQueue$callback$1@50242d6, timeout = 8000, service = com.xiaomi.wearable.core.server.IMiWearCoreImpl@21da8dc
07-04 09:33:11.960  5180  5180 I IMiWearCoreImpl_5180_5180: call() called with: type = 101, did = 882426536, data = [B@a5c76f1, needResponse = false, callback = com.xiaomi.fitness.device.contact.remote.ContactTaskQueue$callback$1@50242d6, timeout = 8000
07-04 09:33:11.960  5180  5180 I BreakSilentUpgradeAspec_5180_5180: aroundBreakSilentUpgrade: state = UPGRADE_IDLE
07-04 09:33:11.960  5180  5180 I BreakSilentUpgradeAspec_5180_5180: aroundBreakSilentUpgrade: end cost = 0
07-04 09:33:11.960  5180  6585 I TaskQueueV2_5180_6585: enqueue: type:3, seqNumber:0
07-04 09:33:11.960  5180  5180 I Device-Sync_5180_5180: enqueue: call type = 10, id = 2
07-04 09:33:11.960  5180  5180 I Device-Sync_5180_5180: Device(882426536)'s callback, type=101
07-04 09:33:11.960  5180  6585 I TaskQueueV2_5180_6585: runNext() called thread: Spp Dispatcher
07-04 09:33:11.960  5180  5180 I MiWearCoreClient_5180_5180: call() called with: type = 101, did = 882426536, data = [B@9d7d957, callback = com.xiaomi.fitness.device.contact.remote.ContactTaskQueue$callback$1@56a3c44, timeout = 8000, service = com.xiaomi.wearable.core.server.IMiWearCoreImpl@21da8dc
07-04 09:33:11.960  5180  6585 I TaskQueueV2_5180_6585: change tx status to TX_STATE_BUSY
07-04 09:33:11.961  5180  6585 I TaskQueueV2_5180_6585: window [packet type: 3, seq: 245, packet type: 3, seq: 246], window size: 2, retransmission: false
07-04 09:33:11.961  5180  6585 I TaskQueueV2_5180_6585: -------------> SEND: DATA base: 245, nextseq: 247, size: 489, seq: 246, frx: 0
07-04 09:33:11.961  5180  6585 I TaskQueueV2_5180_6585: onCallback() called with: packetId = 3337, code = SEND_START, channel = TRANSPORT_CHANNEL_PB
07-04 09:33:11.961  5180  6585 I TaskQueueV2_5180_6585: sendPacket() called with: packet = L1Packet (header: Header (type: DATA, seqNumber: 246, dataLength: 489, frx: 0, crc: -28481))}, crc = -28481, mtu = 16394
07-04 09:33:11.961  5180  6585 I TaskQueueV2_5180_6585: onSendComplete() called with: packet: L1Packet (header: Header (type: DATA, seqNumber: 246, dataLength: 489, frx: 0, crc: -28481)), thread: Spp Dispatcher
07-04 09:33:11.961  5180  6585 I TaskQueueV2_5180_6585: sendTimerStart: sendItem 246
07-04 09:33:11.961  5180  6585 I TaskQueueV2_5180_6585: onCallback() called with: packetId = 3337, code = SEND_SUCCESS, channel = TRANSPORT_CHANNEL_PB
07-04 09:33:11.961  5180  5180 I IMiWearCoreImpl_5180_5180: call() called with: type = 101, did = 882426536, data = [B@9d7d957, needResponse = false, callback = com.xiaomi.fitness.device.contact.remote.ContactTaskQueue$callback$1@56a3c44, timeout = 8000
07-04 09:33:11.961  5180  6585 I TaskQueueV2_5180_6585: change tx status to TX_STATE_IDLE
07-04 09:33:11.962  5180  6585 I TaskQueueV2_5180_6585: enqueue: type:3, seqNumber:0
07-04 09:33:11.962  5180  6585 I TaskQueueV2_5180_6585: runNext() called thread: Spp Dispatcher
07-04 09:33:11.962  5180  6585 I TaskQueueV2_5180_6585: change tx status to TX_STATE_BUSY
07-04 09:33:11.962  5180  6585 I TaskQueueV2_5180_6585: window [packet type: 3, seq: 245, packet type: 3, seq: 246, packet type: 3, seq: 247], window size: 3, retransmission: false
07-04 09:33:11.962  5180  6585 I TaskQueueV2_5180_6585: -------------> SEND: DATA base: 245, nextseq: 248, size: 1103, seq: 247, frx: 0
07-04 09:33:11.962  5180  6585 I TaskQueueV2_5180_6585: onCallback() called with: packetId = 3338, code = SEND_START, channel = TRANSPORT_CHANNEL_PB
07-04 09:33:11.962  5180  6585 I TaskQueueV2_5180_6585: sendPacket() called with: packet = L1Packet (header: Header (type: DATA, seqNumber: 247, dataLength: 1103, frx: 0, crc: -22165))}, crc = -22165, mtu = 16394
07-04 09:33:11.962  5180  6585 I TaskQueueV2_5180_6585: onSendComplete() called with: packet: L1Packet (header: Header (type: DATA, seqNumber: 247, dataLength: 1103, frx: 0, crc: -22165)), thread: Spp Dispatcher
07-04 09:33:11.963  5180  6585 I TaskQueueV2_5180_6585: sendTimerStart: sendItem 247
07-04 09:33:11.963  5180  6585 I TaskQueueV2_5180_6585: onCallback() called with: packetId = 3338, code = SEND_SUCCESS, channel = TRANSPORT_CHANNEL_PB
07-04 09:33:11.963  5180  6585 I TaskQueueV2_5180_6585: change tx status to TX_STATE_IDLE
07-04 09:33:11.963  5180  6585 I TaskQueueV2_5180_6585: runNext() called thread: Spp Dispatcher
07-04 09:33:11.963  5180  6585 I TaskQueueV2_5180_6585: change tx status to TX_STATE_BUSY
07-04 09:33:11.963  5180  6585 I TaskQueueV2_5180_6585: change tx status to TX_STATE_IDLE
07-04 09:33:11.963  5180  6585 I TaskQueueV2_5180_6585: runNext() called thread: Spp Dispatcher
07-04 09:33:11.963  5180  6585 I TaskQueueV2_5180_6585: change tx status to TX_STATE_BUSY
07-04 09:33:11.963  5180  6585 I TaskQueueV2_5180_6585: change tx status to TX_STATE_IDLE
07-04 09:33:11.982  5180  6599 I SppChannel_5180_6599: onDataReceive: A5A501F500000000
07-04 09:33:11.983  5180  6585 I TaskQueueV2_5180_6585: onDataReceive: header: A5A501F500000000
07-04 09:33:11.983  5180  6585 I TaskQueueV2_5180_6585: -------------> RECEIVE: ACK: seq-> 245, size:0, frx:0
07-04 09:33:11.983  5180  6585 I TaskQueueV2_5180_6585: onCallback() called with: packetId = 3336, code = SEND_CONFIRM, channel = TRANSPORT_CHANNEL_PB
07-04 09:33:11.983  5180  6585 I WearApiTask_5180_6585: onSendResult  code=0  WearApiTask(hasCode:221286701, id=2554, type=101, timeout=8000
07-04 09:33:11.983  5180  6585 I WearApiTask_5180_6585: onResult has data=false  WearApiTask(hasCode:221286701, id=2554, type=101, timeout=8000
07-04 09:33:11.984  5180  6585 I TaskQueueV2_5180_6585: sendTimerStop() called with: sendItem = 245
07-04 09:33:11.984  5180  6585 I TaskQueueV2_5180_6585: base move to 246
07-04 09:33:11.984  5180  6585 I TaskQueueV2_5180_6585: runNext() called thread: Spp Dispatcher
07-04 09:33:11.984  5180  6585 I TaskQueueV2_5180_6585: change tx status to TX_STATE_BUSY
07-04 09:33:11.984  5180  6585 I TaskQueueV2_5180_6585: change tx status to TX_STATE_IDLE
07-04 09:33:11.984  5180  6585 I TaskQueueV2_5180_6585: onDataReceive: header: A5A501F600000000
07-04 09:33:11.984  5180  6585 I TaskQueueV2_5180_6585: -------------> RECEIVE: ACK: seq-> 246, size:0, frx:0
07-04 09:33:11.985  5180  6585 I TaskQueueV2_5180_6585: onCallback() called with: packetId = 3337, code = SEND_CONFIRM, channel = TRANSPORT_CHANNEL_PB
07-04 09:33:11.985  5180  5180 I ContactCallTask_5180_5180: onResult  has packet=false, has data=false  com.xiaomi.fitness.device.contact.remote.ContactCallTask@fb7b662
07-04 09:33:11.985  5180  6585 I WearApiTask_5180_6585: onSendResult  code=0  WearApiTask(hasCode:211203059, id=2555, type=101, timeout=8000
07-04 09:33:11.985  5180  6585 I WearApiTask_5180_6585: onResult has data=false  WearApiTask(hasCode:211203059, id=2555, type=101, timeout=8000
07-04 09:33:11.985  5180  6585 I TaskQueueV2_5180_6585: sendTimerStop() called with: sendItem = 246
07-04 09:33:11.985  5180  6585 I TaskQueueV2_5180_6585: base move to 247
07-04 09:33:11.985  5180  6585 I TaskQueueV2_5180_6585: runNext() called thread: Spp Dispatcher
07-04 09:33:11.985  5180  6585 I TaskQueueV2_5180_6585: change tx status to TX_STATE_BUSY
07-04 09:33:11.985  5180  6585 I TaskQueueV2_5180_6585: change tx status to TX_STATE_IDLE
07-04 09:33:11.986  5180  5180 I ContactCallTask_5180_5180: onResult  has packet=false, has data=false  com.xiaomi.fitness.device.contact.remote.ContactCallTask@7f0d8b0
07-04 09:33:11.986  5180  5180 I Device-Sync_5180_5180: Type(101) call success, did=882426536, result=SyncResult(code=0)
07-04 09:33:11.986  5180  5180 I Device-Sync_5180_5180: Type(101) call success, did=882426536, result=SyncResult(code=0)
07-04 09:33:12.012  2071  2071 D UiModeManager: updateConfigurationLocked: mDockState=0; mCarMode=false; mCar=false; mPowerSave=false; mComputedNightMode=true; mNightMode=2; uiMode=33
07-04 09:33:12.014  3297  3297 D DynamicService_WifiBt:  ACTION_BATTERY_CHANGED change,USB plug = 1
07-04 09:33:12.014  6915  6915 I PowerSaveService: onReceive: android.intent.action.BATTERY_CHANGED
07-04 09:33:12.014  6915  6915 I PowerNoticeUI: handleBatteryChanged oldPlugType 1 mPlugType 1 oldBatteryLevel 100 mBatteryLevel 100 temperature 345
07-04 09:33:12.014  6915  6915 I ChargerBatteryIntelligenceReceiver: onBatteryChanged temperature：34,plugType:1
07-04 09:33:12.015  6915  6915 I PowerFeatureUtils: getVendorName:qcom
07-04 09:33:12.016  2071  2149 I SmartPower.com.whatsapp/10288(9504): idle->background(5138ms) R(broadcast start Intent { act=android.intent.action.BATTERY_CHANGED flg=0x60000010 (has extras) }) adj=701.
07-04 09:33:12.016  3254  3254 D QtiCarrierConfigHelper: WARNING, no carrier configs on phone Id: 0
07-04 09:33:12.016  7696  7836 D PowerCheckerService: onBatteryChanged, mBatteryLevel = 100, status = 5, level = 100, plug = 1, scale = 100
07-04 09:33:12.017  3243  3243 V DeviceStatisticsService: chargerType=1 batteryLevel=100 totalBatteryCapacity=3541000
07-04 09:33:12.017  2071  2149 I SmartPower.com.google.android.googlequicksearchbox:interactor/10163(4930): idle->background(5139ms) R(broadcast start Intent { act=android.intent.action.BATTERY_CHANGED flg=0x60000010 (has extras) }) adj=100.
07-04 09:33:12.017  7696  7836 D PowerKeeper.Thermal: mBatteryTemperature: 34
07-04 09:33:12.020  2071  2149 I SmartPower.com.digibites.accubattery/10320(14052): idle->background(5136ms) R(broadcast start Intent { act=android.intent.action.BATTERY_CHANGED flg=0x60000010 (has extras) }) adj=200.
07-04 09:33:12.020  2071  2149 I SmartPower.com.xiaomi.discover/10164(27904): idle->background(5136ms) R(broadcast start Intent { act=android.intent.action.BATTERY_CHANGED flg=0x60000010 (has extras) }) adj=915.
07-04 09:33:12.020  2071  2149 I SmartPower.com.tokopedia.tkpd/10290(31033): idle->background(5136ms) R(broadcast start Intent { act=android.intent.action.BATTERY_CHANGED flg=0x60000010 (has extras) }) adj=935.
07-04 09:33:12.021  2071  2149 I SmartPower.com.facebook.katana/10282(31244): idle->background(5137ms) R(broadcast start Intent { act=android.intent.action.BATTERY_CHANGED flg=0x60000010 (has extras) }) adj=915.
07-04 09:33:12.022  2071  2149 I SmartPower.com.google.android.apps.tachyon/10270(4448): idle->background(5137ms) R(broadcast start Intent { act=android.intent.action.BATTERY_CHANGED flg=0x60000010 (has extras) }) adj=935.
07-04 09:33:12.028  5180  6599 I SppChannel_5180_6599: onDataReceive: A5A501F700000000
07-04 09:33:12.029  5180  6585 I TaskQueueV2_5180_6585: onDataReceive: header: A5A501F700000000
07-04 09:33:12.029  5180  6585 I TaskQueueV2_5180_6585: -------------> RECEIVE: ACK: seq-> 247, size:0, frx:0
07-04 09:33:12.029  5180  6585 I TaskQueueV2_5180_6585: onCallback() called with: packetId = 3338, code = SEND_CONFIRM, channel = TRANSPORT_CHANNEL_PB
07-04 09:33:12.029  5180  6585 I WearApiTask_5180_6585: onSendResult  code=0  WearApiTask(hasCode:196219689, id=2556, type=101, timeout=8000
07-04 09:33:12.029  5180  6585 I WearApiTask_5180_6585: onResult has data=false  WearApiTask(hasCode:196219689, id=2556, type=101, timeout=8000
07-04 09:33:12.029  5180  6585 I TaskQueueV2_5180_6585: sendTimerStop() called with: sendItem = 247
07-04 09:33:12.029  5180  5180 I ContactCallTask_5180_5180: onResult  has packet=false, has data=false  com.xiaomi.fitness.device.contact.remote.ContactCallTask@75ed6ae
07-04 09:33:12.029  5180  6585 I TaskQueueV2_5180_6585: base move to 248
07-04 09:33:12.029  5180  6585 I TaskQueueV2_5180_6585: runNext() called thread: Spp Dispatcher
07-04 09:33:12.029  5180  6585 I TaskQueueV2_5180_6585: sendNextPacket: queue is empty
07-04 09:33:12.029  5180  5180 I Device-Sync_5180_5180: Type(101) call success, did=882426536, result=SyncResult(code=0)
07-04 09:33:12.034  6915 15571 I android_os_HwBinder: HwBinder: Starting thread pool for getting: vendor.xiaomi.hardware.micharge@1.0::IMiCharge/default
07-04 09:33:12.036  1092  1092 I vendor.xiaomi.hardware.micharge@1.0-service: ReadFilePathValue path = /sys/class/power_supply/battery/night_charging value = 0
07-04 09:33:12.036  6915 15571 I ChargeProtectionUtils: getNightChargingState: 0
07-04 09:33:12.088  1052  2134 E CamX    : [ERROR][NCS    ] camxncsservice.cpp:680 EnqueueJob() Can not enqueue jobs when thread is stopped
07-04 09:33:12.088  1052  2134 W CamX    : [ WARN][NCS    ] camxncsintfqsee.cpp:2701 FillSensorData() Buffer queue for sensor 7 has been freed: bufh=0x0, bufsize=1248, stride=4
07-04 09:33:12.107  1051  1909 I vendor.qti.bluetooth@1.0-ibs_handler: ProcessIbsCmd: Received IBS_SLEEP_IND: 0xFE
07-04 09:33:12.473  5951  6121 D ProfileInstaller: Skipping profile installation for com.telkomsel.telkomselcm
07-04 09:33:12.488  1052  2134 E CamX    : [ERROR][NCS    ] camxncsservice.cpp:680 EnqueueJob() Can not enqueue jobs when thread is stopped
07-04 09:33:12.488  1052  2134 W CamX    : [ WARN][NCS    ] camxncsintfqsee.cpp:2701 FillSensorData() Buffer queue for sensor 7 has been freed: bufh=0x0, bufsize=1248, stride=4
07-04 09:33:12.689  1052  2134 E CamX    : [ERROR][NCS    ] camxncsservice.cpp:680 EnqueueJob() Can not enqueue jobs when thread is stopped
07-04 09:33:12.689  1052  2134 W CamX    : [ WARN][NCS    ] camxncsintfqsee.cpp:2701 FillSensorData() Buffer queue for sensor 7 has been freed: bufh=0x0, bufsize=1248, stride=4
07-04 09:33:12.889  1052  2134 E CamX    : [ERROR][NCS    ] camxncsservice.cpp:680 EnqueueJob() Can not enqueue jobs when thread is stopped
07-04 09:33:12.889  1052  2134 W CamX    : [ WARN][NCS    ] camxncsintfqsee.cpp:2701 FillSensorData() Buffer queue for sensor 7 has been freed: bufh=0x0, bufsize=1248, stride=4
07-04 09:33:12.963  1051  1923 I vendor.qti.bluetooth@1.0-ibs_handler: DeviceSleep: TX Awake, Sending SLEEP_IND
07-04 09:33:12.963  1051  1923 D vendor.qti.bluetooth@1.0-ibs_handler: SerialClockVote: vote for UART CLK OFF
07-04 09:33:12.989  5951  5969 W Bundle  : Key android.max_aspect expected Float but value was a java.lang.Integer.  The default value 0.0 was returned.
07-04 09:33:12.990  5951  5969 W Bundle  : Attempt to cast generated internal exception:
07-04 09:33:12.990  5951  5969 W Bundle  : java.lang.ClassCastException: java.lang.Integer cannot be cast to java.lang.Float
07-04 09:33:12.990  5951  5969 W Bundle  : 	at android.os.BaseBundle.getFloat(BaseBundle.java:1323)
07-04 09:33:12.990  5951  5969 W Bundle  : 	at android.os.Bundle.getFloat(Bundle.java:798)
07-04 09:33:12.990  5951  5969 W Bundle  : 	at android.os.BaseBundle.getFloat(BaseBundle.java:1305)
07-04 09:33:12.990  5951  5969 W Bundle  : 	at android.os.Bundle.getFloat(Bundle.java:785)
07-04 09:33:13.023  1051  1909 I vendor.qti.bluetooth@1.0-ibs_handler: ProcessIbsCmd: Received IBS_WAKE_IND: 0xFD
07-04 09:33:13.023  1051  1909 D vendor.qti.bluetooth@1.0-ibs_handler: SerialClockVote: vote for UART CLK ON
07-04 09:33:13.023  1051  1909 I vendor.qti.bluetooth@1.0-ibs_handler: ProcessIbsCmd: Writing IBS_WAKE_ACK
07-04 09:33:13.104  1051  1909 I vendor.qti.bluetooth@1.0-ibs_handler: ProcessIbsCmd: Received IBS_SLEEP_IND: 0xFE
07-04 09:33:13.104  1051  1909 D vendor.qti.bluetooth@1.0-ibs_handler: SerialClockVote: vote for UART CLK OFF
07-04 09:33:13.254  1051  1898 D vendor.qti.bluetooth@1.0-wake_lock: Release wakelock is released 
07-04 09:33:13.288  1052  2134 E CamX    : [ERROR][NCS    ] camxncsservice.cpp:680 EnqueueJob() Can not enqueue jobs when thread is stopped
07-04 09:33:13.288  1052  2134 W CamX    : [ WARN][NCS    ] camxncsintfqsee.cpp:2701 FillSensorData() Buffer queue for sensor 7 has been freed: bufh=0x0, bufsize=1248, stride=4
07-04 09:33:13.401  3524  3524 W ThreadPoolForeg: type=1400 audit(0.0:215493): avc: denied { write } for name="traced_producer" dev="tmpfs" ino=24345 scontext=u:r:gmscore_app:s0:c512,c768 tcontext=u:object_r:traced_producer_socket:s0 tclass=sock_file permissive=0 app=com.google.android.gms
07-04 09:33:13.488  1052  2134 E CamX    : [ERROR][NCS    ] camxncsservice.cpp:680 EnqueueJob() Can not enqueue jobs when thread is stopped
07-04 09:33:13.488  1052  2134 W CamX    : [ WARN][NCS    ] camxncsintfqsee.cpp:2701 FillSensorData() Buffer queue for sensor 7 has been freed: bufh=0x0, bufsize=1248, stride=4
07-04 09:33:13.662  2071  2731 D MiuiNetworkPolicy: updateLimit mLimitEnabled=false,enabled=true,mNetworkPriorityMode=0,mThermalForceMode=0
07-04 09:33:13.662  2071  2731 I MiuiNetworkPolicy: getEnableLimitTimeout when thermal mode is:0
07-04 09:33:13.688  1052  2134 E CamX    : [ERROR][NCS    ] camxncsservice.cpp:680 EnqueueJob() Can not enqueue jobs when thread is stopped
07-04 09:33:13.688  1052  2134 W CamX    : [ WARN][NCS    ] camxncsintfqsee.cpp:2701 FillSensorData() Buffer queue for sensor 7 has been freed: bufh=0x0, bufsize=1248, stride=4
07-04 09:33:13.888  1052  2134 E CamX    : [ERROR][NCS    ] camxncsservice.cpp:680 EnqueueJob() Can not enqueue jobs when thread is stopped
07-04 09:33:13.888  1052  2134 W CamX    : [ WARN][NCS    ] camxncsintfqsee.cpp:2701 FillSensorData() Buffer queue for sensor 7 has been freed: bufh=0x0, bufsize=1248, stride=4
07-04 09:33:14.088  1052  2134 E CamX    : [ERROR][NCS    ] camxncsservice.cpp:680 EnqueueJob() Can not enqueue jobs when thread is stopped
07-04 09:33:14.089  1052  2134 W CamX    : [ WARN][NCS    ] camxncsintfqsee.cpp:2701 FillSensorData() Buffer queue for sensor 7 has been freed: bufh=0x0, bufsize=1248, stride=4
07-04 09:33:14.289  1052  2134 E CamX    : [ERROR][NCS    ] camxncsservice.cpp:680 EnqueueJob() Can not enqueue jobs when thread is stopped
07-04 09:33:14.289  1052  2134 W CamX    : [ WARN][NCS    ] camxncsintfqsee.cpp:2701 FillSensorData() Buffer queue for sensor 7 has been freed: bufh=0x0, bufsize=1248, stride=4
07-04 09:33:14.488  1052  2134 E CamX    : [ERROR][NCS    ] camxncsservice.cpp:680 EnqueueJob() Can not enqueue jobs when thread is stopped
07-04 09:33:14.489  1052  2134 W CamX    : [ WARN][NCS    ] camxncsintfqsee.cpp:2701 FillSensorData() Buffer queue for sensor 7 has been freed: bufh=0x0, bufsize=1248, stride=4
07-04 09:33:14.526  3524   659 I NearbyMediums: No BLE Fast/GATT advertisements found in the latest cycle.
07-04 09:33:14.689  1052  2134 E CamX    : [ERROR][NCS    ] camxncsservice.cpp:680 EnqueueJob() Can not enqueue jobs when thread is stopped
07-04 09:33:14.689  1052  2134 W CamX    : [ WARN][NCS    ] camxncsintfqsee.cpp:2701 FillSensorData() Buffer queue for sensor 7 has been freed: bufh=0x0, bufsize=1248, stride=4
07-04 09:33:14.888  1052  2134 E CamX    : [ERROR][NCS    ] camxncsservice.cpp:680 EnqueueJob() Can not enqueue jobs when thread is stopped
07-04 09:33:14.888  1052  2134 W CamX    : [ WARN][NCS    ] camxncsintfqsee.cpp:2701 FillSensorData() Buffer queue for sensor 7 has been freed: bufh=0x0, bufsize=1248, stride=4
07-04 09:33:15.020  2071  2943 I SmartPower.com.whatsapp/10288(9504): background->idle(3004ms) R(broadcast start Intent { act=android.intent.action.BATTERY_CHANGED flg=0x60000010 (has extras) }) adj=701.
07-04 09:33:15.020  2071  2943 I SmartPower.com.google.android.googlequicksearchbox:interactor/10163(4930): background->idle(3003ms) R(broadcast start Intent { act=android.intent.action.BATTERY_CHANGED flg=0x60000010 (has extras) }) adj=100.
07-04 09:33:15.020  2071  2943 I SmartPower.com.digibites.accubattery/10320(14052): background->idle(3001ms) R(broadcast start Intent { act=android.intent.action.BATTERY_CHANGED flg=0x60000010 (has extras) }) adj=200.
07-04 09:33:15.021  2071  2943 I SmartPower.com.xiaomi.discover/10164(27904): background->idle(3000ms) R(broadcast start Intent { act=android.intent.action.BATTERY_CHANGED flg=0x60000010 (has extras) }) adj=915.
07-04 09:33:15.022  2071  2943 I SmartPower.com.tokopedia.tkpd/10290(31033): background->idle(3002ms) R(broadcast start Intent { act=android.intent.action.BATTERY_CHANGED flg=0x60000010 (has extras) }) adj=935.
07-04 09:33:15.023  2071  2943 I SmartPower.com.facebook.katana/10282(31244): background->idle(3002ms) R(broadcast start Intent { act=android.intent.action.BATTERY_CHANGED flg=0x60000010 (has extras) }) adj=915.
07-04 09:33:15.023  2071  2943 I SmartPower.com.google.android.apps.tachyon/10270(4448): background->idle(3002ms) R(broadcast start Intent { act=android.intent.action.BATTERY_CHANGED flg=0x60000010 (has extras) }) adj=935.
07-04 09:33:15.088  1052  2134 E CamX    : [ERROR][NCS    ] camxncsservice.cpp:680 EnqueueJob() Can not enqueue jobs when thread is stopped
07-04 09:33:15.088  1052  2134 W CamX    : [ WARN][NCS    ] camxncsintfqsee.cpp:2701 FillSensorData() Buffer queue for sensor 7 has been freed: bufh=0x0, bufsize=1248, stride=4
07-04 09:33:15.269  5951  5969 I incfs   : Initial API level of the device: 30
07-04 09:33:15.270  5951  5969 W libc    : Access denied finding property "ro.incremental.enable"
07-04 09:33:15.270  5951  5969 I incfs   : ro.incremental.enable: 
07-04 09:33:15.265  5951  5951 W         : type=1400 audit(0.0:215494): avc: denied { read } for name="u:object_r:incremental_prop:s0" dev="tmpfs" ino=13736 scontext=u:r:untrusted_app:s0:c73,c257,c512,c768 tcontext=u:object_r:incremental_prop:s0 tclass=file permissive=0 app=com.telkomsel.telkomselcm
07-04 09:33:15.270  5951  5969 I incfs   : IncFs_Features: v1
07-04 09:33:15.269  5951  5951 W         : type=1400 audit(0.0:215495): avc: denied { ioctl } for path="/data/app/~~sfAgZuoMDBFGk9adus_ePw==/com.discord-eIFpgWlUh2DmtemO9tDeXw==/base.apk" dev="incremental-fs" ino=439125 ioctlcmd=0x6722 scontext=u:r:untrusted_app:s0:c73,c257,c512,c768 tcontext=u:object_r:apk_data_file:s0 tclass=file permissive=0 app=com.telkomsel.telkomselcm
07-04 09:33:15.281  5951  5951 W         : type=1400 audit(0.0:215496): avc: denied { ioctl } for path="/data/app/~~sfAgZuoMDBFGk9adus_ePw==/com.discord-eIFpgWlUh2DmtemO9tDeXw==/split_config.en.apk" dev="incremental-fs" ino=468990 ioctlcmd=0x6722 scontext=u:r:untrusted_app:s0:c73,c257,c512,c768 tcontext=u:object_r:apk_data_file:s0 tclass=file permissive=0 app=com.telkomsel.telkomselcm
07-04 09:33:15.281  5951  5951 W         : type=1400 audit(0.0:215497): avc: denied { ioctl } for path="/data/app/~~sfAgZuoMDBFGk9adus_ePw==/com.discord-eIFpgWlUh2DmtemO9tDeXw==/split_config.in.apk" dev="incremental-fs" ino=496575 ioctlcmd=0x6722 scontext=u:r:untrusted_app:s0:c73,c257,c512,c768 tcontext=u:object_r:apk_data_file:s0 tclass=file permissive=0 app=com.telkomsel.telkomselcm
07-04 09:33:15.285  5951  5951 W         : type=1400 audit(0.0:215498): avc: denied { ioctl } for path="/data/app/~~sfAgZuoMDBFGk9adus_ePw==/com.discord-eIFpgWlUh2DmtemO9tDeXw==/split_config.ms.apk" dev="incremental-fs" ino=489587 ioctlcmd=0x6722 scontext=u:r:untrusted_app:s0:c73,c257,c512,c768 tcontext=u:object_r:apk_data_file:s0 tclass=file permissive=0 app=com.telkomsel.telkomselcm
07-04 09:33:15.293  5951  5951 W         : type=1400 audit(0.0:215499): avc: denied { ioctl } for path="/data/app/~~sfAgZuoMDBFGk9adus_ePw==/com.discord-eIFpgWlUh2DmtemO9tDeXw==/split_config.xxhdpi.apk" dev="incremental-fs" ino=23923 ioctlcmd=0x6722 scontext=u:r:untrusted_app:s0:c73,c257,c512,c768 tcontext=u:object_r:apk_data_file:s0 tclass=file permissive=0 app=com.telkomsel.telkomselcm
07-04 09:33:15.488  1052  2134 E CamX    : [ERROR][NCS    ] camxncsservice.cpp:680 EnqueueJob() Can not enqueue jobs when thread is stopped
07-04 09:33:15.489  1052  2134 W CamX    : [ WARN][NCS    ] camxncsintfqsee.cpp:2701 FillSensorData() Buffer queue for sensor 7 has been freed: bufh=0x0, bufsize=1248, stride=4
07-04 09:33:15.573  9504  9849 D WM-SystemJobScheduler: Scheduling work ID 04ef1759-26aa-40cc-aec4-419d6adc1ccbJob ID 84063
07-04 09:33:15.580  2071  2731 I MiuiNetworkPolicy: updateUidState uid = 10288, uidState = 8
07-04 09:33:15.580  4930  4966 I ezue    : (REDACTED) appOpsListener %s %s
07-04 09:33:15.581  4930  4966 I ezue    : (REDACTED) Ignoring irrelevant audio permission changes for package %s
07-04 09:33:15.583  2071  3709 W ProcessStats: Tracking association SourceState{fc0ecf9 com.miui.securitycenter:ui/1000 BTopFgs #298537} whose proc state 2 is better than process ProcessState{949221d com.miui.securitycenter.remote/1000 pkg=com.miui.securitycenter} proc state 3 (390 skipped)
07-04 09:33:15.584  2071  3709 D CompatibilityInfo: mCompatibilityFlags - 0
07-04 09:33:15.584  2071  3709 D CompatibilityInfo: applicationDensity - 440
07-04 09:33:15.584  2071  3709 D CompatibilityInfo: applicationScale - 1.0
07-04 09:33:15.600  9504  9504 D WM-SystemJobService: onStartJob for WorkGenerationalId(workSpecId=04ef1759-26aa-40cc-aec4-419d6adc1ccb, generation=0)
07-04 09:33:15.601  9504  9849 D WM-GreedyScheduler: Starting tracking for 04ef1759-26aa-40cc-aec4-419d6adc1ccb
07-04 09:33:15.603  9504  9849 D WM-Processor: DjA: processing WorkGenerationalId(workSpecId=04ef1759-26aa-40cc-aec4-419d6adc1ccb, generation=0)
07-04 09:33:15.626  9504  9504 D WM-WorkerWrapper: Starting work for com.whatsapp.messaging.xmpp.XmppLifecycleWorker
07-04 09:33:15.628  9504  9850 D WM-ConstraintTracker: Diy: initial state = NetworkState(isConnected=true, isValidated=true, isMetered=false, isNotRoaming=true)
07-04 09:33:15.628  9504  9850 D WM-NetworkStateTracker: Registering network callback
07-04 09:33:15.635  2071  2771 D ConnectivityService: requestNetwork for uid/pid:10288/9504 activeRequest: null callbackRequest: 12587 [NetworkRequest [ REQUEST id=12588, [ Capabilities: INTERNET&NOT_RESTRICTED&TRUSTED&NOT_VCN_MANAGED Uid: 10288 RequestorUid: 10288 RequestorPkg: com.whatsapp UnderlyingNetworks: Null] ]] callback flags: 0 order: 2147483647 isUidTracked: false declaredMethods: ALL
07-04 09:33:15.640  9504  9850 D WM-GreedyScheduler: Constraints met: Scheduling work ID WorkGenerationalId(workSpecId=04ef1759-26aa-40cc-aec4-419d6adc1ccb, generation=0)
07-04 09:33:15.641  9504  9850 D WM-Processor: Work WorkGenerationalId(workSpecId=04ef1759-26aa-40cc-aec4-419d6adc1ccb, generation=0) is already enqueued for processing
07-04 09:33:15.645  9504 10038 D WM-NetworkStateTracker: Network capabilities changed: [ Transports: WIFI Capabilities: NOT_METERED&INTERNET&NOT_RESTRICTED&TRUSTED&NOT_VPN&VALIDATED&NOT_ROAMING&FOREGROUND&NOT_CONGESTED&NOT_SUSPENDED&NOT_VCN_MANAGED LinkUpBandwidth>=165879Kbps LinkDnBandwidth>=54733Kbps TransportInfo: <SSID: <unknown ssid>, BSSID: 02:00:00:00:00:00, MAC: 02:00:00:00:00:00, IP: /192.168.0.101, Security type: 4, Supplicant state: COMPLETED, Wi-Fi standard: 5, RSSI: -53, Link speed: 866Mbps, Tx Link speed: 866Mbps, Max Supported Tx Link speed: 866Mbps, Rx Link speed: 866Mbps, Max Supported Rx Link speed: 866Mbps, Frequency: 5765MHz, Net ID: -1, Metered hint: false, score: 60, isUsable: true, CarrierMerged: false, SubscriptionId: -1, IsPrimary: -1, Trusted: true, Restricted: false, Ephemeral: false, OEM paid: false, OEM private: false, OSU AP: false, FQDN: <none>, Provider friendly name: <none>, Requesting package name: <none><none>MLO Information: , AP MLD Address: <none>, AP MLO Link Id: <none>, AP MLO Affiliated links: <none>> SignalStrength: -53 UnderlyingNetworks: Null]
07-04 09:33:15.647  2071  2735 D WifiNetworkFactory: got request NetworkRequest [ REQUEST id=12588, [ Capabilities: INTERNET&NOT_RESTRICTED&TRUSTED&NOT_VCN_MANAGED Uid: 10288 RequestorUid: 10288 RequestorPkg: com.whatsapp UnderlyingNetworks: Null] ]
07-04 09:33:15.650  2071  2735 D UntrustedWifiNetworkFactory: got request NetworkRequest [ REQUEST id=12588, [ Capabilities: INTERNET&NOT_RESTRICTED&TRUSTED&NOT_VCN_MANAGED Uid: 10288 RequestorUid: 10288 RequestorPkg: com.whatsapp UnderlyingNetworks: Null] ]
07-04 09:33:15.654  2071  2735 D OemPaidWifiNetworkFactory: got request NetworkRequest [ REQUEST id=12588, [ Capabilities: INTERNET&NOT_RESTRICTED&TRUSTED&NOT_VCN_MANAGED Uid: 10288 RequestorUid: 10288 RequestorPkg: com.whatsapp UnderlyingNetworks: Null] ]
07-04 09:33:15.654  2071  2735 D MultiInternetWifiNetworkFactory: got request NetworkRequest [ REQUEST id=12588, [ Capabilities: INTERNET&NOT_RESTRICTED&TRUSTED&NOT_VCN_MANAGED Uid: 10288 RequestorUid: 10288 RequestorPkg: com.whatsapp UnderlyingNetworks: Null] ]
07-04 09:33:15.654  2071  2762 D ConnectivityService: NetReassign [12588 : null → 126] [c 5] [a 4] [i 10]
07-04 09:33:15.688  1052  2134 E CamX    : [ERROR][NCS    ] camxncsservice.cpp:680 EnqueueJob() Can not enqueue jobs when thread is stopped
07-04 09:33:15.688  1052  2134 W CamX    : [ WARN][NCS    ] camxncsintfqsee.cpp:2701 FillSensorData() Buffer queue for sensor 7 has been freed: bufh=0x0, bufsize=1248, stride=4
07-04 09:33:15.885  3297  3712 D MI_RIL_OEM_HOOK(com.android.phone): onPkHookCommonMsg, msg_id = 65
07-04 09:33:15.885  3297  3712 D MI_RIL_OEM_HOOK(com.android.phone): onGetHookMsgBytes, HOOK_HEAD_SIZE = 16, msg_len = 4
07-04 09:33:15.885  3297  3712 D MI_RIL_OEM_HOOK(com.android.phone): onHookSendSync, phoneId = 0
07-04 09:33:15.886  3243  3243 D QcrilMsgTunnelIfaceManager: handleMessage what = 1
07-04 09:33:15.886  3243  3243 I QcrilOemhookMsgTunnel: [0]invokeOemRilRequestRaw: serial=19310 length=36
07-04 09:33:15.888  1052  2134 E CamX    : [ERROR][NCS    ] camxncsservice.cpp:680 EnqueueJob() Can not enqueue jobs when thread is stopped
07-04 09:33:15.888  1052  2134 W CamX    : [ WARN][NCS    ] camxncsintfqsee.cpp:2701 FillSensorData() Buffer queue for sensor 7 has been freed: bufh=0x0, bufsize=1248, stride=4
07-04 09:33:15.926  1854  1854 D XIAOMI_QCRIL: RIL[lib][xiaomi_extend_nvefs.c:52] xiaomi_qmi_result_map: xiaomi_qmi_result_map, old_result 0, new_result 0
07-04 09:33:15.927  3243  3470 I QcrilOemhookMsgTunnel: [0]processOemHookResponse serial no: 19310 error: 0length=16
07-04 09:33:15.928  3243  3243 D QcrilMsgTunnelIfaceManager: handleMessage what = 2
07-04 09:33:15.928  3297  3712 D QC_RIL_OEM_HOOK: sendOemRilRequestRaw returns value = 16
07-04 09:33:15.929  3297  3712 D MI_RIL_OEM_HOOK(com.android.phone): sendQcRilHookMsgSync, requestId = 524970, phoneId = 0, ar = org.codeaurora.telephony.utils.AsyncResult@a2d5ba
07-04 09:33:15.929  3297  3712 D ModemSarController_8250: type = 65, len = 4, value = 0
07-04 09:33:15.948  1052  2134 E CamX    : [ERROR][NCS    ] camxncsservice.cpp:680 EnqueueJob() Can not enqueue jobs when thread is stopped
07-04 09:33:15.949  1052  2134 W CamX    : [ WARN][NCS    ] camxncsintfqsee.cpp:2701 FillSensorData() Buffer queue for sensor 7 has been freed: bufh=0x0, bufsize=1248, stride=4
07-04 09:33:16.188  1052  2134 E CamX    : [ERROR][NCS    ] camxncsservice.cpp:680 EnqueueJob() Can not enqueue jobs when thread is stopped
07-04 09:33:16.188  1052  2134 W CamX    : [ WARN][NCS    ] camxncsintfqsee.cpp:2701 FillSensorData() Buffer queue for sensor 7 has been freed: bufh=0x0, bufsize=1248, stride=4
07-04 09:33:16.388  1052  2134 E CamX    : [ERROR][NCS    ] camxncsservice.cpp:680 EnqueueJob() Can not enqueue jobs when thread is stopped
07-04 09:33:16.388  1052  2134 W CamX    : [ WARN][NCS    ] camxncsintfqsee.cpp:2701 FillSensorData() Buffer queue for sensor 7 has been freed: bufh=0x0, bufsize=1248, stride=4
07-04 09:33:16.589  1052  2134 E CamX    : [ERROR][NCS    ] camxncsservice.cpp:680 EnqueueJob() Can not enqueue jobs when thread is stopped
07-04 09:33:16.589  1052  2134 W CamX    : [ WARN][NCS    ] camxncsintfqsee.cpp:2701 FillSensorData() Buffer queue for sensor 7 has been freed: bufh=0x0, bufsize=1248, stride=4
07-04 09:33:16.672  1052  2134 E CamX    : [ERROR][NCS    ] camxncsservice.cpp:680 EnqueueJob() Can not enqueue jobs when thread is stopped
07-04 09:33:16.672  1052  2134 W CamX    : [ WARN][NCS    ] camxncsintfqsee.cpp:2701 FillSensorData() Buffer queue for sensor 7 has been freed: bufh=0x0, bufsize=1248, stride=4
07-04 09:33:16.692  1052  2134 E CamX    : [ERROR][NCS    ] camxncsservice.cpp:680 EnqueueJob() Can not enqueue jobs when thread is stopped
07-04 09:33:16.692  1052  2134 W CamX    : [ WARN][NCS    ] camxncsintfqsee.cpp:2701 FillSensorData() Buffer queue for sensor 7 has been freed: bufh=0x0, bufsize=1248, stride=4
07-04 09:33:16.711  1052  2134 E CamX    : [ERROR][NCS    ] camxncsservice.cpp:680 EnqueueJob() Can not enqueue jobs when thread is stopped
07-04 09:33:16.711  1052  2134 W CamX    : [ WARN][NCS    ] camxncsintfqsee.cpp:2701 FillSensorData() Buffer queue for sensor 7 has been freed: bufh=0x0, bufsize=1248, stride=4
07-04 09:33:16.988  1052  2134 E CamX    : [ERROR][NCS    ] camxncsservice.cpp:680 EnqueueJob() Can not enqueue jobs when thread is stopped
07-04 09:33:16.988  1052  2134 W CamX    : [ WARN][NCS    ] camxncsintfqsee.cpp:2701 FillSensorData() Buffer queue for sensor 7 has been freed: bufh=0x0, bufsize=1248, stride=4
07-04 09:33:17.188  1052  2134 E CamX    : [ERROR][NCS    ] camxncsservice.cpp:680 EnqueueJob() Can not enqueue jobs when thread is stopped
07-04 09:33:17.188  1052  2134 W CamX    : [ WARN][NCS    ] camxncsintfqsee.cpp:2701 FillSensorData() Buffer queue for sensor 7 has been freed: bufh=0x0, bufsize=1248, stride=4
07-04 09:33:17.389  1052  2134 E CamX    : [ERROR][NCS    ] camxncsservice.cpp:680 EnqueueJob() Can not enqueue jobs when thread is stopped
07-04 09:33:17.389  1052  2134 W CamX    : [ WARN][NCS    ] camxncsintfqsee.cpp:2701 FillSensorData() Buffer queue for sensor 7 has been freed: bufh=0x0, bufsize=1248, stride=4
07-04 09:33:17.452  1618  1888 I BtGatt.ScanManager: msg.what = MSG_CHECK_SCAN_STATUS, msg.arg1 = CHECK_BACKGROUND_TIMEOUT
07-04 09:33:17.502   732  6087 I keystore2: keystore2::watchdog: Watchdog thread idle -> terminating. Have a great day.
07-04 09:33:17.588  1052  2134 E CamX    : [ERROR][NCS    ] camxncsservice.cpp:680 EnqueueJob() Can not enqueue jobs when thread is stopped
07-04 09:33:17.588  1052  2134 W CamX    : [ WARN][NCS    ] camxncsintfqsee.cpp:2701 FillSensorData() Buffer queue for sensor 7 has been freed: bufh=0x0, bufsize=1248, stride=4
07-04 09:33:17.794  1052  2134 E CamX    : [ERROR][NCS    ] camxncsservice.cpp:680 EnqueueJob() Can not enqueue jobs when thread is stopped
07-04 09:33:17.794  1052  2134 W CamX    : [ WARN][NCS    ] camxncsintfqsee.cpp:2701 FillSensorData() Buffer queue for sensor 7 has been freed: bufh=0x0, bufsize=1248, stride=4
07-04 09:33:17.954  1052  2134 E CamX    : [ERROR][NCS    ] camxncsservice.cpp:680 EnqueueJob() Can not enqueue jobs when thread is stopped
07-04 09:33:17.954  1052  2134 W CamX    : [ WARN][NCS    ] camxncsintfqsee.cpp:2701 FillSensorData() Buffer queue for sensor 7 has been freed: bufh=0x0, bufsize=1248, stride=4
07-04 09:33:18.188  1052  2134 E CamX    : [ERROR][NCS    ] camxncsservice.cpp:680 EnqueueJob() Can not enqueue jobs when thread is stopped
07-04 09:33:18.188  1052  2134 W CamX    : [ WARN][NCS    ] camxncsintfqsee.cpp:2701 FillSensorData() Buffer queue for sensor 7 has been freed: bufh=0x0, bufsize=1248, stride=4
07-04 09:33:18.388  1052  2134 E CamX    : [ERROR][NCS    ] camxncsservice.cpp:680 EnqueueJob() Can not enqueue jobs when thread is stopped
07-04 09:33:18.388  1052  2134 W CamX    : [ WARN][NCS    ] camxncsintfqsee.cpp:2701 FillSensorData() Buffer queue for sensor 7 has been freed: bufh=0x0, bufsize=1248, stride=4
07-04 09:33:18.588  1052  2134 E CamX    : [ERROR][NCS    ] camxncsservice.cpp:680 EnqueueJob() Can not enqueue jobs when thread is stopped
07-04 09:33:18.588  1052  2134 W CamX    : [ WARN][NCS    ] camxncsintfqsee.cpp:2701 FillSensorData() Buffer queue for sensor 7 has been freed: bufh=0x0, bufsize=1248, stride=4
07-04 09:33:18.661  5951  5951 W         : type=1400 audit(0.0:215500): avc: denied { ioctl } for path="/data/app/~~coPjPgmEUkjO1GyVWx-VYA==/com.jamworks.dynamicspot-ujxDBLf8VVAWwwXayNA4vw==/base.apk" dev="incremental-fs" ino=448853 ioctlcmd=0x6722 scontext=u:r:untrusted_app:s0:c73,c257,c512,c768 tcontext=u:object_r:apk_data_file:s0 tclass=file permissive=0 app=com.telkomsel.telkomselcm
07-04 09:33:18.673  5951  5951 W         : type=1400 audit(0.0:215501): avc: denied { ioctl } for path="/data/app/~~coPjPgmEUkjO1GyVWx-VYA==/com.jamworks.dynamicspot-ujxDBLf8VVAWwwXayNA4vw==/split_config.xxhdpi.apk" dev="incremental-fs" ino=435724 ioctlcmd=0x6722 scontext=u:r:untrusted_app:s0:c73,c257,c512,c768 tcontext=u:object_r:apk_data_file:s0 tclass=file permissive=0 app=com.telkomsel.telkomselcm
07-04 09:33:18.767  2071  2731 I MiuiNetworkPolicy: updateUidState uid = 10085, uidState = 15
07-04 09:33:18.788  1052  2134 E CamX    : [ERROR][NCS    ] camxncsservice.cpp:680 EnqueueJob() Can not enqueue jobs when thread is stopped
07-04 09:33:18.788  1052  2134 W CamX    : [ WARN][NCS    ] camxncsintfqsee.cpp:2701 FillSensorData() Buffer queue for sensor 7 has been freed: bufh=0x0, bufsize=1248, stride=4
07-04 09:33:18.871  2071  2731 I MiuiNetworkPolicy: updateUidState uid = 10196, uidState = 15
07-04 09:33:18.988  1052  2134 E CamX    : [ERROR][NCS    ] camxncsservice.cpp:680 EnqueueJob() Can not enqueue jobs when thread is stopped
07-04 09:33:18.988  1052  2134 W CamX    : [ WARN][NCS    ] camxncsintfqsee.cpp:2701 FillSensorData() Buffer queue for sensor 7 has been freed: bufh=0x0, bufsize=1248, stride=4
07-04 09:33:19.588  1052  2134 E CamX    : [ERROR][NCS    ] camxncsservice.cpp:680 EnqueueJob() Can not enqueue jobs when thread is stopped
07-04 09:33:19.588  1052  2134 W CamX    : [ WARN][NCS    ] camxncsintfqsee.cpp:2701 FillSensorData() Buffer queue for sensor 7 has been freed: bufh=0x0, bufsize=1248, stride=4
07-04 09:33:19.788  1052  2134 E CamX    : [ERROR][NCS    ] camxncsservice.cpp:680 EnqueueJob() Can not enqueue jobs when thread is stopped
07-04 09:33:19.788  1052  2134 W CamX    : [ WARN][NCS    ] camxncsintfqsee.cpp:2701 FillSensorData() Buffer queue for sensor 7 has been freed: bufh=0x0, bufsize=1248, stride=4
07-04 09:33:19.988  1052  2134 E CamX    : [ERROR][NCS    ] camxncsservice.cpp:680 EnqueueJob() Can not enqueue jobs when thread is stopped
07-04 09:33:19.988  1052  2134 W CamX    : [ WARN][NCS    ] camxncsintfqsee.cpp:2701 FillSensorData() Buffer queue for sensor 7 has been freed: bufh=0x0, bufsize=1248, stride=4
07-04 09:33:20.024  2071  3235 D ProcessMemoryCleaner: Compact memory: com.whatsapp/10288(9504) state=hibernation adj=225 pri=11 usage=5 isKilled=false pss:288206 swap:226396
07-04 09:33:20.029  2071  2938 I MiuiMemoryService: Skipping compaction for process 9504, anon RSS is too small 0 KB
07-04 09:33:20.084  1052  2134 E CamX    : [ERROR][NCS    ] camxncsservice.cpp:680 EnqueueJob() Can not enqueue jobs when thread is stopped
07-04 09:33:20.084  1052  2134 W CamX    : [ WARN][NCS    ] camxncsintfqsee.cpp:2701 FillSensorData() Buffer queue for sensor 7 has been freed: bufh=0x0, bufsize=1248, stride=4
07-04 09:33:20.099  1052  2134 E CamX    : [ERROR][NCS    ] camxncsservice.cpp:680 EnqueueJob() Can not enqueue jobs when thread is stopped
07-04 09:33:20.099  1052  2134 W CamX    : [ WARN][NCS    ] camxncsintfqsee.cpp:2701 FillSensorData() Buffer queue for sensor 7 has been freed: bufh=0x0, bufsize=1248, stride=4
07-04 09:33:20.124  1052  2134 E CamX    : [ERROR][NCS    ] camxncsservice.cpp:680 EnqueueJob() Can not enqueue jobs when thread is stopped
07-04 09:33:20.125  1052  2134 W CamX    : [ WARN][NCS    ] camxncsintfqsee.cpp:2701 FillSensorData() Buffer queue for sensor 7 has been freed: bufh=0x0, bufsize=1248, stride=4
07-04 09:33:20.153  3254  3254 D QtiCarrierConfigHelper: WARNING, no carrier configs on phone Id: 0
07-04 09:33:20.153  6915  6915 I PowerSaveService: onReceive: android.intent.action.BATTERY_CHANGED
07-04 09:33:20.154  6915  6915 I PowerNoticeUI: handleBatteryChanged oldPlugType 1 mPlugType 1 oldBatteryLevel 100 mBatteryLevel 100 temperature 342
07-04 09:33:20.154  6915  6915 I ChargerBatteryIntelligenceReceiver: onBatteryChanged temperature：34,plugType:1
07-04 09:33:20.154  6915  6915 I PowerFeatureUtils: getVendorName:qcom
07-04 09:33:20.155  3297  3297 D DynamicService_WifiBt:  ACTION_BATTERY_CHANGED change,USB plug = 1
07-04 09:33:20.155  2071  2071 D UiModeManager: updateConfigurationLocked: mDockState=0; mCarMode=false; mCar=false; mPowerSave=false; mComputedNightMode=true; mNightMode=2; uiMode=33
