07-04 09:54:53.941  3359  3731 D AppObserver: ForegroundInfo{mForegroundPackageName='com.growME', mForegroundUid=10439, mForegroundPid=18446, mLastForegroundPackageName='com.mi.android.globallauncher', mLastForegroundUid=10149, mLastForegroundPid=3359, mMultiWindowForegroundPackageName='com.growME', mMultiWindowForegroundUid=10439, mFlags=1}
07-04 09:54:53.942  3359  3909 E ActivityManagerWrapper: getRecentTasks: mainTaskId=5164   userId=0   baseIntent=Intent { act=android.intent.action.MAIN flag=271581184 cmp=ComponentInfo{com.whatsapp/com.whatsapp.Main} }
07-04 09:54:53.942  3359  3909 E ActivityManagerWrapper: getRecentTasks: mainTaskId=5215   userId=0   baseIntent=Intent { act=android.intent.action.MAIN flag=270532608 cmp=ComponentInfo{com.spotify.music/com.spotify.music.MainActivity} }
07-04 09:54:53.942  3359  3909 E ActivityManagerWrapper: getRecentTasks: mainTaskId=5212   userId=0   baseIntent=Intent { act=android.intent.action.MAIN flag=270532608 cmp=ComponentInfo{com.xiaomi.wearable/com.xiaomi.fitness.login.SplashActivity} }
07-04 09:54:53.942  3359  3909 E ActivityManagerWrapper: getRecentTasks: mainTaskId=5207   userId=0   baseIntent=Intent { act=android.intent.action.MAIN flag=270532608 cmp=ComponentInfo{com.mi.earphone/com.xiaomi.fitness.login.SplashActivity} }
07-04 09:54:53.943  2071  6128 I SmartPower.com.xiaomi.discover/10164(18452): died->background(668381ms) R(process start ) adj=-10000.
07-04 09:54:53.946  2071  6128 D CompatibilityInfo: mCompatibilityFlags - 0
07-04 09:54:53.947 10439 10476 W OpenGLRenderer: Surface doesn't have any previously queued frames, nothing to readback from
07-04 09:54:53.947  2071  6128 D CompatibilityInfo: applicationDensity - 440
07-04 09:54:53.947  2071  6128 D CompatibilityInfo: applicationScale - 1.0
07-04 09:54:53.947  6915 11900 I GameBoosterService: onForegroundInfoChanged: Cur=com.growME	 last=com.mi.android.globallauncher
07-04 09:54:53.947  2071  2887 D NetworkSDKService: handleMultiAppsDualWifi isSet = false isEverOpened = false
07-04 09:54:53.950  2071  6128 D CompatibilityInfo: mCompatibilityFlags - 0
07-04 09:54:53.950  2071  6128 D CompatibilityInfo: applicationDensity - 440
07-04 09:54:53.950  2071  6128 D CompatibilityInfo: applicationScale - 1.0
07-04 09:54:53.955  1776 10487 I OMX-VDEC-1080P: set_frame_rate: the current time is 95453
07-04 09:54:53.955 18452 18452 D CompatibilityChangeReporter: Compat change id reported: 171979766; UID 10164; state: ENABLED
07-04 09:54:53.956 10439 10476 W OpenGLRenderer: Surface doesn't have any previously queued frames, nothing to readback from
07-04 09:54:53.957  2071  2071 D CompatibilityChangeReporter: Compat change id reported: 135634846; UID 10271; state: DISABLED
07-04 09:54:53.957  2071  2071 D CompatibilityChangeReporter: Compat change id reported: 177438394; UID 10271; state: DISABLED
07-04 09:54:53.957  2071  2071 D CompatibilityChangeReporter: Compat change id reported: 135772972; UID 10271; state: DISABLED
07-04 09:54:53.958  2071  2071 D CompatibilityChangeReporter: Compat change id reported: 135754954; UID 10271; state: ENABLED
07-04 09:54:53.958 13842 13867 I ProcessMonitor: onForegroundInfoChanged: ForegroundInfo{mForegroundPackageName='com.growME', mForegroundUid=10439, mForegroundPid=18446, mLastForegroundPackageName='com.mi.android.globallauncher', mLastForegroundUid=10149, mLastForegroundPid=3359, mMultiWindowForegroundPackageName='com.growME', mMultiWindowForegroundUid=10439, mFlags=1}
07-04 09:54:53.958  2071  2150 D CompatibilityChangeReporter: Compat change id reported: 143937733; UID 10271; state: ENABLED
07-04 09:54:53.963  2071  2103 D Aurogon :  uid = 10439 switch to FG
07-04 09:54:53.963  2071  2731 I MiuiNetworkPolicy: updateUidState uid = 10164, uidState = 11
07-04 09:54:53.964 10439 10476 W OpenGLRenderer: Surface doesn't have any previously queued frames, nothing to readback from
07-04 09:54:53.966  7300 11051 D PMonitor:  onForegroundActivitiesChanged:pid = 18446,activity-uid=10439,foregroundActivities=true
07-04 09:54:53.968  2071  2731 I MiuiNetworkPolicy: updateUidState uid = 10314, uidState = 8
07-04 09:54:53.970  1618  2232 D A2dpLatencyMode: onForegroundActivitiesChanged, pid: 18446 uid: 10439 foregroundActivities: true
07-04 09:54:53.972  2071  2887 D CameraBlackCoveredManager: mForegroundPackage = com.growME mOccupiedPackage = com.whatsapp
07-04 09:54:53.972  7696  8498 D PerfEngineController: ForegroundInfo{mForegroundPackageName='com.growME', mForegroundUid=10439, mForegroundPid=18446, mLastForegroundPackageName='com.mi.android.globallauncher', mLastForegroundUid=10149, mLastForegroundPid=3359, mMultiWindowForegroundPackageName='com.growME', mMultiWindowForegroundUid=10439, mFlags=1}
07-04 09:54:53.973 10439 10476 W OpenGLRenderer: Surface doesn't have any previously queued frames, nothing to readback from
07-04 09:54:53.974   904   904 D Zygote  : Forked child process 18477
07-04 09:54:53.976  2071  2150 D Boost   : hostingType=service, hostingName={com.google.android.apps.photos/com.google.android.libraries.social.mediamonitor.MediaMonitorJobSchedulerService}, callerPackage=android, isSystem=true, isBoostNeeded=false.
07-04 09:54:53.976  1618  2078 D A2dpLatencyMode: ForegroundInfo{mForegroundPackageName='com.growME', mForegroundUid=10439, mForegroundPid=18446, mLastForegroundPackageName='com.mi.android.globallauncher', mLastForegroundUid=10149, mLastForegroundPid=3359, mMultiWindowForegroundPackageName='com.growME', mMultiWindowForegroundUid=10439, mFlags=1}
07-04 09:54:53.976  6915  9147 D v1      : myUserId = 0	currentUserId0
07-04 09:54:53.977 10439 10476 W OpenGLRenderer: Surface doesn't have any previously queued frames, nothing to readback from
07-04 09:54:53.978  2071  2071 I SmartPower.org.zwanoo.android.speedtest/10314(15331): idle->background(291867ms) R(service create org.zwanoo.android.speedtest/com.google.android.datatransport.runtime.scheduling.jobscheduling.JobInfoSchedulerService) adj=0.
07-04 09:54:53.979  2071  2071 D CompatibilityInfo: mCompatibilityFlags - 0
07-04 09:54:53.979  2071  2071 D CompatibilityInfo: applicationDensity - 440
07-04 09:54:53.979  2071  2071 D CompatibilityInfo: applicationScale - 1.0
07-04 09:54:53.979  3359  8190 W FloatingIconLayer: release
07-04 09:54:53.981 18446 18462 D AppScoutStateMachine: 18446-ScoutStateMachinecreated
07-04 09:54:53.982  1120  1120 D MI-SF   : [FpsStat] distroy...
07-04 09:54:53.984 10439 10476 W OpenGLRenderer: Surface doesn't have any previously queued frames, nothing to readback from
07-04 09:54:53.988  2071  2150 I ActivityManager: Start proc 18477:com.google.android.apps.photos/u0a271 for service {com.google.android.apps.photos/com.google.android.libraries.social.mediamonitor.MediaMonitorJobSchedulerService} caller=android
07-04 09:54:53.991  6915 11900 D GameBoosterService: onGameStatusChange foreground:ForegroundInfo{mForegroundPackageName='com.growME', mForegroundUid=10439, mForegroundPid=18446, mLastForegroundPackageName='com.mi.android.globallauncher', mLastForegroundUid=10149, mLastForegroundPid=3359, mMultiWindowForegroundPackageName='com.growME', mMultiWindowForegroundUid=10439, mFlags=1}
07-04 09:54:53.991  6915 11900 I VideoBoxUtils: isSupportVideoBox: true
07-04 09:54:53.992  6915 11900 I VideoToolBoxService: splitMode: onfalse
07-04 09:54:53.992  1776 10487 I OMX-VDEC-1080P: set_frame_rate: the current time is 95453
07-04 09:54:53.993 10439 10476 W OpenGLRenderer: Surface doesn't have any previously queued frames, nothing to readback from
07-04 09:54:53.994  4240  4240 D TouchAssistant: getPackageNameFromPid packageName:com.growME
07-04 09:54:53.994  4240  4240 D TouchAssistant: onTopAppChanged packageName:com.growME
07-04 09:54:53.994  4240  4240 D TouchAssistant: onTopAppChanged show
07-04 09:54:53.994  6915 11900 D FreeformUtil: retrieveFirstNoFreeformRootTaskInfo: windowMode = 1
07-04 09:54:53.994  6915 11900 I VideoToolBoxService: not support vtb. skipExit : false
07-04 09:54:53.994  6915 11900 D GlobalDock-MonitorService: onForegroundInfoChanged: appUserId=0	myUserId=0	foregroundInfo = ForegroundInfo{mForegroundPackageName='com.growME', mForegroundUid=10439, mForegroundPid=18446, mLastForegroundPackageName='com.mi.android.globallauncher', mLastForegroundUid=10149, mLastForegroundPid=3359, mMultiWindowForegroundPackageName='com.growME', mMultiWindowForegroundUid=10439, mFlags=1}
07-04 09:54:53.994  6915 11900 I BeautyService: onForegroundInfoChanged: Cur=com.growME	 last=com.mi.android.globallauncher
07-04 09:54:53.995  6915  7433 D v1      : myUserId = 0	currentUserId0
07-04 09:54:53.995  6915  7433 I GlobalDock-MonitorService: onDockSwitchChange : isDeviceProvisioned = true dockSwitch = true	 forceMode = false	 batteryMode = false	 dockShow = true	currentUser = true	 isBound = true
07-04 09:54:53.995  6915  7433 D v1      : myUserId = 0	currentUserId0
07-04 09:54:53.996  6915  7433 I GlobalDock-MonitorService: onDockSwitchChange: mGameWindowBinder = com.miui.gamebooster.service.IGameBoosterWindow$Stub$a@8c7e275
07-04 09:54:53.998  1120  1120 D MI-SF   : [FpsStat] distroy...
07-04 09:54:54.000 10439 10476 W OpenGLRenderer: Surface doesn't have any previously queued frames, nothing to readback from
07-04 09:54:54.002  2071  2145 D IntervalStats: Unable to parse usage stats packages: [440, 497]
07-04 09:54:54.003  4240  4240 D TouchAssistant: AssistantWindowHelper isWeltHidden
07-04 09:54:54.003  4240  4240 D TouchAssistant: AssistantWindowHelper forceSlideAway()
07-04 09:54:54.003  4240  4240 D TouchAssistant: AssistantWindowHelper onAutoSlideAway() mIsAutoSliding: false, originSlideAway: true, mViewAdded: true
07-04 09:54:54.005  1079  1079 W /vendor/bin/hw/vendor.qti.hardware.perf@2.2-service: type=1400 audit(0.0:221368): avc: denied { search } for comm=41646170744C61756E636820566D name="2105" dev="proc" ino=21842569 scontext=u:r:vendor_hal_perf_default:s0 tcontext=u:r:system_server:s0 tclass=dir permissive=0
07-04 09:54:54.005  1079  1079 W /vendor/bin/hw/vendor.qti.hardware.perf@2.2-service: type=1400 audit(0.0:221369): avc: denied { search } for comm=41646170744C61756E636820566D name="2106" dev="proc" ino=21842570 scontext=u:r:vendor_hal_perf_default:s0 tcontext=u:r:system_server:s0 tclass=dir permissive=0
07-04 09:54:54.005  1079  1079 W /vendor/bin/hw/vendor.qti.hardware.perf@2.2-service: type=1400 audit(0.0:221370): avc: denied { search } for comm=41646170744C61756E636820566D name="2107" dev="proc" ino=21842571 scontext=u:r:vendor_hal_perf_default:s0 tcontext=u:r:system_server:s0 tclass=dir permissive=0
07-04 09:54:54.005  1079  1079 W /vendor/bin/hw/vendor.qti.hardware.perf@2.2-service: type=1400 audit(0.0:221371): avc: denied { search } for comm=41646170744C61756E636820566D name="2628" dev="proc" ino=21842572 scontext=u:r:vendor_hal_perf_default:s0 tcontext=u:r:system_server:s0 tclass=dir permissive=0
07-04 09:54:54.009  2071  2555 D CompatibilityChangeReporter: Compat change id reported: 218533173; UID 10439; state: ENABLED
07-04 09:54:54.010 10439 10476 W OpenGLRenderer: Surface doesn't have any previously queued frames, nothing to readback from
07-04 09:54:54.014 13636 13636 I DockWindowManagerService: enterDockMode: m=4	curM=DockWindowType{this=80663500, dockType=4, lastType=0}	cs=false	p=null	c=null	isStart=true
07-04 09:54:54.014 13636 13636 I DockWindowManagerService: onEnterSameDockMode
07-04 09:54:54.017 13636 13636 D DockWindowManager: updateSidebarWrapperAssistant, mDockWindowType = 4
07-04 09:54:54.018 10439 10476 W OpenGLRenderer: Surface doesn't have any previously queued frames, nothing to readback from
07-04 09:54:54.019  7699  7707 I GST     : forePkg: com.growME, preForePkg: com.mi.android.globallauncher
07-04 09:54:54.020 13636 13636 I RegionSamplingImageView: startRegionSampling
07-04 09:54:54.021  1776 10487 I OMX-VDEC-1080P: set_frame_rate: the current time is 95454
07-04 09:54:54.025 18446 18446 D nativeloader: Configuring clns-4 for other apk /data/app/~~-t5u8m13U_rnJCdt0h5Aww==/com.growME-6JpTeahm4I2XXUFm70F_NA==/base.apk. target_sdk_version=35, uses_libraries=, library_path=/data/app/~~-t5u8m13U_rnJCdt0h5Aww==/com.growME-6JpTeahm4I2XXUFm70F_NA==/lib/arm64:/data/app/~~-t5u8m13U_rnJCdt0h5Aww==/com.growME-6JpTeahm4I2XXUFm70F_NA==/base.apk!/lib/arm64-v8a, permitted_path=/data:/mnt/expand:/data/user/0/com.growME
07-04 09:54:54.026 10439 10476 W OpenGLRenderer: Surface doesn't have any previously queued frames, nothing to readback from
07-04 09:54:54.030  2071  2145 D IntervalStats: Unable to parse usage stats packages: [440]
07-04 09:54:54.033 10439 10476 W OpenGLRenderer: Surface doesn't have any previously queued frames, nothing to readback from
07-04 09:54:54.041  9504  9805 D WM-SystemJobScheduler: Scheduling work ID e183b3ac-6b01-43e2-97f7-c675ca6b248dJob ID 84099
07-04 09:54:54.042 18446 18446 D nativeloader: Load libframework-connectivity-jni.so using APEX ns com_android_tethering for caller /apex/com.android.tethering/javalib/framework-connectivity.jar: ok
07-04 09:54:54.043 18446 18446 I Perf    : Connecting to perf service.
07-04 09:54:54.043 10439 10476 W OpenGLRenderer: Surface doesn't have any previously queued frames, nothing to readback from
07-04 09:54:54.044  2071  5016 D CompatibilityInfo: mCompatibilityFlags - 0
07-04 09:54:54.044  2071  5016 D CompatibilityInfo: applicationDensity - 440
07-04 09:54:54.044  2071  5016 D CompatibilityInfo: applicationScale - 1.0
07-04 09:54:54.048 18477 18477 E Zygote  : process_name_ptr:18477 com.google.android.apps.photos
07-04 09:54:54.050 18446 18446 V GraphicsEnvironment: ANGLE Developer option for 'com.growME' set to: 'default'
07-04 09:54:54.051  9504  9504 D WM-SystemJobService: onStartJob for WorkGenerationalId(workSpecId=e183b3ac-6b01-43e2-97f7-c675ca6b248d, generation=0)
07-04 09:54:54.052 18446 18446 V GraphicsEnvironment: ANGLE GameManagerService for com.growME: false
07-04 09:54:54.052 18446 18446 V GraphicsEnvironment: App is not on the allowlist for updatable production driver.
07-04 09:54:54.053  1776 10487 I OMX-VDEC-1080P: set_frame_rate: the current time is 95454
07-04 09:54:54.054 10439 10476 W OpenGLRenderer: Surface doesn't have any previously queued frames, nothing to readback from
07-04 09:54:54.056  2071  2136 D HeapUsage Monitor: HeapAllocSize : 105MB; monitorSize : 500MB
07-04 09:54:54.058  9504  9805 D WM-GreedyScheduler: Starting tracking for e183b3ac-6b01-43e2-97f7-c675ca6b248d
07-04 09:54:54.059  2071  2145 D IntervalStats: Unable to parse usage stats packages: [440, 502, 503]
07-04 09:54:54.059  9504  9805 D WM-Processor: DjA: processing WorkGenerationalId(workSpecId=e183b3ac-6b01-43e2-97f7-c675ca6b248d, generation=0)
07-04 09:54:54.060 10439 10476 W OpenGLRenderer: Surface doesn't have any previously queued frames, nothing to readback from
07-04 09:54:54.063 18477 18477 I oid.apps.photos: Using CollectorTypeCC GC.
07-04 09:54:54.068 10439 10476 W OpenGLRenderer: Surface doesn't have any previously queued frames, nothing to readback from
07-04 09:54:54.070  2071  2093 D ForceDarkAppConfigProvider: cloudConfigVersion: -1   localConfigVersion:20240126
07-04 09:54:54.070  2071  2093 I UiModeManager: systemserver package:com.growME null
07-04 09:54:54.072 18477 18477 E oid.apps.photos: Not starting debugger since process cannot load the jdwp agent.
07-04 09:54:54.075 18446 18446 I ForceDarkHelperStubImpl: initialize for com.growME , ForceDarkAppConfig: null
07-04 09:54:54.076 10439 10476 W OpenGLRenderer: Surface doesn't have any previously queued frames, nothing to readback from
07-04 09:54:54.076 18446 18446 D nativeloader: Load libforcedarkimpl.so using system ns (caller=/system_ext/framework/miui-framework.jar): ok
07-04 09:54:54.076 18446 18446 D com.growME: JNI_OnLoad success
07-04 09:54:54.076 18446 18446 I MiuiForceDarkConfig: setConfig density:2.750000, mainRule:0, secondaryRule:0, tertiaryRule:0
07-04 09:54:54.078 18446 18446 D NetworkSecurityConfig: No Network Security Config specified, using platform default
07-04 09:54:54.078 18446 18446 D NetworkSecurityConfig: No Network Security Config specified, using platform default
07-04 09:54:54.085 10439 10476 W OpenGLRenderer: Surface doesn't have any previously queued frames, nothing to readback from
07-04 09:54:54.085 18446 18446 D CompatibilityChangeReporter: Compat change id reported: 183155436; UID 10439; state: ENABLED
07-04 09:54:54.086  2071  2145 D IntervalStats: Unable to parse usage stats packages: [502]
07-04 09:54:54.086 18477 18477 D nativeloader: Load libframework-connectivity-tiramisu-jni.so using APEX ns com_android_tethering for caller /apex/com.android.tethering/javalib/framework-connectivity-t.jar: ok
07-04 09:54:54.087  1776 10487 I OMX-VDEC-1080P: set_frame_rate: the current time is 95454
07-04 09:54:54.088  9504  9504 D WM-WorkerWrapper: Starting work for com.whatsapp.messaging.xmpp.XmppLifecycleWorker
07-04 09:54:54.091  9504  9805 D WM-ConstraintTracker: Diy: initial state = NetworkState(isConnected=true, isValidated=true, isMetered=false, isNotRoaming=true)
07-04 09:54:54.091  9504  9805 D WM-NetworkStateTracker: Registering network callback
07-04 09:54:54.094 18477 18477 W System.err: android.system.ErrnoException: open failed: ENOENT (No such file or directory)
07-04 09:54:54.094  2071  2093 D ConnectivityService: requestNetwork for uid/pid:10288/9504 activeRequest: null callbackRequest: 12908 [NetworkRequest [ REQUEST id=12909, [ Capabilities: INTERNET&NOT_RESTRICTED&TRUSTED&NOT_VCN_MANAGED Uid: 10288 RequestorUid: 10288 RequestorPkg: com.whatsapp UnderlyingNetworks: Null] ]] callback flags: 0 order: 2147483647 isUidTracked: false declaredMethods: ALL
07-04 09:54:54.094 18477 18477 W System.err: 	at libcore.io.Linux.open(Native Method)
07-04 09:54:54.095 18477 18477 W System.err: 	at libcore.io.ForwardingOs.open(ForwardingOs.java:563)
07-04 09:54:54.095 18477 18477 W System.err: 	at libcore.io.BlockGuardOs.open(BlockGuardOs.java:274)
07-04 09:54:54.095 18477 18477 W System.err: 	at libcore.io.ForwardingOs.open(ForwardingOs.java:563)
07-04 09:54:54.095 18477 18477 W System.err: 	at android.app.ActivityThread$AndroidOs.open(ActivityThread.java:8381)
07-04 09:54:54.095 18477 18477 W System.err: 	at android.system.Os.open(Os.java:494)
07-04 09:54:54.095 18477 18477 W System.err: 	at android.os.perfdebug.PerfDebugMonitorImpl.monitorVersionControl(PerfDebugMonitorImpl.java:206)
07-04 09:54:54.095  9504  9805 D WM-GreedyScheduler: Constraints met: Scheduling work ID WorkGenerationalId(workSpecId=e183b3ac-6b01-43e2-97f7-c675ca6b248d, generation=0)
07-04 09:54:54.095 18477 18477 W System.err: 	at android.os.perfdebug.PerfDebugMonitorImpl.prepareMonitor(PerfDebugMonitorImpl.java:187)
07-04 09:54:54.095 18477 18477 W System.err: 	at android.app.ActivityThread.main(ActivityThread.java:8468)
07-04 09:54:54.095 18477 18477 W System.err: 	at java.lang.reflect.Method.invoke(Native Method)
07-04 09:54:54.095 18477 18477 W System.err: 	at com.android.internal.os.RuntimeInit$MethodAndArgsCaller.run(RuntimeInit.java:561)
07-04 09:54:54.095 18477 18477 W System.err: 	at com.android.internal.os.ZygoteInit.main(ZygoteInit.java:954)
07-04 09:54:54.096 18477 18477 I MessageMonitor: Load libmiui_runtime
07-04 09:54:54.096 18446 18446 I FirebaseApp: Device unlocked: initializing all Firebase APIs for app [DEFAULT]
07-04 09:54:54.097  9504 10038 D WM-NetworkStateTracker: Network capabilities changed: [ Transports: WIFI Capabilities: NOT_METERED&INTERNET&NOT_RESTRICTED&TRUSTED&NOT_VPN&VALIDATED&NOT_ROAMING&FOREGROUND&NOT_CONGESTED&NOT_SUSPENDED&NOT_VCN_MANAGED LinkUpBandwidth>=142201Kbps LinkDnBandwidth>=35255Kbps TransportInfo: <SSID: <unknown ssid>, BSSID: 02:00:00:00:00:00, MAC: 02:00:00:00:00:00, IP: /192.168.0.101, Security type: 4, Supplicant state: COMPLETED, Wi-Fi standard: 5, RSSI: -63, Link speed: 520Mbps, Tx Link speed: 520Mbps, Max Supported Tx Link speed: 866Mbps, Rx Link speed: 585Mbps, Max Supported Rx Link speed: 866Mbps, Frequency: 5765MHz, Net ID: -1, Metered hint: false, score: 60, isUsable: true, CarrierMerged: false, SubscriptionId: -1, IsPrimary: -1, Trusted: true, Restricted: false, Ephemeral: false, OEM paid: false, OEM private: false, OSU AP: false, FQDN: <none>, Provider friendly name: <none>, Requesting package name: <none><none>MLO Information: , AP MLD Address: <none>, AP MLO Link Id: <none>, AP MLO Affiliated links: <none>> SignalStrength: -63 UnderlyingNetworks: Null]
07-04 09:54:54.098  9504  9805 D WM-Processor: Work WorkGenerationalId(workSpecId=e183b3ac-6b01-43e2-97f7-c675ca6b248d, generation=0) is already enqueued for processing
07-04 09:54:54.103 18446 18446 I FirebaseInitProvider: FirebaseApp initialization successful
07-04 09:54:54.103  2071  2735 D WifiNetworkFactory: got request NetworkRequest [ REQUEST id=12909, [ Capabilities: INTERNET&NOT_RESTRICTED&TRUSTED&NOT_VCN_MANAGED Uid: 10288 RequestorUid: 10288 RequestorPkg: com.whatsapp UnderlyingNetworks: Null] ]
07-04 09:54:54.104  2071  2735 D UntrustedWifiNetworkFactory: got request NetworkRequest [ REQUEST id=12909, [ Capabilities: INTERNET&NOT_RESTRICTED&TRUSTED&NOT_VCN_MANAGED Uid: 10288 RequestorUid: 10288 RequestorPkg: com.whatsapp UnderlyingNetworks: Null] ]
07-04 09:54:54.104  2071  2735 D OemPaidWifiNetworkFactory: got request NetworkRequest [ REQUEST id=12909, [ Capabilities: INTERNET&NOT_RESTRICTED&TRUSTED&NOT_VCN_MANAGED Uid: 10288 RequestorUid: 10288 RequestorPkg: com.whatsapp UnderlyingNetworks: Null] ]
07-04 09:54:54.104  2071  2735 D MultiInternetWifiNetworkFactory: got request NetworkRequest [ REQUEST id=12909, [ Capabilities: INTERNET&NOT_RESTRICTED&TRUSTED&NOT_VCN_MANAGED Uid: 10288 RequestorUid: 10288 RequestorPkg: com.whatsapp UnderlyingNetworks: Null] ]
07-04 09:54:54.105  2071  2762 D ConnectivityService: NetReassign [12909 : null  126] [c 1] [a 0] [i 7]
07-04 09:54:54.106  2071  2093 D SymlinkUtils: attachApplication file op go pass: 1 ms
07-04 09:54:54.106  2071  2093 I SmartPower.com.google.android.apps.photos/10271(18477): died->background(539528ms) R(process start ) adj=-10000.
07-04 09:54:54.110 10439 10476 W OpenGLRenderer: Surface doesn't have any previously queued frames, nothing to readback from
07-04 09:54:54.111 10439 10476 W OpenGLRenderer: Surface doesn't have any previously queued frames, nothing to readback from
07-04 09:54:54.112  2071  2093 D CompatibilityChangeReporter: Compat change id reported: 168419799; UID 10271; state: DISABLED
07-04 09:54:54.112  2071  2093 D CompatibilityInfo: mCompatibilityFlags - 0
07-04 09:54:54.112  2071  2093 D CompatibilityInfo: applicationDensity - 440
07-04 09:54:54.112  2071  2093 D CompatibilityInfo: applicationScale - 1.0
07-04 09:54:54.112 13636 13636 D SidebarLayoutUtils: adjustSidebarY: 460
07-04 09:54:54.112 13636 13636 I SidebarLayoutUtils: getSidebarY, y = 460
07-04 09:54:54.114  2071  2731 I MiuiNetworkPolicy: updateUidState uid = 10271, uidState = 8
07-04 09:54:54.120 13636 13636 I DockWindowManager: saveSidebarBounds: last = [{"l":1072,"t":523,"r":1080,"b":705}]
07-04 09:54:54.120 13636 13636 I DockWindowManagerService: unregisterBroadcast:true
07-04 09:54:54.120 13636 13636 I RegionSamplingImageView: onRegionDarknessChanged, new = true, old = true
07-04 09:54:54.121  1776 10487 I OMX-VDEC-1080P: set_frame_rate: the current time is 95454
07-04 09:54:54.121  2071  2093 D CompatibilityInfo: mCompatibilityFlags - 0
07-04 09:54:54.121  2071  2093 D CompatibilityInfo: applicationDensity - 440
07-04 09:54:54.121  2071  2093 D CompatibilityInfo: applicationScale - 1.0
07-04 09:54:54.121  2071  2145 D IntervalStats: Unable to parse usage stats packages: [504, 505, 506, 507]
07-04 09:54:54.123 10439 10476 W OpenGLRenderer: Surface doesn't have any previously queued frames, nothing to readback from
07-04 09:54:54.125 10439 10476 W OpenGLRenderer: Surface doesn't have any previously queued frames, nothing to readback from
07-04 09:54:54.135 10439 10476 W OpenGLRenderer: Surface doesn't have any previously queued frames, nothing to readback from
07-04 09:54:54.136 18477 18477 D CompatibilityChangeReporter: Compat change id reported: 171979766; UID 10271; state: ENABLED
07-04 09:54:54.143 10439 10476 W OpenGLRenderer: Surface doesn't have any previously queued frames, nothing to readback from
07-04 09:54:54.144 15331 15537 I TRuntime.CctTransportBackend: Making request to: https://firebaselogging.googleapis.com/v0cc/log/batch?format=json_proto3
07-04 09:54:54.151 10439 10476 W OpenGLRenderer: Surface doesn't have any previously queued frames, nothing to readback from
07-04 09:54:54.152  3359 27604 D TaskStackChangeListeners: onTaskDescriptionChanged =  taskId = 5404
07-04 09:54:54.158  3359 27604 D TaskStackChangeListeners: onTaskDescriptionChanged =  taskId = 5404
07-04 09:54:54.159  2071  2145 D IntervalStats: Unable to parse usage stats packages: [507, 509, 510, 512, 513, 514, 515]
07-04 09:54:54.159  1776 10487 I OMX-VDEC-1080P: set_frame_rate: the current time is 95454
07-04 09:54:54.161 10439 10476 W OpenGLRenderer: Surface doesn't have any previously queued frames, nothing to readback from
07-04 09:54:54.162 18452 18452 D nativeloader: Configuring clns-4 for other apk /data/app/~~ChZwqswhIMzAqm-LJvUWYg==/com.xiaomi.discover-opi7h1tHpBo0v-jQCiTuWg==/base.apk. target_sdk_version=34, uses_libraries=, library_path=/data/app/~~ChZwqswhIMzAqm-LJvUWYg==/com.xiaomi.discover-opi7h1tHpBo0v-jQCiTuWg==/lib/arm64:/data/app/~~ChZwqswhIMzAqm-LJvUWYg==/com.xiaomi.discover-opi7h1tHpBo0v-jQCiTuWg==/base.apk!/lib/arm64-v8a, permitted_path=/data:/mnt/expand:/data/user/0/com.xiaomi.discover
07-04 09:54:54.170 10439 10476 W OpenGLRenderer: Surface doesn't have any previously queued frames, nothing to readback from
07-04 09:54:54.171 18446 18446 W libc    : Access denied finding property "ro.vendor.df.effect.conflict"
07-04 09:54:54.177 10439 10476 W OpenGLRenderer: Surface doesn't have any previously queued frames, nothing to readback from
07-04 09:54:54.182  2071  2071 D UiModeManager: updateConfigurationLocked: mDockState=0; mCarMode=false; mCar=false; mPowerSave=false; mComputedNightMode=true; mNightMode=2; uiMode=33
07-04 09:54:54.182  3297  3297 D DynamicService_WifiBt:  ACTION_BATTERY_CHANGED change,USB plug = 1
07-04 09:54:54.183  3254  3254 D QtiCarrierConfigHelper: WARNING, no carrier configs on phone Id: 0
07-04 09:54:54.183 18446 18446 D IS_CTS_MODE: false
07-04 09:54:54.183 18446 18446 D MULTI_WINDOW_ENABLED: false
07-04 09:54:54.184 10439 10476 W OpenGLRenderer: Surface doesn't have any previously queued frames, nothing to readback from
07-04 09:54:54.185  2071  2149 I SmartPower.com.digibites.accubattery/10320(14052): idle->background(5139ms) R(broadcast start Intent { act=android.intent.action.BATTERY_CHANGED flg=0x60000010 (has extras) }) adj=200.
07-04 09:54:54.186  6915  6915 I PowerSaveService: onReceive: android.intent.action.BATTERY_CHANGED
07-04 09:54:54.186  2071  2149 I SmartPower.com.facebook.orca/10312(15131): idle->background(5139ms) R(broadcast start Intent { act=android.intent.action.BATTERY_CHANGED flg=0x60000010 (has extras) }) adj=925.
07-04 09:54:54.187  2071  2149 I SmartPower.com.google.android.youtube/10212(15132): idle->background(5138ms) R(broadcast start Intent { act=android.intent.action.BATTERY_CHANGED flg=0x60000010 (has extras) }) adj=915.
07-04 09:54:54.188  2071  2149 I SmartPower.com.tokopedia.tkpd/10290(15133): idle->background(5138ms) R(broadcast start Intent { act=android.intent.action.BATTERY_CHANGED flg=0x60000010 (has extras) }) adj=925.
07-04 09:54:54.188  3243  3243 V DeviceStatisticsService: chargerType=1 batteryLevel=100 totalBatteryCapacity=3541000
07-04 09:54:54.189  6915  6915 I PowerNoticeUI: handleBatteryChanged oldPlugType 1 mPlugType 1 oldBatteryLevel 100 mBatteryLevel 100 temperature 355
07-04 09:54:54.189  1052  2134 E CamX    : [ERROR][NCS    ] camxncsservice.cpp:680 EnqueueJob() Can not enqueue jobs when thread is stopped
07-04 09:54:54.189  1052  2134 W CamX    : [ WARN][NCS    ] camxncsintfqsee.cpp:2701 FillSensorData() Buffer queue for sensor 7 has been freed: bufh=0x0, bufsize=1248, stride=4
07-04 09:54:54.189  7696  7836 D PowerCheckerService: onBatteryChanged, mBatteryLevel = 100, status = 5, level = 100, plug = 1, scale = 100
07-04 09:54:54.191  2071  2149 I SmartPower.com.tokopedia.sellerapp/10351(15638): idle->background(5142ms) R(broadcast start Intent { act=android.intent.action.BATTERY_CHANGED flg=0x60000010 (has extras) }) adj=965.
07-04 09:54:54.189  6915  6915 I ChargerBatteryIntelligenceReceiver: onBatteryChanged temperature35,plugType:1
07-04 09:54:54.192  6915  6915 I PowerFeatureUtils: getVendorName:qcom
07-04 09:54:54.193  1776 10487 I OMX-VDEC-1080P: set_frame_rate: the current time is 95454
07-04 09:54:54.194 10439 10476 W OpenGLRenderer: Surface doesn't have any previously queued frames, nothing to readback from
07-04 09:54:54.194 18446 18446 D DecorView[]: getWindowModeFromSystem  windowmode is 1
07-04 09:54:54.195  6915  7206 I android_os_HwBinder: HwBinder: Starting thread pool for getting: vendor.xiaomi.hardware.micharge@1.0::IMiCharge/default
07-04 09:54:54.195  2071  2149 I SmartPower.com.android.chrome/10209(16142): idle->background(5144ms) R(broadcast start Intent { act=android.intent.action.BATTERY_CHANGED flg=0x60000010 (has extras) }) adj=915.
07-04 09:54:54.195  1092 14865 I vendor.xiaomi.hardware.micharge@1.0-service: ReadFilePathValue path = /sys/class/power_supply/battery/night_charging value = 0
07-04 09:54:54.195  2071  2149 I SmartPower.com.miui.android.fashiongallery/10266(16482): idle->background(5143ms) R(broadcast start Intent { act=android.intent.action.BATTERY_CHANGED flg=0x60000010 (has extras) }) adj=925.
07-04 09:54:54.196  2071  2149 I SmartPower.com.instagram.barcelona/10362(16609): idle->background(5144ms) R(broadcast start Intent { act=android.intent.action.BATTERY_CHANGED flg=0x60000010 (has extras) }) adj=945.
07-04 09:54:54.196  2071  2149 I SmartPower.com.facebook.katana/10282(17224): idle->background(5144ms) R(broadcast start Intent { act=android.intent.action.BATTERY_CHANGED flg=0x60000010 (has extras) }) adj=945.
07-04 09:54:54.198 18446 18491 W com.growME: ClassLoaderContext classpath size mismatch. expected=1, found=0 (DLC[];PCL[base.apk*47260389]{PCL[/system/framework/org.apache.http.legacy.jar*1414085461]#PCL[/system/framework/com.android.media.remotedisplay.jar*3886290638]#PCL[/system/framework/com.android.location.provider.jar*3868789109]#PCL[/system/framework/org.apache.http.legacy.jar*1414085461]} | DLC[];PCL[])
07-04 09:54:54.201 18446 18491 I DynamiteModule: Considering local module com.google.android.gms.measurement.dynamite:105 and remote module com.google.android.gms.measurement.dynamite:151
07-04 09:54:54.201 18446 18491 I DynamiteModule: Selected remote version of com.google.android.gms.measurement.dynamite, version >= 151
07-04 09:54:54.201 18446 18491 V DynamiteModule: Dynamite loader version >= 2, using loadModule2NoCrashUtils
07-04 09:54:54.201  6915  7206 I ChargeProtectionUtils: getNightChargingState: 0
07-04 09:54:54.201  3359 12005 D TaskStackChangeListeners: onTaskDescriptionChanged =  taskId = 5404
07-04 09:54:54.201 10439 10476 W OpenGLRenderer: Surface doesn't have any previously queued frames, nothing to readback from
07-04 09:54:54.202  3359  3359 D Launcher_UnlockAnimationStateMachine: mResetIdleStateRunnable
07-04 09:54:54.202  7696  7836 D PowerKeeper.Thermal: mBatteryTemperature: 35
07-04 09:54:54.208  2071  2145 D IntervalStats: Unable to parse usage stats packages: [515, 520, 521, 522, 523, 524, 525, 526, 527, 528]
07-04 09:54:54.209  2071  6128 D CompatibilityChangeReporter: Compat change id reported: 161145287; UID 10439; state: DISABLED
07-04 09:54:54.210 10439 10476 W OpenGLRenderer: Surface doesn't have any previously queued frames, nothing to readback from
07-04 09:54:54.215 10439 10476 W OpenGLRenderer: Surface doesn't have any previously queued frames, nothing to readback from
07-04 09:54:54.220 18452 18452 D nativeloader: Load libframework-connectivity-jni.so using APEX ns com_android_tethering for caller /apex/com.android.tethering/javalib/framework-connectivity.jar: ok
07-04 09:54:54.220  2071  2731 I MiuiNetworkPolicy: updateUidState uid = 10288, uidState = 8
07-04 09:54:54.220  1776 10487 I OMX-VDEC-1080P: set_frame_rate: the current time is 95454
07-04 09:54:54.225 10439 10476 W OpenGLRenderer: Surface doesn't have any previously queued frames, nothing to readback from
07-04 09:54:54.232 18452 18452 I Perf    : Connecting to perf service.
07-04 09:54:54.232 10439 10476 W OpenGLRenderer: Surface doesn't have any previously queued frames, nothing to readback from
07-04 09:54:54.233 18446 18491 W System  : ClassLoader referenced unknown path: 
07-04 09:54:54.237 18477 18477 D nativeloader: Configuring clns-4 for other apk /system/framework/org.apache.http.legacy.jar. target_sdk_version=36, uses_libraries=ALL, library_path=/data/app/~~OC7JEpRkHUXxLCgLP7X2eg==/com.google.android.apps.photos-vRwxXchh32qJ546PmPdEjw==/lib/arm64:/data/app/~~OC7JEpRkHUXxLCgLP7X2eg==/com.google.android.apps.photos-vRwxXchh32qJ546PmPdEjw==/base.apk!/lib/arm64-v8a:/data/app/~~OC7JEpRkHUXxLCgLP7X2eg==/com.google.android.apps.photos-vRwxXchh32qJ546PmPdEjw==/split_config.arm64_v8a.apk!/lib/arm64-v8a:/data/app/~~OC7JEpRkHUXxLCgLP7X2eg==/com.google.android.apps.photos-vRwxXchh32qJ546PmPdEjw==/split_config.en.apk!/lib/arm64-v8a:/data/app/~~OC7JEpRkHUXxLCgLP7X2eg==/com.google.android.apps.photos-vRwxXchh32qJ546PmPdEjw==/split_config.xxhdpi.apk!/lib/arm64-v8a, permitted_path=/data:/mnt/expand:/data/user/0/com.google.android.apps.photos
07-04 09:54:54.237 18477 18477 D nativeloader: Extending system_exposed_libraries: libbinauralrenderer_wrapper.qti.so:libhoaeffects.qti.so:libQOC.qti.so:libmisys_jni.xiaomi.so:libxiaomi_modemdumpsdx55_jni.modem.so:libxiaomi_modemdump_jni.modem.so:libupdateprof.qti.so:libthermalclient.qti.so:libQOC.qti.so:libdiag_system.qti.so:libqape.qti.so:liblistenjni.qti.so
07-04 09:54:54.241 10439 10476 W OpenGLRenderer: Surface doesn't have any previously queued frames, nothing to readback from
07-04 09:54:54.241 18452 18452 V GraphicsEnvironment: ANGLE Developer option for 'com.xiaomi.discover' set to: 'default'
07-04 09:54:54.242 18452 18452 V GraphicsEnvironment: ANGLE GameManagerService for com.xiaomi.discover: false
07-04 09:54:54.242 18452 18452 V GraphicsEnvironment: App is not on the allowlist for updatable production driver.
07-04 09:54:54.248 10439 10476 W OpenGLRenderer: Surface doesn't have any previously queued frames, nothing to readback from
07-04 09:54:54.248 18452 18452 I ForceDarkHelperStubImpl: initialize for com.xiaomi.discover , ForceDarkOrigin
07-04 09:54:54.250 18452 18452 D nativeloader: Load libforcedarkimpl.so using system ns (caller=/system_ext/framework/miui-framework.jar): ok
07-04 09:54:54.250 18452 18452 D xiaomi.discover: JNI_OnLoad success
07-04 09:54:54.250 18452 18452 I MiuiForceDarkConfig: setConfig density:2.750000, mainRule:0, secondaryRule:0, tertiaryRule:0
07-04 09:54:54.253 18452 18452 D NetworkSecurityConfig: Using Network Security Config from resource network_security_config debugBuild: false
07-04 09:54:54.253  1776 10487 I OMX-VDEC-1080P: set_frame_rate: the current time is 95454
07-04 09:54:54.256 18452 18452 D NetworkSecurityConfig: Using Network Security Config from resource network_security_config debugBuild: false
07-04 09:54:54.257 10439 10476 W OpenGLRenderer: Surface doesn't have any previously queued frames, nothing to readback from
07-04 09:54:54.260 18446 18507 D nativeloader: Load /data/app/~~-t5u8m13U_rnJCdt0h5Aww==/com.growME-6JpTeahm4I2XXUFm70F_NA==/base.apk!/lib/arm64-v8a/libflutter.so using ns clns-4 from class loader (caller=/data/app/~~-t5u8m13U_rnJCdt0h5Aww==/com.growME-6JpTeahm4I2XXUFm70F_NA==/base.apk): ok
07-04 09:54:54.261 18446 18491 D nativeloader: Configuring clns-5 for other apk . target_sdk_version=36, uses_libraries=, library_path=/data/app/~~upNWA7OdzWU6ghYqWRY0cQ==/com.google.android.gms-ywhP0rNeteCkJkY-4g3N_Q==/lib/arm64:/data/app/~~upNWA7OdzWU6ghYqWRY0cQ==/com.google.android.gms-ywhP0rNeteCkJkY-4g3N_Q==/base.apk!/lib/arm64-v8a, permitted_path=/data:/mnt/expand:/data/user/0/com.google.android.gms
07-04 09:54:54.265 10439 10476 W OpenGLRenderer: Surface doesn't have any previously queued frames, nothing to readback from
07-04 09:54:54.273 10439 10476 W OpenGLRenderer: Surface doesn't have any previously queued frames, nothing to readback from
07-04 09:54:54.281 10439 10476 W OpenGLRenderer: Surface doesn't have any previously queued frames, nothing to readback from
07-04 09:54:54.286  1776 10487 I OMX-VDEC-1080P: set_frame_rate: the current time is 95454
07-04 09:54:54.290 10439 10476 W OpenGLRenderer: Surface doesn't have any previously queued frames, nothing to readback from
07-04 09:54:54.297 10439 10476 W OpenGLRenderer: Surface doesn't have any previously queued frames, nothing to readback from
07-04 09:54:54.309 10439 10476 W OpenGLRenderer: Surface doesn't have any previously queued frames, nothing to readback from
07-04 09:54:54.309 13636 13636 I RegionSamplingImageView: onRegionDarknessChanged, new = true, old = true
07-04 09:54:54.313 10439 10476 W OpenGLRenderer: Surface doesn't have any previously queued frames, nothing to readback from
07-04 09:54:54.320  1776 10487 I OMX-VDEC-1080P: set_frame_rate: the current time is 95454
07-04 09:54:54.322 10439 10476 W OpenGLRenderer: Surface doesn't have any previously queued frames, nothing to readback from
07-04 09:54:54.330 10439 10476 W OpenGLRenderer: Surface doesn't have any previously queued frames, nothing to readback from
07-04 09:54:54.338 10439 10476 W OpenGLRenderer: Surface doesn't have any previously queued frames, nothing to readback from
07-04 09:54:54.345 18477 18477 W ziparchive: Unable to open '/data/app/~~OC7JEpRkHUXxLCgLP7X2eg==/com.google.android.apps.photos-vRwxXchh32qJ546PmPdEjw==/split_config.arm64_v8a.dm': No such file or directory
07-04 09:54:54.346 18477 18477 W ziparchive: Unable to open '/data/app/~~OC7JEpRkHUXxLCgLP7X2eg==/com.google.android.apps.photos-vRwxXchh32qJ546PmPdEjw==/split_config.arm64_v8a.dm': No such file or directory
07-04 09:54:54.346 10439 10476 W OpenGLRenderer: Surface doesn't have any previously queued frames, nothing to readback from
07-04 09:54:54.350 18477 18477 W oid.apps.photos: Entry not found
07-04 09:54:54.351 18477 18477 W ziparchive: Unable to open '/data/app/~~OC7JEpRkHUXxLCgLP7X2eg==/com.google.android.apps.photos-vRwxXchh32qJ546PmPdEjw==/split_config.en.dm': No such file or directory
07-04 09:54:54.351 18477 18477 W ziparchive: Unable to open '/data/app/~~OC7JEpRkHUXxLCgLP7X2eg==/com.google.android.apps.photos-vRwxXchh32qJ546PmPdEjw==/split_config.en.dm': No such file or directory
07-04 09:54:54.353 18477 18477 W oid.apps.photos: Entry not found
07-04 09:54:54.354 18477 18477 W ziparchive: Unable to open '/data/app/~~OC7JEpRkHUXxLCgLP7X2eg==/com.google.android.apps.photos-vRwxXchh32qJ546PmPdEjw==/split_config.xxhdpi.dm': No such file or directory
07-04 09:54:54.354 18477 18477 W ziparchive: Unable to open '/data/app/~~OC7JEpRkHUXxLCgLP7X2eg==/com.google.android.apps.photos-vRwxXchh32qJ546PmPdEjw==/split_config.xxhdpi.dm': No such file or directory
07-04 09:54:54.355  1776 10487 I OMX-VDEC-1080P: set_frame_rate: the current time is 95454
07-04 09:54:54.356 10439 10476 W OpenGLRenderer: Surface doesn't have any previously queued frames, nothing to readback from
07-04 09:54:54.356 18477 18477 W oid.apps.photos: Entry not found
07-04 09:54:54.356 18477 18477 D nativeloader: Configuring clns-5 for other apk /data/app/~~OC7JEpRkHUXxLCgLP7X2eg==/com.google.android.apps.photos-vRwxXchh32qJ546PmPdEjw==/base.apk:/data/app/~~OC7JEpRkHUXxLCgLP7X2eg==/com.google.android.apps.photos-vRwxXchh32qJ546PmPdEjw==/split_config.arm64_v8a.apk:/data/app/~~OC7JEpRkHUXxLCgLP7X2eg==/com.google.android.apps.photos-vRwxXchh32qJ546PmPdEjw==/split_config.en.apk:/data/app/~~OC7JEpRkHUXxLCgLP7X2eg==/com.google.android.apps.photos-vRwxXchh32qJ546PmPdEjw==/split_config.xxhdpi.apk. target_sdk_version=36, uses_libraries=libOpenCL.so:libcdsprpc.so:libOpenCL.so, library_path=/data/app/~~OC7JEpRkHUXxLCgLP7X2eg==/com.google.android.apps.photos-vRwxXchh32qJ546PmPdEjw==/lib/arm64:/data/app/~~OC7JEpRkHUXxLCgLP7X2eg==/com.google.android.apps.photos-vRwxXchh32qJ546PmPdEjw==/base.apk!/lib/arm64-v8a:/data/app/~~OC7JEpRkHUXxLCgLP7X2eg==/com.google.android.apps.photos-vRwxXchh32qJ546PmPdEjw==/split_config.arm64_v8a.apk!/lib/arm64-v8a:/data/app/~~OC7JEpRkHUXxLCgLP7X2eg==/com.google.android.apps.photos-vRwxXchh32qJ546PmPdEjw
07-04 09:54:54.363 10439 10476 W OpenGLRenderer: Surface doesn't have any previously queued frames, nothing to readback from
07-04 09:54:54.369 18452 18452 D AppActiveReceiver: receive app active broadcast for: com.growME, install from: null
07-04 09:54:54.371 10439 10476 W OpenGLRenderer: Surface doesn't have any previously queued frames, nothing to readback from
07-04 09:54:54.371  2071  6128 I ActivityManager: Background started FGS: Allowed [callingPackage: com.xiaomi.discover; callingUid: 10164; uidState: RCVR; intent: Intent { cmp=com.xiaomi.discover/com.xiaomi.market.service.AppActiveStatService (has extras) }; code:SYSTEM_ALERT_WINDOW_PERMISSION; tempAllowListReason:<,reasonCode:SYSTEM_ALLOW_LISTED,duration:9223372036854775807,callingUid:-1>; targetSdkVersion:34; callerTargetSdkVersion:34; startForegroundCount:0; bindFromPackage:null]
07-04 09:54:54.372  2071  2149 I DropBoxManagerService: add tag=system_server_wtf isTagEnabled=true flags=0x2
07-04 09:54:54.372  2071  6128 D CompatibilityInfo: mCompatibilityFlags - 0
07-04 09:54:54.372  2071  6128 D CompatibilityInfo: applicationDensity - 440
07-04 09:54:54.372  2071  6128 D CompatibilityInfo: applicationScale - 1.0
07-04 09:54:54.376  2071  4065 I ActivityManager: com.xiaomi.mipicks is exempt from freezer
07-04 09:54:54.376  2071  2103 D MediaProjectionManagerServiceStubImpl: handleForegroundServicesChanged
07-04 09:54:54.376  2071  4065 D CompatibilityChangeReporter: Compat change id reported: 135634846; UID 10187; state: DISABLED
07-04 09:54:54.376  2071  4065 D CompatibilityChangeReporter: Compat change id reported: 177438394; UID 10187; state: DISABLED
07-04 09:54:54.376  2071  4065 D CompatibilityChangeReporter: Compat change id reported: 135772972; UID 10187; state: DISABLED
07-04 09:54:54.376  2071  4065 D CompatibilityChangeReporter: Compat change id reported: 135754954; UID 10187; state: ENABLED
07-04 09:54:54.376  2071  2150 D CompatibilityChangeReporter: Compat change id reported: 143937733; UID 10187; state: ENABLED
07-04 09:54:54.377  2071  2731 I MiuiNetworkPolicy: updateUidState uid = 10164, uidState = 4
07-04 09:54:54.378 18452 18452 I SystemUpdate-AppActiveStatService: start forground service
07-04 09:54:54.380 10439 10476 W OpenGLRenderer: Surface doesn't have any previously queued frames, nothing to readback from
07-04 09:54:54.380  7300 11051 D PMonitor:  onProcessDied:pid = 18452,died-uid=10164
07-04 09:54:54.383   904   904 D Zygote  : Forked child process 18515
07-04 09:54:54.384  2071  2150 D Boost   : hostingType=broadcast, hostingName={com.xiaomi.mipicks/com.xiaomi.market.receiver.AppActiveReceiver}, callerPackage=android, isSystem=true, isBoostNeeded=false.
07-04 09:54:54.384  2071  2150 I ActivityManager: Start proc 18515:com.xiaomi.mipicks/u0a187 for broadcast {com.xiaomi.mipicks/com.xiaomi.market.receiver.AppActiveReceiver} caller=android
07-04 09:54:54.388 10439 10476 W OpenGLRenderer: Surface doesn't have any previously queued frames, nothing to readback from
07-04 09:54:54.388  1776 10487 I OMX-VDEC-1080P: set_frame_rate: the current time is 95454
07-04 09:54:54.388  1052  2134 E CamX    : [ERROR][NCS    ] camxncsservice.cpp:680 EnqueueJob() Can not enqueue jobs when thread is stopped
07-04 09:54:54.388  1052  2134 W CamX    : [ WARN][NCS    ] camxncsintfqsee.cpp:2701 FillSensorData() Buffer queue for sensor 7 has been freed: bufh=0x0, bufsize=1248, stride=4
07-04 09:54:54.396 18452 18511 I SystemUpdate-LocalAppManager: load local apps from system : begin
07-04 09:54:54.396 18452 18452 D CompatibilityChangeReporter: Compat change id reported: 160794467; UID 10164; state: ENABLED
07-04 09:54:54.397 10439 10476 W OpenGLRenderer: Surface doesn't have any previously queued frames, nothing to readback from
07-04 09:54:54.400 18515 18515 E Zygote  : process_name_ptr:18515 com.xiaomi.mipicks
07-04 09:54:54.401  2071  6128 W ActivityManager: Foreground service started from background can not have location/camera/microphone access: service com.xiaomi.discover/com.xiaomi.market.service.AppActiveStatService
07-04 09:54:54.402  7300 11051 D PMonitor:  onProcessDied:pid = 18452,died-uid=10164
07-04 09:54:54.404  2071  2103 D MediaProjectionManagerServiceStubImpl: handleForegroundServicesChanged
07-04 09:54:54.406 10439 10476 W OpenGLRenderer: Surface doesn't have any previously queued frames, nothing to readback from
07-04 09:54:54.407 18515 18515 I .xiaomi.mipicks: Using CollectorTypeCC GC.
07-04 09:54:54.410 18515 18515 E .xiaomi.mipicks: Not starting debugger since process cannot load the jdwp agent.
07-04 09:54:54.412 18452 18514 I Ad      : isPersonalizedAdEnabled getAdSettings: 3
07-04 09:54:54.413 10439 10476 W OpenGLRenderer: Surface doesn't have any previously queued frames, nothing to readback from
07-04 09:54:54.413 18515 18515 D nativeloader: Load libframework-connectivity-tiramisu-jni.so using APEX ns com_android_tethering for caller /apex/com.android.tethering/javalib/framework-connectivity-t.jar: ok
07-04 09:54:54.416 18515 18515 W System.err: android.system.ErrnoException: open failed: ENOENT (No such file or directory)
07-04 09:54:54.417 18515 18515 W System.err: 	at libcore.io.Linux.open(Native Method)
07-04 09:54:54.417 18515 18515 W System.err: 	at libcore.io.ForwardingOs.open(ForwardingOs.java:563)
07-04 09:54:54.417 18515 18515 W System.err: 	at libcore.io.BlockGuardOs.open(BlockGuardOs.java:274)
07-04 09:54:54.417 18515 18515 W System.err: 	at libcore.io.ForwardingOs.open(ForwardingOs.java:563)
07-04 09:54:54.417 18515 18515 W System.err: 	at android.app.ActivityThread$AndroidOs.open(ActivityThread.java:8381)
07-04 09:54:54.417 18515 18515 W System.err: 	at android.system.Os.open(Os.java:494)
07-04 09:54:54.417 18515 18515 W System.err: 	at android.os.perfdebug.PerfDebugMonitorImpl.monitorVersionControl(PerfDebugMonitorImpl.java:206)
07-04 09:54:54.417 18515 18515 W System.err: 	at android.os.perfdebug.PerfDebugMonitorImpl.prepareMonitor(PerfDebugMonitorImpl.java:187)
07-04 09:54:54.417 18515 18515 W System.err: 	at android.app.ActivityThread.main(ActivityThread.java:8468)
07-04 09:54:54.417 18515 18515 W System.err: 	at java.lang.reflect.Method.invoke(Native Method)
07-04 09:54:54.417 18515 18515 W System.err: 	at com.android.internal.os.RuntimeInit$MethodAndArgsCaller.run(RuntimeInit.java:561)
07-04 09:54:54.417 18515 18515 W System.err: 	at com.android.internal.os.ZygoteInit.main(ZygoteInit.java:954)
07-04 09:54:54.417 18515 18515 I MessageMonitor: Load libmiui_runtime
07-04 09:54:54.420  2071  4965 D SymlinkUtils: attachApplication file op go pass: 0 ms
07-04 09:54:54.421 10439 10476 W OpenGLRenderer: Surface doesn't have any previously queued frames, nothing to readback from
07-04 09:54:54.421  1776 10487 I OMX-VDEC-1080P: set_frame_rate: the current time is 95454
07-04 09:54:54.424  2071  4965 I SmartPower.com.xiaomi.mipicks/10187(18515): died->background(437972ms) R(process start ) adj=-10000.
07-04 09:54:54.426 18477 18477 D nativeloader: Load libframework-connectivity-jni.so using APEX ns com_android_tethering for caller /apex/com.android.tethering/javalib/framework-connectivity.jar: ok
07-04 09:54:54.427  2071  4965 D CompatibilityChangeReporter: Compat change id reported: 168419799; UID 10187; state: DISABLED
07-04 09:54:54.427  2071  4965 D CompatibilityInfo: mCompatibilityFlags - 0
07-04 09:54:54.427  2071  4965 D CompatibilityInfo: applicationDensity - 440
07-04 09:54:54.427  2071  4965 D CompatibilityInfo: applicationScale - 1.0
07-04 09:54:54.429 18477 18477 I Perf    : Connecting to perf service.
07-04 09:54:54.431  2071  2731 I MiuiNetworkPolicy: updateUidState uid = 10187, uidState = 11
07-04 09:54:54.431 18452 18528 D AdvertisingProxy: limit ad tracking enabled is false
07-04 09:54:54.433  2071  4965 D CompatibilityInfo: mCompatibilityFlags - 0
07-04 09:54:54.433  2071  4965 D CompatibilityInfo: applicationDensity - 440
07-04 09:54:54.433  2071  4965 D CompatibilityInfo: applicationScale - 1.0
07-04 09:54:54.434 10439 10476 W OpenGLRenderer: Surface doesn't have any previously queued frames, nothing to readback from
07-04 09:54:54.437 18515 18515 D CompatibilityChangeReporter: Compat change id reported: 171979766; UID 10187; state: ENABLED
07-04 09:54:54.437 10439 10476 W OpenGLRenderer: Surface doesn't have any previously queued frames, nothing to readback from
07-04 09:54:54.440 18477 18477 V GraphicsEnvironment: ANGLE Developer option for 'com.google.android.apps.photos' set to: 'default'
07-04 09:54:54.440 18477 18477 V GraphicsEnvironment: ANGLE GameManagerService for com.google.android.apps.photos: false
07-04 09:54:54.440 18477 18477 V GraphicsEnvironment: App is not on the allowlist for updatable production driver.
07-04 09:54:54.446 18477 18477 I ForceDarkHelperStubImpl: initialize for com.google.android.apps.photos , ForceDarkOrigin
07-04 09:54:54.446 10439 10476 W OpenGLRenderer: Surface doesn't have any previously queued frames, nothing to readback from
07-04 09:54:54.447 18477 18477 D nativeloader: Load libforcedarkimpl.so using system ns (caller=/system_ext/framework/miui-framework.jar): ok
07-04 09:54:54.447 18477 18477 D oid.apps.photos: JNI_OnLoad success
07-04 09:54:54.447 18477 18477 I MiuiForceDarkConfig: setConfig density:2.750000, mainRule:0, secondaryRule:0, tertiaryRule:0
07-04 09:54:54.450  3359  3359 W DimLayer: removeDimLayer
